pages/art/l/Be-No-Peace.md
---
name: Be No Peace Until the Feast
path: "/assets/img/art/Be-No-Peace.jpg"
date: 2020-04-01
number: 0
previous: 
next: pages/art/l/Burn-ya-skin-off.md
---

pages/art/l/Burn-ya-skin-off.md
---
name: Burn Ya Skin Off!
path: "/assets/img/art/Burn-ya-skin-off.jpg"
date: 2020-04-02
number: 1
previous: pages/art/l/Be-No-Peace.md
next: pages/art/l/Hypnotic-Erotic.md
---

pages/art/l/Hypnotic-Erotic.md
---
name: Hypnotic Erotic
path: "/assets/img/art/Hypnotic-Erotic.jpg"
date: 2020-04-03
number: 2
previous: pages/art/l/Burn-ya-skin-off.md
next: pages/art/l/King-Spook-Totem3.md
---

pages/art/l/King-Spook-Totem3.md
---
name: Door No 1 or Door No 2?
path: "/assets/img/art/King-Spook-Totem3.jpg"
date: 2020-04-04
number: 3
previous: pages/art/l/Hypnotic-Erotic.md
next: pages/art/l/Mixed-Sketch.md
---

pages/art/l/Mixed-Sketch.md
---
name: Out/In
path: "/assets/img/art/Mixed-Sketch.jpg"
date: 2020-04-05
number: 4
previous: pages/art/l/King-Spook-Totem3.md
next: pages/art/l/Psychic-Panhandler.md
---

pages/art/l/Psychic-Panhandler.md
---
name: Psychic Panhandler
path: "/assets/img/art/Psychic-Panhandler.jpg"
date: 2020-04-06
number: 5
previous: pages/art/l/Mixed-Sketch.md
next: pages/art/l/Serious-Friend.md
---

pages/art/l/Serious-Friend.md
---
name: I'm not Serious
path: "/assets/img/art/Serious-Friend.jpg"
date: 2020-04-07
number: 6
previous: pages/art/l/Psychic-Panhandler.md
next: pages/art/l/To-moon.md
---

pages/art/l/To-moon.md
---
name: To Moon
path: "/assets/img/art/To-moon.jpg"
date: 2020-04-08
number: 7
previous: pages/art/l/Serious-Friend.md
next: pages/art/l/Totem-and-star.md
---

pages/art/l/Totem-and-star.md
---
name: Totem and Star
path: "/assets/img/art/Totem-and-star.jpg"
date: 2020-04-09
number: 8
previous: pages/art/l/To-moon.md
next: pages/art/l/angel-dragons-color.md
---

pages/art/l/angel-dragons-color.md
---
name: Angel
path: "/assets/img/art/angel-dragons-color.jpg"
date: 2020-04-10
number: 9
previous: pages/art/l/Totem-and-star.md
next: pages/art/l/arrows-complex.md
---

pages/art/l/arrows-complex.md
---
name: Arrows
path: "/assets/img/art/arrows-complex.jpg"
date: 2020-04-11
number: 10
previous: pages/art/l/angel-dragons-color.md
next: pages/art/l/babybomb-color.md
---

pages/art/l/babybomb-color.md
---
name: Canon Bomb
path: "/assets/img/art/babybomb-color.jpg"
date: 2020-04-12
number: 11
previous: pages/art/l/arrows-complex.md
next: pages/art/l/casual-space-shock.md
---

pages/art/l/casual-space-shock.md
---
name: Casual Space Shock
path: "/assets/img/art/casual-space-shock.jpg"
date: 2020-04-13
number: 12
previous: pages/art/l/babybomb-color.md
next: pages/art/l/constrained.md
---

pages/art/l/constrained.md
---
name: Constrained
path: "/assets/img/art/constrained.jpg"
date: 2020-04-14
number: 13
previous: pages/art/l/casual-space-shock.md
next: pages/art/l/dragon-moon-king-spook.md
---

pages/art/l/dragon-moon-king-spook.md
---
name: Dragon and Smoking Moon
path: "/assets/img/art/dragon-moon-king-spook.jpg"
date: 2020-04-15
number: 14
previous: pages/art/l/constrained.md
next: pages/art/l/eye-within-flower-drawing.md
---

pages/art/l/eye-within-flower-drawing.md
---
name: Flower Eye
path: "/assets/img/art/eye-within-flower-drawing.jpg"
date: 2020-04-16
number: 15
previous: pages/art/l/dragon-moon-king-spook.md
next: pages/art/l/faces-complex-drawing.md
---

pages/art/l/faces-complex-drawing.md
---
name: Faces
path: "/assets/img/art/faces-complex-drawing.jpg"
date: 2020-04-17
number: 16
previous: pages/art/l/eye-within-flower-drawing.md
next: pages/art/l/fire-and-skulls.md
---

pages/art/l/fire-and-skulls.md
---
name: Fox
path: "/assets/img/art/fire-and-skulls.jpg"
date: 2020-04-18
number: 17
previous: pages/art/l/faces-complex-drawing.md
next: pages/art/l/kingspook-color.md
---

pages/art/l/kingspook-color.md
---
name: Kingspook
path: "/assets/img/art/kingspook-color.jpg"
date: 2020-04-19
number: 18
previous: pages/art/l/fire-and-skulls.md
next: pages/art/l/kingspook-complex-drawing.md
---

pages/art/l/kingspook-complex-drawing.md
---
name: Kingspook Etc.
path: "/assets/img/art/kingspook-complex-drawing.jpg"
date: 2020-04-20
number: 19
previous: pages/art/l/kingspook-color.md
next: pages/art/l/lady-searches.md
---

pages/art/l/lady-searches.md
---
name: Lady Searches For a Lover
path: "/assets/img/art/lady-searches.jpg"
date: 2020-04-21
number: 20
previous: pages/art/l/kingspook-complex-drawing.md
next: pages/art/l/life-is-drawing.md
---

pages/art/l/life-is-drawing.md
---
name: This That Life Is
path: "/assets/img/art/life-is-drawing.jpg"
date: 2020-04-22
number: 21
previous: pages/art/l/lady-searches.md
next: pages/art/l/lizard-wizard.md
---

pages/art/l/lizard-wizard.md
---
name: The Lizard Wizard
path: "/assets/img/art/lizard-wizard.jpg"
date: 2020-04-23
number: 22
previous: pages/art/l/life-is-drawing.md
next: pages/art/l/looking-outward.md
---

pages/art/l/looking-outward.md
---
name: Looking Outwards
path: "/assets/img/art/looking-outward.jpg"
date: 2020-04-24
number: 23
previous: pages/art/l/lizard-wizard.md
next: pages/art/l/man-with-knife.md
---

pages/art/l/man-with-knife.md
---
name: Man With Knife
path: "/assets/img/art/man-with-knife.jpg"
date: 2020-04-25
number: 24
previous: pages/art/l/looking-outward.md
next: pages/art/l/misunderstand.md
---

pages/art/l/misunderstand.md
---
name: Misunderstand Me
path: "/assets/img/art/misunderstand.jpg"
date: 2020-04-26
number: 25
previous: pages/art/l/man-with-knife.md
next: pages/art/l/poem-with-kitty.md
---

pages/art/l/poem-with-kitty.md
---
name: Suitcase Beside the Door
path: "/assets/img/art/poem-with-kitty.jpg"
date: 2020-04-27
number: 26
previous: pages/art/l/misunderstand.md
next: pages/art/l/poster.md
---

pages/art/l/poster.md
---
name: Soapy Smith's July 29
path: "/assets/img/art/poster.jpg"
date: 2020-04-28
number: 27
previous: pages/art/l/poem-with-kitty.md
next: pages/art/l/secret-circus.md
---

pages/art/l/secret-circus.md
---
name: Secret Circus
path: "/assets/img/art/secret-circus.jpg"
date: 2020-04-29
number: 28
previous: pages/art/l/poster.md
next: pages/art/l/sequential-symbols-faces.md
---

pages/art/l/sequential-symbols-faces.md
---
name: Comic Frames
path: "/assets/img/art/sequential-symbols-faces.jpg"
date: 2020-04-30
number: 29
previous: pages/art/l/secret-circus.md
next: pages/art/l/serious-sketch.md
---

pages/art/l/serious-sketch.md
---
name: Serious
path: "/assets/img/art/serious-sketch.jpg"
date: 2020-05-01
number: 30
previous: pages/art/l/sequential-symbols-faces.md
next: pages/art/l/smiley.md
---

pages/art/l/smiley.md
---
name: Bug
path: "/assets/img/art/smiley.jpg"
date: 2020-05-02
number: 31
previous: pages/art/l/serious-sketch.md
next: pages/art/l/smiling-red.md
---

pages/art/l/smiling-red.md
---
name: One-eyed Shooter
path: "/assets/img/art/smiling-red.jpg"
date: 2020-05-03
number: 32
previous: pages/art/l/smiley.md
next: pages/art/l/spaceman-etal.md
---

pages/art/l/spaceman-etal.md
---
name: Space Angel
path: "/assets/img/art/spaceman-etal.jpg"
date: 2020-05-04
number: 33
previous: pages/art/l/smiling-red.md
next: pages/art/l/stumbling-thunder.md
---

pages/art/l/stumbling-thunder.md
---
name: Stumbling Thunder
path: "/assets/img/art/stumbling-thunder.jpg"
date: 2020-05-05
number: 34
previous: pages/art/l/spaceman-etal.md
next: pages/art/l/totem-kingspook-gun-flower.md
---

pages/art/l/totem-kingspook-gun-flower.md
---
name: Kingspook Totem
path: "/assets/img/art/totem-kingspook-gun-flower.jpg"
date: 2020-05-06
number: 35
previous: pages/art/l/stumbling-thunder.md
next: pages/art/l/we-hates-the-badgers.md
---

pages/art/l/we-hates-the-badgers.md
---
name: We Hates The Badgers
path: "/assets/img/art/we-hates-the-badgers.jpg"
date: 2020-05-07
number: 36
previous: pages/art/l/totem-kingspook-gun-flower.md
next: pages/art/l/wrestle-with-fire.md
---

pages/art/l/wrestle-with-fire.md
---
name: Wrestle With Fire
path: "/assets/img/art/wrestle-with-fire.jpg"
date: 2020-05-08
number: 37
previous: pages/art/l/we-hates-the-badgers.md
next: pages/art/l/you-must-smoke-color.md
---

pages/art/l/you-must-smoke-color.md
---
name: You Must Smoke This
path: "/assets/img/art/you-must-smoke-color.jpg"
date: 2020-05-09
number: 38
previous: pages/art/l/wrestle-with-fire.md
next: pages/art/l/zaq-024.md
---

pages/art/l/zaq-024.md
---
name: Secret Circus 2
path: "/assets/img/art/zaq-024.jpg"
date: 2020-05-10
number: 39
previous: pages/art/l/you-must-smoke-color.md
next: pages/art/s/Accident-scene.md
---

pages/art/s/Accident-scene.md
---
name: Accident Scene
path: "/assets/img/art/Accident-scene.jpg"
date: 2020-05-11
number: 40
previous: pages/art/l/zaq-024.md

pages/art/l/Be-No-Peace.md
---
name: Be No Peace Until the Feast
path: "/assets/img/art/Be-No-Peace.jpg"
date: 2020-04-01
number: 0
previous: 
next: pages/art/l/Burn-ya-skin-off.md
---

pages/art/l/Burn-ya-skin-off.md
---
name: Burn Ya Skin Off!
path: "/assets/img/art/Burn-ya-skin-off.jpg"
date: 2020-04-02
number: 1
previous: pages/art/l/Be-No-Peace.md
next: pages/art/l/Hypnotic-Erotic.md
---

pages/art/l/Hypnotic-Erotic.md
---
name: Hypnotic Erotic
path: "/assets/img/art/Hypnotic-Erotic.jpg"
date: 2020-04-03
number: 2
previous: pages/art/l/Burn-ya-skin-off.md
next: pages/art/l/King-Spook-Totem3.md
---

pages/art/l/King-Spook-Totem3.md
---
name: Door No 1 or Door No 2?
path: "/assets/img/art/King-Spook-Totem3.jpg"
date: 2020-04-04
number: 3
previous: pages/art/l/Hypnotic-Erotic.md
next: pages/art/l/Mixed-Sketch.md
---

pages/art/l/Mixed-Sketch.md
---
name: Out/In
path: "/assets/img/art/Mixed-Sketch.jpg"
date: 2020-04-05
number: 4
previous: pages/art/l/King-Spook-Totem3.md
next: pages/art/l/Psychic-Panhandler.md
---

pages/art/l/Psychic-Panhandler.md
---
name: Psychic Panhandler
path: "/assets/img/art/Psychic-Panhandler.jpg"
date: 2020-04-06
number: 5
previous: pages/art/l/Mixed-Sketch.md
next: pages/art/l/Serious-Friend.md
---

pages/art/l/Serious-Friend.md
---
name: I'm not Serious
path: "/assets/img/art/Serious-Friend.jpg"
date: 2020-04-07
number: 6
previous: pages/art/l/Psychic-Panhandler.md
next: pages/art/l/To-moon.md
---

pages/art/l/To-moon.md
---
name: To Moon
path: "/assets/img/art/To-moon.jpg"
date: 2020-04-08
number: 7
previous: pages/art/l/Serious-Friend.md
next: pages/art/l/Totem-and-star.md
---

pages/art/l/Totem-and-star.md
---
name: Totem and Star
path: "/assets/img/art/Totem-and-star.jpg"
date: 2020-04-09
number: 8
previous: pages/art/l/To-moon.md
next: pages/art/l/angel-dragons-color.md
---

pages/art/l/angel-dragons-color.md
---
name: Angel
path: "/assets/img/art/angel-dragons-color.jpg"
date: 2020-04-10
number: 9
previous: pages/art/l/Totem-and-star.md
next: pages/art/l/arrows-complex.md
---

pages/art/l/arrows-complex.md
---
name: Arrows
path: "/assets/img/art/arrows-complex.jpg"
date: 2020-04-11
number: 10
previous: pages/art/l/angel-dragons-color.md
next: pages/art/l/babybomb-color.md
---

pages/art/l/babybomb-color.md
---
name: Canon Bomb
path: "/assets/img/art/babybomb-color.jpg"
date: 2020-04-12
number: 11
previous: pages/art/l/arrows-complex.md
next: pages/art/l/casual-space-shock.md
---

pages/art/l/casual-space-shock.md
---
name: Casual Space Shock
path: "/assets/img/art/casual-space-shock.jpg"
date: 2020-04-13
number: 12
previous: pages/art/l/babybomb-color.md
next: pages/art/l/constrained.md
---

pages/art/l/constrained.md
---
name: Constrained
path: "/assets/img/art/constrained.jpg"
date: 2020-04-14
number: 13
previous: pages/art/l/casual-space-shock.md
next: pages/art/l/dragon-moon-king-spook.md
---

pages/art/l/dragon-moon-king-spook.md
---
name: Dragon and Smoking Moon
path: "/assets/img/art/dragon-moon-king-spook.jpg"
date: 2020-04-15
number: 14
previous: pages/art/l/constrained.md
next: pages/art/l/eye-within-flower-drawing.md
---

pages/art/l/eye-within-flower-drawing.md
---
name: Flower Eye
path: "/assets/img/art/eye-within-flower-drawing.jpg"
date: 2020-04-16
number: 15
previous: pages/art/l/dragon-moon-king-spook.md
next: pages/art/l/faces-complex-drawing.md
---

pages/art/l/faces-complex-drawing.md
---
name: Faces
path: "/assets/img/art/faces-complex-drawing.jpg"
date: 2020-04-17
number: 16
previous: pages/art/l/eye-within-flower-drawing.md
next: pages/art/l/fire-and-skulls.md
---

pages/art/l/fire-and-skulls.md
---
name: Fox
path: "/assets/img/art/fire-and-skulls.jpg"
date: 2020-04-18
number: 17
previous: pages/art/l/faces-complex-drawing.md
next: pages/art/l/kingspook-color.md
---

pages/art/l/kingspook-color.md
---
name: Kingspook
path: "/assets/img/art/kingspook-color.jpg"
date: 2020-04-19
number: 18
previous: pages/art/l/fire-and-skulls.md
next: pages/art/l/kingspook-complex-drawing.md
---

pages/art/l/kingspook-complex-drawing.md
---
name: Kingspook Etc.
path: "/assets/img/art/kingspook-complex-drawing.jpg"
date: 2020-04-20
number: 19
previous: pages/art/l/kingspook-color.md
next: pages/art/l/lady-searches.md
---

pages/art/l/lady-searches.md
---
name: Lady Searches For a Lover
path: "/assets/img/art/lady-searches.jpg"
date: 2020-04-21
number: 20
previous: pages/art/l/kingspook-complex-drawing.md
next: pages/art/l/life-is-drawing.md
---

pages/art/l/life-is-drawing.md
---
name: This That Life Is
path: "/assets/img/art/life-is-drawing.jpg"
date: 2020-04-22
number: 21
previous: pages/art/l/lady-searches.md
next: pages/art/l/lizard-wizard.md
---

pages/art/l/lizard-wizard.md
---
name: The Lizard Wizard
path: "/assets/img/art/lizard-wizard.jpg"
date: 2020-04-23
number: 22
previous: pages/art/l/life-is-drawing.md
next: pages/art/l/looking-outward.md
---

pages/art/l/looking-outward.md
---
name: Looking Outwards
path: "/assets/img/art/looking-outward.jpg"
date: 2020-04-24
number: 23
previous: pages/art/l/lizard-wizard.md
next: pages/art/l/man-with-knife.md
---

pages/art/l/man-with-knife.md
---
name: Man With Knife
path: "/assets/img/art/man-with-knife.jpg"
date: 2020-04-25
number: 24
previous: pages/art/l/looking-outward.md
next: pages/art/l/misunderstand.md
---

pages/art/l/misunderstand.md
---
name: Misunderstand Me
path: "/assets/img/art/misunderstand.jpg"
date: 2020-04-26
number: 25
previous: pages/art/l/man-with-knife.md
next: pages/art/l/poem-with-kitty.md
---

pages/art/l/poem-with-kitty.md
---
name: Suitcase Beside the Door
path: "/assets/img/art/poem-with-kitty.jpg"
date: 2020-04-27
number: 26
previous: pages/art/l/misunderstand.md
next: pages/art/l/poster.md
---

pages/art/l/poster.md
---
name: Soapy Smith's July 29
path: "/assets/img/art/poster.jpg"
date: 2020-04-28
number: 27
previous: pages/art/l/poem-with-kitty.md
next: pages/art/l/secret-circus.md
---

pages/art/l/secret-circus.md
---
name: Secret Circus
path: "/assets/img/art/secret-circus.jpg"
date: 2020-04-29
number: 28
previous: pages/art/l/poster.md
next: pages/art/l/sequential-symbols-faces.md
---

pages/art/l/sequential-symbols-faces.md
---
name: Comic Frames
path: "/assets/img/art/sequential-symbols-faces.jpg"
date: 2020-04-30
number: 29
previous: pages/art/l/secret-circus.md
next: pages/art/l/serious-sketch.md
---

pages/art/l/serious-sketch.md
---
name: Serious
path: "/assets/img/art/serious-sketch.jpg"
date: 2020-05-01
number: 30
previous: pages/art/l/sequential-symbols-faces.md
next: pages/art/l/smiley.md
---

pages/art/l/smiley.md
---
name: Bug
path: "/assets/img/art/smiley.jpg"
date: 2020-05-02
number: 31
previous: pages/art/l/serious-sketch.md
next: pages/art/l/smiling-red.md
---

pages/art/l/smiling-red.md
---
name: One-eyed Shooter
path: "/assets/img/art/smiling-red.jpg"
date: 2020-05-03
number: 32
previous: pages/art/l/smiley.md
next: pages/art/l/spaceman-etal.md
---

pages/art/l/spaceman-etal.md
---
name: Space Angel
path: "/assets/img/art/spaceman-etal.jpg"
date: 2020-05-04
number: 33
previous: pages/art/l/smiling-red.md
next: pages/art/l/stumbling-thunder.md
---

pages/art/l/stumbling-thunder.md
---
name: Stumbling Thunder
path: "/assets/img/art/stumbling-thunder.jpg"
date: 2020-05-05
number: 34
previous: pages/art/l/spaceman-etal.md
next: pages/art/l/totem-kingspook-gun-flower.md
---

pages/art/l/totem-kingspook-gun-flower.md
---
name: Kingspook Totem
path: "/assets/img/art/totem-kingspook-gun-flower.jpg"
date: 2020-05-06
number: 35
previous: pages/art/l/stumbling-thunder.md
next: pages/art/l/we-hates-the-badgers.md
---

pages/art/l/we-hates-the-badgers.md
---
name: We Hates The Badgers
path: "/assets/img/art/we-hates-the-badgers.jpg"
date: 2020-05-07
number: 36
previous: pages/art/l/totem-kingspook-gun-flower.md
next: pages/art/l/wrestle-with-fire.md
---

pages/art/l/wrestle-with-fire.md
---
name: Wrestle With Fire
path: "/assets/img/art/wrestle-with-fire.jpg"
date: 2020-05-08
number: 37
previous: pages/art/l/we-hates-the-badgers.md
next: pages/art/l/you-must-smoke-color.md
---

pages/art/l/you-must-smoke-color.md
---
name: You Must Smoke This
path: "/assets/img/art/you-must-smoke-color.jpg"
date: 2020-05-09
number: 38
previous: pages/art/l/wrestle-with-fire.md
next: pages/art/l/zaq-024.md
---

pages/art/l/zaq-024.md
---
name: Secret Circus 2
path: "/assets/img/art/zaq-024.jpg"
date: 2020-05-10
number: 39
previous: pages/art/l/you-must-smoke-color.md
next: pages/art/s/Accident-scene.md
---

pages/art/s/Accident-scene.md
---
name: Accident Scene
path: "/assets/img/art/Accident-scene.jpg"
date: 2020-05-11
number: 40
previous: pages/art/l/zaq-024.md
next: pages/art/s/Lucid-Awake.md
---

pages/art/s/Lucid-Awake.md
---
name: Lucid Awake
path: "/assets/img/art/Lucid-Awake.jpg"
date: 2020-05-12
number: 41
previous: pages/art/s/Accident-scene.md

pages/art/l/Be-No-Peace.md
---
name: Be No Peace Until the Feast
path: "/assets/img/art/Be-No-Peace.jpg"
date: 2020-04-01
number: 0
previous: 
next: pages/art/l/Burn-ya-skin-off.md
---

pages/art/l/Burn-ya-skin-off.md
---
name: Burn Ya Skin Off!
path: "/assets/img/art/Burn-ya-skin-off.jpg"
date: 2020-04-02
number: 1
previous: pages/art/l/Be-No-Peace.md
next: pages/art/l/Hypnotic-Erotic.md
---

pages/art/l/Hypnotic-Erotic.md
---
name: Hypnotic Erotic
path: "/assets/img/art/Hypnotic-Erotic.jpg"
date: 2020-04-03
number: 2
previous: pages/art/l/Burn-ya-skin-off.md
next: pages/art/l/King-Spook-Totem3.md
---

pages/art/l/King-Spook-Totem3.md
---
name: Door No 1 or Door No 2?
path: "/assets/img/art/King-Spook-Totem3.jpg"
date: 2020-04-04
number: 3
previous: pages/art/l/Hypnotic-Erotic.md
next: pages/art/l/Mixed-Sketch.md
---

pages/art/l/Mixed-Sketch.md
---
name: Out/In
path: "/assets/img/art/Mixed-Sketch.jpg"
date: 2020-04-05
number: 4
previous: pages/art/l/King-Spook-Totem3.md
next: pages/art/l/Psychic-Panhandler.md
---

pages/art/l/Psychic-Panhandler.md
---
name: Psychic Panhandler
path: "/assets/img/art/Psychic-Panhandler.jpg"
date: 2020-04-06
number: 5
previous: pages/art/l/Mixed-Sketch.md
next: pages/art/l/Serious-Friend.md
---

pages/art/l/Serious-Friend.md
---
name: I'm not Serious
path: "/assets/img/art/Serious-Friend.jpg"
date: 2020-04-07
number: 6
previous: pages/art/l/Psychic-Panhandler.md
next: pages/art/l/To-moon.md
---

pages/art/l/To-moon.md
---
name: To Moon
path: "/assets/img/art/To-moon.jpg"
date: 2020-04-08
number: 7
previous: pages/art/l/Serious-Friend.md
next: pages/art/l/Totem-and-star.md
---

pages/art/l/Totem-and-star.md
---
name: Totem and Star
path: "/assets/img/art/Totem-and-star.jpg"
date: 2020-04-09
number: 8
previous: pages/art/l/To-moon.md
next: pages/art/l/angel-dragons-color.md
---

pages/art/l/angel-dragons-color.md
---
name: Angel
path: "/assets/img/art/angel-dragons-color.jpg"
date: 2020-04-10
number: 9
previous: pages/art/l/Totem-and-star.md
next: pages/art/l/arrows-complex.md
---

pages/art/l/arrows-complex.md
---
name: Arrows
path: "/assets/img/art/arrows-complex.jpg"
date: 2020-04-11
number: 10
previous: pages/art/l/angel-dragons-color.md
next: pages/art/l/babybomb-color.md
---

pages/art/l/babybomb-color.md
---
name: Canon Bomb
path: "/assets/img/art/babybomb-color.jpg"
date: 2020-04-12
number: 11
previous: pages/art/l/arrows-complex.md
next: pages/art/l/casual-space-shock.md
---

pages/art/l/casual-space-shock.md
---
name: Casual Space Shock
path: "/assets/img/art/casual-space-shock.jpg"
date: 2020-04-13
number: 12
previous: pages/art/l/babybomb-color.md
next: pages/art/l/constrained.md
---

pages/art/l/constrained.md
---
name: Constrained
path: "/assets/img/art/constrained.jpg"
date: 2020-04-14
number: 13
previous: pages/art/l/casual-space-shock.md
next: pages/art/l/dragon-moon-king-spook.md
---

pages/art/l/dragon-moon-king-spook.md
---
name: Dragon and Smoking Moon
path: "/assets/img/art/dragon-moon-king-spook.jpg"
date: 2020-04-15
number: 14
previous: pages/art/l/constrained.md
next: pages/art/l/eye-within-flower-drawing.md
---

pages/art/l/eye-within-flower-drawing.md
---
name: Flower Eye
path: "/assets/img/art/eye-within-flower-drawing.jpg"
date: 2020-04-16
number: 15
previous: pages/art/l/dragon-moon-king-spook.md
next: pages/art/l/faces-complex-drawing.md
---

pages/art/l/faces-complex-drawing.md
---
name: Faces
path: "/assets/img/art/faces-complex-drawing.jpg"
date: 2020-04-17
number: 16
previous: pages/art/l/eye-within-flower-drawing.md
next: pages/art/l/fire-and-skulls.md
---

pages/art/l/fire-and-skulls.md
---
name: Fox
path: "/assets/img/art/fire-and-skulls.jpg"
date: 2020-04-18
number: 17
previous: pages/art/l/faces-complex-drawing.md
next: pages/art/l/kingspook-color.md
---

pages/art/l/kingspook-color.md
---
name: Kingspook
path: "/assets/img/art/kingspook-color.jpg"
date: 2020-04-19
number: 18
previous: pages/art/l/fire-and-skulls.md
next: pages/art/l/kingspook-complex-drawing.md
---

pages/art/l/kingspook-complex-drawing.md
---
name: Kingspook Etc.
path: "/assets/img/art/kingspook-complex-drawing.jpg"
date: 2020-04-20
number: 19
previous: pages/art/l/kingspook-color.md
next: pages/art/l/lady-searches.md
---

pages/art/l/lady-searches.md
---
name: Lady Searches For a Lover
path: "/assets/img/art/lady-searches.jpg"
date: 2020-04-21
number: 20
previous: pages/art/l/kingspook-complex-drawing.md
next: pages/art/l/life-is-drawing.md
---

pages/art/l/life-is-drawing.md
---
name: This That Life Is
path: "/assets/img/art/life-is-drawing.jpg"
date: 2020-04-22
number: 21
previous: pages/art/l/lady-searches.md
next: pages/art/l/lizard-wizard.md
---

pages/art/l/lizard-wizard.md
---
name: The Lizard Wizard
path: "/assets/img/art/lizard-wizard.jpg"
date: 2020-04-23
number: 22
previous: pages/art/l/life-is-drawing.md
next: pages/art/l/looking-outward.md
---

pages/art/l/looking-outward.md
---
name: Looking Outwards
path: "/assets/img/art/looking-outward.jpg"
date: 2020-04-24
number: 23
previous: pages/art/l/lizard-wizard.md
next: pages/art/l/man-with-knife.md
---

pages/art/l/man-with-knife.md
---
name: Man With Knife
path: "/assets/img/art/man-with-knife.jpg"
date: 2020-04-25
number: 24
previous: pages/art/l/looking-outward.md
next: pages/art/l/misunderstand.md
---

pages/art/l/misunderstand.md
---
name: Misunderstand Me
path: "/assets/img/art/misunderstand.jpg"
date: 2020-04-26
number: 25
previous: pages/art/l/man-with-knife.md
next: pages/art/l/poem-with-kitty.md
---

pages/art/l/poem-with-kitty.md
---
name: Suitcase Beside the Door
path: "/assets/img/art/poem-with-kitty.jpg"
date: 2020-04-27
number: 26
previous: pages/art/l/misunderstand.md
next: pages/art/l/poster.md
---

pages/art/l/poster.md
---
name: Soapy Smith's July 29
path: "/assets/img/art/poster.jpg"
date: 2020-04-28
number: 27
previous: pages/art/l/poem-with-kitty.md
next: pages/art/l/secret-circus.md
---

pages/art/l/secret-circus.md
---
name: Secret Circus
path: "/assets/img/art/secret-circus.jpg"
date: 2020-04-29
number: 28
previous: pages/art/l/poster.md
next: pages/art/l/sequential-symbols-faces.md
---

pages/art/l/sequential-symbols-faces.md
---
name: Comic Frames
path: "/assets/img/art/sequential-symbols-faces.jpg"
date: 2020-04-30
number: 29
previous: pages/art/l/secret-circus.md
next: pages/art/l/serious-sketch.md
---

pages/art/l/serious-sketch.md
---
name: Serious
path: "/assets/img/art/serious-sketch.jpg"
date: 2020-05-01
number: 30
previous: pages/art/l/sequential-symbols-faces.md
next: pages/art/l/smiley.md
---

pages/art/l/smiley.md
---
name: Bug
path: "/assets/img/art/smiley.jpg"
date: 2020-05-02
number: 31
previous: pages/art/l/serious-sketch.md
next: pages/art/l/smiling-red.md
---

pages/art/l/smiling-red.md
---
name: One-eyed Shooter
path: "/assets/img/art/smiling-red.jpg"
date: 2020-05-03
number: 32
previous: pages/art/l/smiley.md
next: pages/art/l/spaceman-etal.md
---

pages/art/l/spaceman-etal.md
---
name: Space Angel
path: "/assets/img/art/spaceman-etal.jpg"
date: 2020-05-04
number: 33
previous: pages/art/l/smiling-red.md
next: pages/art/l/stumbling-thunder.md
---

pages/art/l/stumbling-thunder.md
---
name: Stumbling Thunder
path: "/assets/img/art/stumbling-thunder.jpg"
date: 2020-05-05
number: 34
previous: pages/art/l/spaceman-etal.md
next: pages/art/l/totem-kingspook-gun-flower.md
---

pages/art/l/totem-kingspook-gun-flower.md
---
name: Kingspook Totem
path: "/assets/img/art/totem-kingspook-gun-flower.jpg"
date: 2020-05-06
number: 35
previous: pages/art/l/stumbling-thunder.md
next: pages/art/l/we-hates-the-badgers.md
---

pages/art/l/we-hates-the-badgers.md
---
name: We Hates The Badgers
path: "/assets/img/art/we-hates-the-badgers.jpg"
date: 2020-05-07
number: 36
previous: pages/art/l/totem-kingspook-gun-flower.md
next: pages/art/l/wrestle-with-fire.md
---

pages/art/l/wrestle-with-fire.md
---
name: Wrestle With Fire
path: "/assets/img/art/wrestle-with-fire.jpg"
date: 2020-05-08
number: 37
previous: pages/art/l/we-hates-the-badgers.md
next: pages/art/l/you-must-smoke-color.md
---

pages/art/l/you-must-smoke-color.md
---
name: You Must Smoke This
path: "/assets/img/art/you-must-smoke-color.jpg"
date: 2020-05-09
number: 38
previous: pages/art/l/wrestle-with-fire.md
next: pages/art/l/zaq-024.md
---

pages/art/l/zaq-024.md
---
name: Secret Circus 2
path: "/assets/img/art/zaq-024.jpg"
date: 2020-05-10
number: 39
previous: pages/art/l/you-must-smoke-color.md
next: pages/art/s/Accident-scene.md
---

pages/art/s/Accident-scene.md
---
name: Accident Scene
path: "/assets/img/art/Accident-scene.jpg"
date: 2020-05-11
number: 40
previous: pages/art/l/zaq-024.md
next: pages/art/s/Lucid-Awake.md
---

pages/art/s/Lucid-Awake.md
---
name: Lucid Awake
path: "/assets/img/art/Lucid-Awake.jpg"
date: 2020-05-12
number: 41
previous: pages/art/s/Accident-scene.md
next: pages/art/s/One-night-alive.md
---

pages/art/s/One-night-alive.md
---
name: One Night Alive
path: "/assets/img/art/One-night-alive.jpg"
date: 2020-05-13
number: 42
previous: pages/art/s/Lucid-Awake.md

pages/art/l/Be-No-Peace.md
---
name: Be No Peace Until the Feast
path: "/assets/img/art/Be-No-Peace.jpg"
date: 2020-04-01
number: 0
previous: 
next: pages/art/l/Burn-ya-skin-off.md
---

pages/art/l/Burn-ya-skin-off.md
---
name: Burn Ya Skin Off!
path: "/assets/img/art/Burn-ya-skin-off.jpg"
date: 2020-04-02
number: 1
previous: pages/art/l/Be-No-Peace.md
next: pages/art/l/Hypnotic-Erotic.md
---

pages/art/l/Hypnotic-Erotic.md
---
name: Hypnotic Erotic
path: "/assets/img/art/Hypnotic-Erotic.jpg"
date: 2020-04-03
number: 2
previous: pages/art/l/Burn-ya-skin-off.md
next: pages/art/l/King-Spook-Totem3.md
---

pages/art/l/King-Spook-Totem3.md
---
name: Door No 1 or Door No 2?
path: "/assets/img/art/King-Spook-Totem3.jpg"
date: 2020-04-04
number: 3
previous: pages/art/l/Hypnotic-Erotic.md
next: pages/art/l/Mixed-Sketch.md
---

pages/art/l/Mixed-Sketch.md
---
name: Out/In
path: "/assets/img/art/Mixed-Sketch.jpg"
date: 2020-04-05
number: 4
previous: pages/art/l/King-Spook-Totem3.md
next: pages/art/l/Psychic-Panhandler.md
---

pages/art/l/Psychic-Panhandler.md
---
name: Psychic Panhandler
path: "/assets/img/art/Psychic-Panhandler.jpg"
date: 2020-04-06
number: 5
previous: pages/art/l/Mixed-Sketch.md
next: pages/art/l/Serious-Friend.md
---

pages/art/l/Serious-Friend.md
---
name: I'm not Serious
path: "/assets/img/art/Serious-Friend.jpg"
date: 2020-04-07
number: 6
previous: pages/art/l/Psychic-Panhandler.md
next: pages/art/l/To-moon.md
---

pages/art/l/To-moon.md
---
name: To Moon
path: "/assets/img/art/To-moon.jpg"
date: 2020-04-08
number: 7
previous: pages/art/l/Serious-Friend.md
next: pages/art/l/Totem-and-star.md
---

pages/art/l/Totem-and-star.md
---
name: Totem and Star
path: "/assets/img/art/Totem-and-star.jpg"
date: 2020-04-09
number: 8
previous: pages/art/l/To-moon.md
next: pages/art/l/angel-dragons-color.md
---

pages/art/l/angel-dragons-color.md
---
name: Angel
path: "/assets/img/art/angel-dragons-color.jpg"
date: 2020-04-10
number: 9
previous: pages/art/l/Totem-and-star.md
next: pages/art/l/arrows-complex.md
---

pages/art/l/arrows-complex.md
---
name: Arrows
path: "/assets/img/art/arrows-complex.jpg"
date: 2020-04-11
number: 10
previous: pages/art/l/angel-dragons-color.md
next: pages/art/l/babybomb-color.md
---

pages/art/l/babybomb-color.md
---
name: Canon Bomb
path: "/assets/img/art/babybomb-color.jpg"
date: 2020-04-12
number: 11
previous: pages/art/l/arrows-complex.md
next: pages/art/l/casual-space-shock.md
---

pages/art/l/casual-space-shock.md
---
name: Casual Space Shock
path: "/assets/img/art/casual-space-shock.jpg"
date: 2020-04-13
number: 12
previous: pages/art/l/babybomb-color.md
next: pages/art/l/constrained.md
---

pages/art/l/constrained.md
---
name: Constrained
path: "/assets/img/art/constrained.jpg"
date: 2020-04-14
number: 13
previous: pages/art/l/casual-space-shock.md
next: pages/art/l/dragon-moon-king-spook.md
---

pages/art/l/dragon-moon-king-spook.md
---
name: Dragon and Smoking Moon
path: "/assets/img/art/dragon-moon-king-spook.jpg"
date: 2020-04-15
number: 14
previous: pages/art/l/constrained.md
next: pages/art/l/eye-within-flower-drawing.md
---

pages/art/l/eye-within-flower-drawing.md
---
name: Flower Eye
path: "/assets/img/art/eye-within-flower-drawing.jpg"
date: 2020-04-16
number: 15
previous: pages/art/l/dragon-moon-king-spook.md
next: pages/art/l/faces-complex-drawing.md
---

pages/art/l/faces-complex-drawing.md
---
name: Faces
path: "/assets/img/art/faces-complex-drawing.jpg"
date: 2020-04-17
number: 16
previous: pages/art/l/eye-within-flower-drawing.md
next: pages/art/l/fire-and-skulls.md
---

pages/art/l/fire-and-skulls.md
---
name: Fox
path: "/assets/img/art/fire-and-skulls.jpg"
date: 2020-04-18
number: 17
previous: pages/art/l/faces-complex-drawing.md
next: pages/art/l/kingspook-color.md
---

pages/art/l/kingspook-color.md
---
name: Kingspook
path: "/assets/img/art/kingspook-color.jpg"
date: 2020-04-19
number: 18
previous: pages/art/l/fire-and-skulls.md
next: pages/art/l/kingspook-complex-drawing.md
---

pages/art/l/kingspook-complex-drawing.md
---
name: Kingspook Etc.
path: "/assets/img/art/kingspook-complex-drawing.jpg"
date: 2020-04-20
number: 19
previous: pages/art/l/kingspook-color.md
next: pages/art/l/lady-searches.md
---

pages/art/l/lady-searches.md
---
name: Lady Searches For a Lover
path: "/assets/img/art/lady-searches.jpg"
date: 2020-04-21
number: 20
previous: pages/art/l/kingspook-complex-drawing.md
next: pages/art/l/life-is-drawing.md
---

pages/art/l/life-is-drawing.md
---
name: This That Life Is
path: "/assets/img/art/life-is-drawing.jpg"
date: 2020-04-22
number: 21
previous: pages/art/l/lady-searches.md
next: pages/art/l/lizard-wizard.md
---

pages/art/l/lizard-wizard.md
---
name: The Lizard Wizard
path: "/assets/img/art/lizard-wizard.jpg"
date: 2020-04-23
number: 22
previous: pages/art/l/life-is-drawing.md
next: pages/art/l/looking-outward.md
---

pages/art/l/looking-outward.md
---
name: Looking Outwards
path: "/assets/img/art/looking-outward.jpg"
date: 2020-04-24
number: 23
previous: pages/art/l/lizard-wizard.md
next: pages/art/l/man-with-knife.md
---

pages/art/l/man-with-knife.md
---
name: Man With Knife
path: "/assets/img/art/man-with-knife.jpg"
date: 2020-04-25
number: 24
previous: pages/art/l/looking-outward.md
next: pages/art/l/misunderstand.md
---

pages/art/l/misunderstand.md
---
name: Misunderstand Me
path: "/assets/img/art/misunderstand.jpg"
date: 2020-04-26
number: 25
previous: pages/art/l/man-with-knife.md
next: pages/art/l/poem-with-kitty.md
---

pages/art/l/poem-with-kitty.md
---
name: Suitcase Beside the Door
path: "/assets/img/art/poem-with-kitty.jpg"
date: 2020-04-27
number: 26
previous: pages/art/l/misunderstand.md
next: pages/art/l/poster.md
---

pages/art/l/poster.md
---
name: Soapy Smith's July 29
path: "/assets/img/art/poster.jpg"
date: 2020-04-28
number: 27
previous: pages/art/l/poem-with-kitty.md
next: pages/art/l/secret-circus.md
---

pages/art/l/secret-circus.md
---
name: Secret Circus
path: "/assets/img/art/secret-circus.jpg"
date: 2020-04-29
number: 28
previous: pages/art/l/poster.md
next: pages/art/l/sequential-symbols-faces.md
---

pages/art/l/sequential-symbols-faces.md
---
name: Comic Frames
path: "/assets/img/art/sequential-symbols-faces.jpg"
date: 2020-04-30
number: 29
previous: pages/art/l/secret-circus.md
next: pages/art/l/serious-sketch.md
---

pages/art/l/serious-sketch.md
---
name: Serious
path: "/assets/img/art/serious-sketch.jpg"
date: 2020-05-01
number: 30
previous: pages/art/l/sequential-symbols-faces.md
next: pages/art/l/smiley.md
---

pages/art/l/smiley.md
---
name: Bug
path: "/assets/img/art/smiley.jpg"
date: 2020-05-02
number: 31
previous: pages/art/l/serious-sketch.md
next: pages/art/l/smiling-red.md
---

pages/art/l/smiling-red.md
---
name: One-eyed Shooter
path: "/assets/img/art/smiling-red.jpg"
date: 2020-05-03
number: 32
previous: pages/art/l/smiley.md
next: pages/art/l/spaceman-etal.md
---

pages/art/l/spaceman-etal.md
---
name: Space Angel
path: "/assets/img/art/spaceman-etal.jpg"
date: 2020-05-04
number: 33
previous: pages/art/l/smiling-red.md
next: pages/art/l/stumbling-thunder.md
---

pages/art/l/stumbling-thunder.md
---
name: Stumbling Thunder
path: "/assets/img/art/stumbling-thunder.jpg"
date: 2020-05-05
number: 34
previous: pages/art/l/spaceman-etal.md
next: pages/art/l/totem-kingspook-gun-flower.md
---

pages/art/l/totem-kingspook-gun-flower.md
---
name: Kingspook Totem
path: "/assets/img/art/totem-kingspook-gun-flower.jpg"
date: 2020-05-06
number: 35
previous: pages/art/l/stumbling-thunder.md
next: pages/art/l/we-hates-the-badgers.md
---

pages/art/l/we-hates-the-badgers.md
---
name: We Hates The Badgers
path: "/assets/img/art/we-hates-the-badgers.jpg"
date: 2020-05-07
number: 36
previous: pages/art/l/totem-kingspook-gun-flower.md
next: pages/art/l/wrestle-with-fire.md
---

pages/art/l/wrestle-with-fire.md
---
name: Wrestle With Fire
path: "/assets/img/art/wrestle-with-fire.jpg"
date: 2020-05-08
number: 37
previous: pages/art/l/we-hates-the-badgers.md
next: pages/art/l/you-must-smoke-color.md
---

pages/art/l/you-must-smoke-color.md
---
name: You Must Smoke This
path: "/assets/img/art/you-must-smoke-color.jpg"
date: 2020-05-09
number: 38
previous: pages/art/l/wrestle-with-fire.md
next: pages/art/l/zaq-024.md
---

pages/art/l/zaq-024.md
---
name: Secret Circus 2
path: "/assets/img/art/zaq-024.jpg"
date: 2020-05-10
number: 39
previous: pages/art/l/you-must-smoke-color.md
next: pages/art/s/Accident-scene.md
---

pages/art/s/Accident-scene.md
---
name: Accident Scene
path: "/assets/img/art/Accident-scene.jpg"
date: 2020-05-11
number: 40
previous: pages/art/l/zaq-024.md
next: pages/art/s/Lucid-Awake.md
---

pages/art/s/Lucid-Awake.md
---
name: Lucid Awake
path: "/assets/img/art/Lucid-Awake.jpg"
date: 2020-05-12
number: 41
previous: pages/art/s/Accident-scene.md
next: pages/art/s/One-night-alive.md
---

pages/art/s/One-night-alive.md
---
name: One Night Alive
path: "/assets/img/art/One-night-alive.jpg"
date: 2020-05-13
number: 42
previous: pages/art/s/Lucid-Awake.md
next: pages/art/s/Record-Cover.md
---

pages/art/s/Record-Cover.md
---
name: Another Stupid Tiny Compilation
path: "/assets/img/art/Record-Cover.jpg"
date: 2020-05-14
number: 43
previous: pages/art/s/One-night-alive.md

pages/art/l/Be-No-Peace.md
---
name: Be No Peace Until the Feast
path: "/assets/img/art/Be-No-Peace.jpg"
date: 2020-04-01
number: 0
previous: 
next: pages/art/l/Burn-ya-skin-off.md
---

pages/art/l/Burn-ya-skin-off.md
---
name: Burn Ya Skin Off!
path: "/assets/img/art/Burn-ya-skin-off.jpg"
date: 2020-04-02
number: 1
previous: pages/art/l/Be-No-Peace.md
next: pages/art/l/Hypnotic-Erotic.md
---

pages/art/l/Hypnotic-Erotic.md
---
name: Hypnotic Erotic
path: "/assets/img/art/Hypnotic-Erotic.jpg"
date: 2020-04-03
number: 2
previous: pages/art/l/Burn-ya-skin-off.md
next: pages/art/l/King-Spook-Totem3.md
---

pages/art/l/King-Spook-Totem3.md
---
name: Door No 1 or Door No 2?
path: "/assets/img/art/King-Spook-Totem3.jpg"
date: 2020-04-04
number: 3
previous: pages/art/l/Hypnotic-Erotic.md
next: pages/art/l/Mixed-Sketch.md
---

pages/art/l/Mixed-Sketch.md
---
name: Out/In
path: "/assets/img/art/Mixed-Sketch.jpg"
date: 2020-04-05
number: 4
previous: pages/art/l/King-Spook-Totem3.md
next: pages/art/l/Psychic-Panhandler.md
---

pages/art/l/Psychic-Panhandler.md
---
name: Psychic Panhandler
path: "/assets/img/art/Psychic-Panhandler.jpg"
date: 2020-04-06
number: 5
previous: pages/art/l/Mixed-Sketch.md
next: pages/art/l/Serious-Friend.md
---

pages/art/l/Serious-Friend.md
---
name: I'm not Serious
path: "/assets/img/art/Serious-Friend.jpg"
date: 2020-04-07
number: 6
previous: pages/art/l/Psychic-Panhandler.md
next: pages/art/l/To-moon.md
---

pages/art/l/To-moon.md
---
name: To Moon
path: "/assets/img/art/To-moon.jpg"
date: 2020-04-08
number: 7
previous: pages/art/l/Serious-Friend.md
next: pages/art/l/Totem-and-star.md
---

pages/art/l/Totem-and-star.md
---
name: Totem and Star
path: "/assets/img/art/Totem-and-star.jpg"
date: 2020-04-09
number: 8
previous: pages/art/l/To-moon.md
next: pages/art/l/angel-dragons-color.md
---

pages/art/l/angel-dragons-color.md
---
name: Angel
path: "/assets/img/art/angel-dragons-color.jpg"
date: 2020-04-10
number: 9
previous: pages/art/l/Totem-and-star.md
next: pages/art/l/arrows-complex.md
---

pages/art/l/arrows-complex.md
---
name: Arrows
path: "/assets/img/art/arrows-complex.jpg"
date: 2020-04-11
number: 10
previous: pages/art/l/angel-dragons-color.md
next: pages/art/l/babybomb-color.md
---

pages/art/l/babybomb-color.md
---
name: Canon Bomb
path: "/assets/img/art/babybomb-color.jpg"
date: 2020-04-12
number: 11
previous: pages/art/l/arrows-complex.md
next: pages/art/l/casual-space-shock.md
---

pages/art/l/casual-space-shock.md
---
name: Casual Space Shock
path: "/assets/img/art/casual-space-shock.jpg"
date: 2020-04-13
number: 12
previous: pages/art/l/babybomb-color.md
next: pages/art/l/constrained.md
---

pages/art/l/constrained.md
---
name: Constrained
path: "/assets/img/art/constrained.jpg"
date: 2020-04-14
number: 13
previous: pages/art/l/casual-space-shock.md
next: pages/art/l/dragon-moon-king-spook.md
---

pages/art/l/dragon-moon-king-spook.md
---
name: Dragon and Smoking Moon
path: "/assets/img/art/dragon-moon-king-spook.jpg"
date: 2020-04-15
number: 14
previous: pages/art/l/constrained.md
next: pages/art/l/eye-within-flower-drawing.md
---

pages/art/l/eye-within-flower-drawing.md
---
name: Flower Eye
path: "/assets/img/art/eye-within-flower-drawing.jpg"
date: 2020-04-16
number: 15
previous: pages/art/l/dragon-moon-king-spook.md
next: pages/art/l/faces-complex-drawing.md
---

pages/art/l/faces-complex-drawing.md
---
name: Faces
path: "/assets/img/art/faces-complex-drawing.jpg"
date: 2020-04-17
number: 16
previous: pages/art/l/eye-within-flower-drawing.md
next: pages/art/l/fire-and-skulls.md
---

pages/art/l/fire-and-skulls.md
---
name: Fox
path: "/assets/img/art/fire-and-skulls.jpg"
date: 2020-04-18
number: 17
previous: pages/art/l/faces-complex-drawing.md
next: pages/art/l/kingspook-color.md
---

pages/art/l/kingspook-color.md
---
name: Kingspook
path: "/assets/img/art/kingspook-color.jpg"
date: 2020-04-19
number: 18
previous: pages/art/l/fire-and-skulls.md
next: pages/art/l/kingspook-complex-drawing.md
---

pages/art/l/kingspook-complex-drawing.md
---
name: Kingspook Etc.
path: "/assets/img/art/kingspook-complex-drawing.jpg"
date: 2020-04-20
number: 19
previous: pages/art/l/kingspook-color.md
next: pages/art/l/lady-searches.md
---

pages/art/l/lady-searches.md
---
name: Lady Searches For a Lover
path: "/assets/img/art/lady-searches.jpg"
date: 2020-04-21
number: 20
previous: pages/art/l/kingspook-complex-drawing.md
next: pages/art/l/life-is-drawing.md
---

pages/art/l/life-is-drawing.md
---
name: This That Life Is
path: "/assets/img/art/life-is-drawing.jpg"
date: 2020-04-22
number: 21
previous: pages/art/l/lady-searches.md
next: pages/art/l/lizard-wizard.md
---

pages/art/l/lizard-wizard.md
---
name: The Lizard Wizard
path: "/assets/img/art/lizard-wizard.jpg"
date: 2020-04-23
number: 22
previous: pages/art/l/life-is-drawing.md
next: pages/art/l/looking-outward.md
---

pages/art/l/looking-outward.md
---
name: Looking Outwards
path: "/assets/img/art/looking-outward.jpg"
date: 2020-04-24
number: 23
previous: pages/art/l/lizard-wizard.md
next: pages/art/l/man-with-knife.md
---

pages/art/l/man-with-knife.md
---
name: Man With Knife
path: "/assets/img/art/man-with-knife.jpg"
date: 2020-04-25
number: 24
previous: pages/art/l/looking-outward.md
next: pages/art/l/misunderstand.md
---

pages/art/l/misunderstand.md
---
name: Misunderstand Me
path: "/assets/img/art/misunderstand.jpg"
date: 2020-04-26
number: 25
previous: pages/art/l/man-with-knife.md
next: pages/art/l/poem-with-kitty.md
---

pages/art/l/poem-with-kitty.md
---
name: Suitcase Beside the Door
path: "/assets/img/art/poem-with-kitty.jpg"
date: 2020-04-27
number: 26
previous: pages/art/l/misunderstand.md
next: pages/art/l/poster.md
---

pages/art/l/poster.md
---
name: Soapy Smith's July 29
path: "/assets/img/art/poster.jpg"
date: 2020-04-28
number: 27
previous: pages/art/l/poem-with-kitty.md
next: pages/art/l/secret-circus.md
---

pages/art/l/secret-circus.md
---
name: Secret Circus
path: "/assets/img/art/secret-circus.jpg"
date: 2020-04-29
number: 28
previous: pages/art/l/poster.md
next: pages/art/l/sequential-symbols-faces.md
---

pages/art/l/sequential-symbols-faces.md
---
name: Comic Frames
path: "/assets/img/art/sequential-symbols-faces.jpg"
date: 2020-04-30
number: 29
previous: pages/art/l/secret-circus.md
next: pages/art/l/serious-sketch.md
---

pages/art/l/serious-sketch.md
---
name: Serious
path: "/assets/img/art/serious-sketch.jpg"
date: 2020-05-01
number: 30
previous: pages/art/l/sequential-symbols-faces.md
next: pages/art/l/smiley.md
---

pages/art/l/smiley.md
---
name: Bug
path: "/assets/img/art/smiley.jpg"
date: 2020-05-02
number: 31
previous: pages/art/l/serious-sketch.md
next: pages/art/l/smiling-red.md
---

pages/art/l/smiling-red.md
---
name: One-eyed Shooter
path: "/assets/img/art/smiling-red.jpg"
date: 2020-05-03
number: 32
previous: pages/art/l/smiley.md
next: pages/art/l/spaceman-etal.md
---

pages/art/l/spaceman-etal.md
---
name: Space Angel
path: "/assets/img/art/spaceman-etal.jpg"
date: 2020-05-04
number: 33
previous: pages/art/l/smiling-red.md
next: pages/art/l/stumbling-thunder.md
---

pages/art/l/stumbling-thunder.md
---
name: Stumbling Thunder
path: "/assets/img/art/stumbling-thunder.jpg"
date: 2020-05-05
number: 34
previous: pages/art/l/spaceman-etal.md
next: pages/art/l/totem-kingspook-gun-flower.md
---

pages/art/l/totem-kingspook-gun-flower.md
---
name: Kingspook Totem
path: "/assets/img/art/totem-kingspook-gun-flower.jpg"
date: 2020-05-06
number: 35
previous: pages/art/l/stumbling-thunder.md
next: pages/art/l/we-hates-the-badgers.md
---

pages/art/l/we-hates-the-badgers.md
---
name: We Hates The Badgers
path: "/assets/img/art/we-hates-the-badgers.jpg"
date: 2020-05-07
number: 36
previous: pages/art/l/totem-kingspook-gun-flower.md
next: pages/art/l/wrestle-with-fire.md
---

pages/art/l/wrestle-with-fire.md
---
name: Wrestle With Fire
path: "/assets/img/art/wrestle-with-fire.jpg"
date: 2020-05-08
number: 37
previous: pages/art/l/we-hates-the-badgers.md
next: pages/art/l/you-must-smoke-color.md
---

pages/art/l/you-must-smoke-color.md
---
name: You Must Smoke This
path: "/assets/img/art/you-must-smoke-color.jpg"
date: 2020-05-09
number: 38
previous: pages/art/l/wrestle-with-fire.md
next: pages/art/l/zaq-024.md
---

pages/art/l/zaq-024.md
---
name: Secret Circus 2
path: "/assets/img/art/zaq-024.jpg"
date: 2020-05-10
number: 39
previous: pages/art/l/you-must-smoke-color.md
next: pages/art/s/Accident-scene.md
---

pages/art/s/Accident-scene.md
---
name: Accident Scene
path: "/assets/img/art/Accident-scene.jpg"
date: 2020-05-11
number: 40
previous: pages/art/l/zaq-024.md
next: pages/art/s/Lucid-Awake.md
---

pages/art/s/Lucid-Awake.md
---
name: Lucid Awake
path: "/assets/img/art/Lucid-Awake.jpg"
date: 2020-05-12
number: 41
previous: pages/art/s/Accident-scene.md
next: pages/art/s/One-night-alive.md
---

pages/art/s/One-night-alive.md
---
name: One Night Alive
path: "/assets/img/art/One-night-alive.jpg"
date: 2020-05-13
number: 42
previous: pages/art/s/Lucid-Awake.md
next: pages/art/s/Record-Cover.md
---

pages/art/s/Record-Cover.md
---
name: Another Stupid Tiny Compilation
path: "/assets/img/art/Record-Cover.jpg"
date: 2020-05-14
number: 43
previous: pages/art/s/One-night-alive.md
next: pages/art/s/cut-a-bloody-swath-color.md
---

pages/art/s/cut-a-bloody-swath-color.md
---
name: Cut a Bloody Swath
path: "/assets/img/art/cut-a-bloody-swath-color.jpg"
date: 2020-05-15
number: 44
previous: pages/art/s/Record-Cover.md

pages/art/l/Be-No-Peace.md
---
name: Be No Peace Until the Feast
path: "/assets/img/art/Be-No-Peace.jpg"
date: 2020-04-01
number: 0
previous: 
next: pages/art/l/Burn-ya-skin-off.md
---

pages/art/l/Burn-ya-skin-off.md
---
name: Burn Ya Skin Off!
path: "/assets/img/art/Burn-ya-skin-off.jpg"
date: 2020-04-02
number: 1
previous: pages/art/l/Be-No-Peace.md
next: pages/art/l/Hypnotic-Erotic.md
---

pages/art/l/Hypnotic-Erotic.md
---
name: Hypnotic Erotic
path: "/assets/img/art/Hypnotic-Erotic.jpg"
date: 2020-04-03
number: 2
previous: pages/art/l/Burn-ya-skin-off.md
next: pages/art/l/King-Spook-Totem3.md
---

pages/art/l/King-Spook-Totem3.md
---
name: Door No 1 or Door No 2?
path: "/assets/img/art/King-Spook-Totem3.jpg"
date: 2020-04-04
number: 3
previous: pages/art/l/Hypnotic-Erotic.md
next: pages/art/l/Mixed-Sketch.md
---

pages/art/l/Mixed-Sketch.md
---
name: Out/In
path: "/assets/img/art/Mixed-Sketch.jpg"
date: 2020-04-05
number: 4
previous: pages/art/l/King-Spook-Totem3.md
next: pages/art/l/Psychic-Panhandler.md
---

pages/art/l/Psychic-Panhandler.md
---
name: Psychic Panhandler
path: "/assets/img/art/Psychic-Panhandler.jpg"
date: 2020-04-06
number: 5
previous: pages/art/l/Mixed-Sketch.md
next: pages/art/l/Serious-Friend.md
---

pages/art/l/Serious-Friend.md
---
name: I'm not Serious
path: "/assets/img/art/Serious-Friend.jpg"
date: 2020-04-07
number: 6
previous: pages/art/l/Psychic-Panhandler.md
next: pages/art/l/To-moon.md
---

pages/art/l/To-moon.md
---
name: To Moon
path: "/assets/img/art/To-moon.jpg"
date: 2020-04-08
number: 7
previous: pages/art/l/Serious-Friend.md
next: pages/art/l/Totem-and-star.md
---

pages/art/l/Totem-and-star.md
---
name: Totem and Star
path: "/assets/img/art/Totem-and-star.jpg"
date: 2020-04-09
number: 8
previous: pages/art/l/To-moon.md
next: pages/art/l/angel-dragons-color.md
---

pages/art/l/angel-dragons-color.md
---
name: Angel
path: "/assets/img/art/angel-dragons-color.jpg"
date: 2020-04-10
number: 9
previous: pages/art/l/Totem-and-star.md
next: pages/art/l/arrows-complex.md
---

pages/art/l/arrows-complex.md
---
name: Arrows
path: "/assets/img/art/arrows-complex.jpg"
date: 2020-04-11
number: 10
previous: pages/art/l/angel-dragons-color.md
next: pages/art/l/babybomb-color.md
---

pages/art/l/babybomb-color.md
---
name: Canon Bomb
path: "/assets/img/art/babybomb-color.jpg"
date: 2020-04-12
number: 11
previous: pages/art/l/arrows-complex.md
next: pages/art/l/casual-space-shock.md
---

pages/art/l/casual-space-shock.md
---
name: Casual Space Shock
path: "/assets/img/art/casual-space-shock.jpg"
date: 2020-04-13
number: 12
previous: pages/art/l/babybomb-color.md
next: pages/art/l/constrained.md
---

pages/art/l/constrained.md
---
name: Constrained
path: "/assets/img/art/constrained.jpg"
date: 2020-04-14
number: 13
previous: pages/art/l/casual-space-shock.md
next: pages/art/l/dragon-moon-king-spook.md
---

pages/art/l/dragon-moon-king-spook.md
---
name: Dragon and Smoking Moon
path: "/assets/img/art/dragon-moon-king-spook.jpg"
date: 2020-04-15
number: 14
previous: pages/art/l/constrained.md
next: pages/art/l/eye-within-flower-drawing.md
---

pages/art/l/eye-within-flower-drawing.md
---
name: Flower Eye
path: "/assets/img/art/eye-within-flower-drawing.jpg"
date: 2020-04-16
number: 15
previous: pages/art/l/dragon-moon-king-spook.md
next: pages/art/l/faces-complex-drawing.md
---

pages/art/l/faces-complex-drawing.md
---
name: Faces
path: "/assets/img/art/faces-complex-drawing.jpg"
date: 2020-04-17
number: 16
previous: pages/art/l/eye-within-flower-drawing.md
next: pages/art/l/fire-and-skulls.md
---

pages/art/l/fire-and-skulls.md
---
name: Fox
path: "/assets/img/art/fire-and-skulls.jpg"
date: 2020-04-18
number: 17
previous: pages/art/l/faces-complex-drawing.md
next: pages/art/l/kingspook-color.md
---

pages/art/l/kingspook-color.md
---
name: Kingspook
path: "/assets/img/art/kingspook-color.jpg"
date: 2020-04-19
number: 18
previous: pages/art/l/fire-and-skulls.md
next: pages/art/l/kingspook-complex-drawing.md
---

pages/art/l/kingspook-complex-drawing.md
---
name: Kingspook Etc.
path: "/assets/img/art/kingspook-complex-drawing.jpg"
date: 2020-04-20
number: 19
previous: pages/art/l/kingspook-color.md
next: pages/art/l/lady-searches.md
---

pages/art/l/lady-searches.md
---
name: Lady Searches For a Lover
path: "/assets/img/art/lady-searches.jpg"
date: 2020-04-21
number: 20
previous: pages/art/l/kingspook-complex-drawing.md
next: pages/art/l/life-is-drawing.md
---

pages/art/l/life-is-drawing.md
---
name: This That Life Is
path: "/assets/img/art/life-is-drawing.jpg"
date: 2020-04-22
number: 21
previous: pages/art/l/lady-searches.md
next: pages/art/l/lizard-wizard.md
---

pages/art/l/lizard-wizard.md
---
name: The Lizard Wizard
path: "/assets/img/art/lizard-wizard.jpg"
date: 2020-04-23
number: 22
previous: pages/art/l/life-is-drawing.md
next: pages/art/l/looking-outward.md
---

pages/art/l/looking-outward.md
---
name: Looking Outwards
path: "/assets/img/art/looking-outward.jpg"
date: 2020-04-24
number: 23
previous: pages/art/l/lizard-wizard.md
next: pages/art/l/man-with-knife.md
---

pages/art/l/man-with-knife.md
---
name: Man With Knife
path: "/assets/img/art/man-with-knife.jpg"
date: 2020-04-25
number: 24
previous: pages/art/l/looking-outward.md
next: pages/art/l/misunderstand.md
---

pages/art/l/misunderstand.md
---
name: Misunderstand Me
path: "/assets/img/art/misunderstand.jpg"
date: 2020-04-26
number: 25
previous: pages/art/l/man-with-knife.md
next: pages/art/l/poem-with-kitty.md
---

pages/art/l/poem-with-kitty.md
---
name: Suitcase Beside the Door
path: "/assets/img/art/poem-with-kitty.jpg"
date: 2020-04-27
number: 26
previous: pages/art/l/misunderstand.md
next: pages/art/l/poster.md
---

pages/art/l/poster.md
---
name: Soapy Smith's July 29
path: "/assets/img/art/poster.jpg"
date: 2020-04-28
number: 27
previous: pages/art/l/poem-with-kitty.md
next: pages/art/l/secret-circus.md
---

pages/art/l/secret-circus.md
---
name: Secret Circus
path: "/assets/img/art/secret-circus.jpg"
date: 2020-04-29
number: 28
previous: pages/art/l/poster.md
next: pages/art/l/sequential-symbols-faces.md
---

pages/art/l/sequential-symbols-faces.md
---
name: Comic Frames
path: "/assets/img/art/sequential-symbols-faces.jpg"
date: 2020-04-30
number: 29
previous: pages/art/l/secret-circus.md
next: pages/art/l/serious-sketch.md
---

pages/art/l/serious-sketch.md
---
name: Serious
path: "/assets/img/art/serious-sketch.jpg"
date: 2020-05-01
number: 30
previous: pages/art/l/sequential-symbols-faces.md
next: pages/art/l/smiley.md
---

pages/art/l/smiley.md
---
name: Bug
path: "/assets/img/art/smiley.jpg"
date: 2020-05-02
number: 31
previous: pages/art/l/serious-sketch.md
next: pages/art/l/smiling-red.md
---

pages/art/l/smiling-red.md
---
name: One-eyed Shooter
path: "/assets/img/art/smiling-red.jpg"
date: 2020-05-03
number: 32
previous: pages/art/l/smiley.md
next: pages/art/l/spaceman-etal.md
---

pages/art/l/spaceman-etal.md
---
name: Space Angel
path: "/assets/img/art/spaceman-etal.jpg"
date: 2020-05-04
number: 33
previous: pages/art/l/smiling-red.md
next: pages/art/l/stumbling-thunder.md
---

pages/art/l/stumbling-thunder.md
---
name: Stumbling Thunder
path: "/assets/img/art/stumbling-thunder.jpg"
date: 2020-05-05
number: 34
previous: pages/art/l/spaceman-etal.md
next: pages/art/l/totem-kingspook-gun-flower.md
---

pages/art/l/totem-kingspook-gun-flower.md
---
name: Kingspook Totem
path: "/assets/img/art/totem-kingspook-gun-flower.jpg"
date: 2020-05-06
number: 35
previous: pages/art/l/stumbling-thunder.md
next: pages/art/l/we-hates-the-badgers.md
---

pages/art/l/we-hates-the-badgers.md
---
name: We Hates The Badgers
path: "/assets/img/art/we-hates-the-badgers.jpg"
date: 2020-05-07
number: 36
previous: pages/art/l/totem-kingspook-gun-flower.md
next: pages/art/l/wrestle-with-fire.md
---

pages/art/l/wrestle-with-fire.md
---
name: Wrestle With Fire
path: "/assets/img/art/wrestle-with-fire.jpg"
date: 2020-05-08
number: 37
previous: pages/art/l/we-hates-the-badgers.md
next: pages/art/l/you-must-smoke-color.md
---

pages/art/l/you-must-smoke-color.md
---
name: You Must Smoke This
path: "/assets/img/art/you-must-smoke-color.jpg"
date: 2020-05-09
number: 38
previous: pages/art/l/wrestle-with-fire.md
next: pages/art/l/zaq-024.md
---

pages/art/l/zaq-024.md
---
name: Secret Circus 2
path: "/assets/img/art/zaq-024.jpg"
date: 2020-05-10
number: 39
previous: pages/art/l/you-must-smoke-color.md
next: pages/art/s/Accident-scene.md
---

pages/art/s/Accident-scene.md
---
name: Accident Scene
path: "/assets/img/art/Accident-scene.jpg"
date: 2020-05-11
number: 40
previous: pages/art/l/zaq-024.md
next: pages/art/s/Lucid-Awake.md
---

pages/art/s/Lucid-Awake.md
---
name: Lucid Awake
path: "/assets/img/art/Lucid-Awake.jpg"
date: 2020-05-12
number: 41
previous: pages/art/s/Accident-scene.md
next: pages/art/s/One-night-alive.md
---

pages/art/s/One-night-alive.md
---
name: One Night Alive
path: "/assets/img/art/One-night-alive.jpg"
date: 2020-05-13
number: 42
previous: pages/art/s/Lucid-Awake.md
next: pages/art/s/Record-Cover.md
---

pages/art/s/Record-Cover.md
---
name: Another Stupid Tiny Compilation
path: "/assets/img/art/Record-Cover.jpg"
date: 2020-05-14
number: 43
previous: pages/art/s/One-night-alive.md
next: pages/art/s/cut-a-bloody-swath-color.md
---

pages/art/s/cut-a-bloody-swath-color.md
---
name: Cut a Bloody Swath
path: "/assets/img/art/cut-a-bloody-swath-color.jpg"
date: 2020-05-15
number: 44
previous: pages/art/s/Record-Cover.md
next: pages/art/s/doubts-about-Jesus.md
---

pages/art/s/doubts-about-Jesus.md
---
name: Doubts About Jesus
path: "/assets/img/art/doubts-about-Jesus.jpg"
date: 2020-05-16
number: 45
previous: pages/art/s/cut-a-bloody-swath-color.md

pages/art/l/Be-No-Peace.md
---
name: Be No Peace Until the Feast
path: "/assets/img/art/Be-No-Peace.jpg"
date: 2020-04-01
number: 0
previous: 
next: pages/art/l/Burn-ya-skin-off.md
---

pages/art/l/Burn-ya-skin-off.md
---
name: Burn Ya Skin Off!
path: "/assets/img/art/Burn-ya-skin-off.jpg"
date: 2020-04-02
number: 1
previous: pages/art/l/Be-No-Peace.md
next: pages/art/l/Hypnotic-Erotic.md
---

pages/art/l/Hypnotic-Erotic.md
---
name: Hypnotic Erotic
path: "/assets/img/art/Hypnotic-Erotic.jpg"
date: 2020-04-03
number: 2
previous: pages/art/l/Burn-ya-skin-off.md
next: pages/art/l/King-Spook-Totem3.md
---

pages/art/l/King-Spook-Totem3.md
---
name: Door No 1 or Door No 2?
path: "/assets/img/art/King-Spook-Totem3.jpg"
date: 2020-04-04
number: 3
previous: pages/art/l/Hypnotic-Erotic.md
next: pages/art/l/Mixed-Sketch.md
---

pages/art/l/Mixed-Sketch.md
---
name: Out/In
path: "/assets/img/art/Mixed-Sketch.jpg"
date: 2020-04-05
number: 4
previous: pages/art/l/King-Spook-Totem3.md
next: pages/art/l/Psychic-Panhandler.md
---

pages/art/l/Psychic-Panhandler.md
---
name: Psychic Panhandler
path: "/assets/img/art/Psychic-Panhandler.jpg"
date: 2020-04-06
number: 5
previous: pages/art/l/Mixed-Sketch.md
next: pages/art/l/Serious-Friend.md
---

pages/art/l/Serious-Friend.md
---
name: I'm not Serious
path: "/assets/img/art/Serious-Friend.jpg"
date: 2020-04-07
number: 6
previous: pages/art/l/Psychic-Panhandler.md
next: pages/art/l/To-moon.md
---

pages/art/l/To-moon.md
---
name: To Moon
path: "/assets/img/art/To-moon.jpg"
date: 2020-04-08
number: 7
previous: pages/art/l/Serious-Friend.md
next: pages/art/l/Totem-and-star.md
---

pages/art/l/Totem-and-star.md
---
name: Totem and Star
path: "/assets/img/art/Totem-and-star.jpg"
date: 2020-04-09
number: 8
previous: pages/art/l/To-moon.md
next: pages/art/l/angel-dragons-color.md
---

pages/art/l/angel-dragons-color.md
---
name: Angel
path: "/assets/img/art/angel-dragons-color.jpg"
date: 2020-04-10
number: 9
previous: pages/art/l/Totem-and-star.md
next: pages/art/l/arrows-complex.md
---

pages/art/l/arrows-complex.md
---
name: Arrows
path: "/assets/img/art/arrows-complex.jpg"
date: 2020-04-11
number: 10
previous: pages/art/l/angel-dragons-color.md
next: pages/art/l/babybomb-color.md
---

pages/art/l/babybomb-color.md
---
name: Canon Bomb
path: "/assets/img/art/babybomb-color.jpg"
date: 2020-04-12
number: 11
previous: pages/art/l/arrows-complex.md
next: pages/art/l/casual-space-shock.md
---

pages/art/l/casual-space-shock.md
---
name: Casual Space Shock
path: "/assets/img/art/casual-space-shock.jpg"
date: 2020-04-13
number: 12
previous: pages/art/l/babybomb-color.md
next: pages/art/l/constrained.md
---

pages/art/l/constrained.md
---
name: Constrained
path: "/assets/img/art/constrained.jpg"
date: 2020-04-14
number: 13
previous: pages/art/l/casual-space-shock.md
next: pages/art/l/dragon-moon-king-spook.md
---

pages/art/l/dragon-moon-king-spook.md
---
name: Dragon and Smoking Moon
path: "/assets/img/art/dragon-moon-king-spook.jpg"
date: 2020-04-15
number: 14
previous: pages/art/l/constrained.md
next: pages/art/l/eye-within-flower-drawing.md
---

pages/art/l/eye-within-flower-drawing.md
---
name: Flower Eye
path: "/assets/img/art/eye-within-flower-drawing.jpg"
date: 2020-04-16
number: 15
previous: pages/art/l/dragon-moon-king-spook.md
next: pages/art/l/faces-complex-drawing.md
---

pages/art/l/faces-complex-drawing.md
---
name: Faces
path: "/assets/img/art/faces-complex-drawing.jpg"
date: 2020-04-17
number: 16
previous: pages/art/l/eye-within-flower-drawing.md
next: pages/art/l/fire-and-skulls.md
---

pages/art/l/fire-and-skulls.md
---
name: Fox
path: "/assets/img/art/fire-and-skulls.jpg"
date: 2020-04-18
number: 17
previous: pages/art/l/faces-complex-drawing.md
next: pages/art/l/kingspook-color.md
---

pages/art/l/kingspook-color.md
---
name: Kingspook
path: "/assets/img/art/kingspook-color.jpg"
date: 2020-04-19
number: 18
previous: pages/art/l/fire-and-skulls.md
next: pages/art/l/kingspook-complex-drawing.md
---

pages/art/l/kingspook-complex-drawing.md
---
name: Kingspook Etc.
path: "/assets/img/art/kingspook-complex-drawing.jpg"
date: 2020-04-20
number: 19
previous: pages/art/l/kingspook-color.md
next: pages/art/l/lady-searches.md
---

pages/art/l/lady-searches.md
---
name: Lady Searches For a Lover
path: "/assets/img/art/lady-searches.jpg"
date: 2020-04-21
number: 20
previous: pages/art/l/kingspook-complex-drawing.md
next: pages/art/l/life-is-drawing.md
---

pages/art/l/life-is-drawing.md
---
name: This That Life Is
path: "/assets/img/art/life-is-drawing.jpg"
date: 2020-04-22
number: 21
previous: pages/art/l/lady-searches.md
next: pages/art/l/lizard-wizard.md
---

pages/art/l/lizard-wizard.md
---
name: The Lizard Wizard
path: "/assets/img/art/lizard-wizard.jpg"
date: 2020-04-23
number: 22
previous: pages/art/l/life-is-drawing.md
next: pages/art/l/looking-outward.md
---

pages/art/l/looking-outward.md
---
name: Looking Outwards
path: "/assets/img/art/looking-outward.jpg"
date: 2020-04-24
number: 23
previous: pages/art/l/lizard-wizard.md
next: pages/art/l/man-with-knife.md
---

pages/art/l/man-with-knife.md
---
name: Man With Knife
path: "/assets/img/art/man-with-knife.jpg"
date: 2020-04-25
number: 24
previous: pages/art/l/looking-outward.md
next: pages/art/l/misunderstand.md
---

pages/art/l/misunderstand.md
---
name: Misunderstand Me
path: "/assets/img/art/misunderstand.jpg"
date: 2020-04-26
number: 25
previous: pages/art/l/man-with-knife.md
next: pages/art/l/poem-with-kitty.md
---

pages/art/l/poem-with-kitty.md
---
name: Suitcase Beside the Door
path: "/assets/img/art/poem-with-kitty.jpg"
date: 2020-04-27
number: 26
previous: pages/art/l/misunderstand.md
next: pages/art/l/poster.md
---

pages/art/l/poster.md
---
name: Soapy Smith's July 29
path: "/assets/img/art/poster.jpg"
date: 2020-04-28
number: 27
previous: pages/art/l/poem-with-kitty.md
next: pages/art/l/secret-circus.md
---

pages/art/l/secret-circus.md
---
name: Secret Circus
path: "/assets/img/art/secret-circus.jpg"
date: 2020-04-29
number: 28
previous: pages/art/l/poster.md
next: pages/art/l/sequential-symbols-faces.md
---

pages/art/l/sequential-symbols-faces.md
---
name: Comic Frames
path: "/assets/img/art/sequential-symbols-faces.jpg"
date: 2020-04-30
number: 29
previous: pages/art/l/secret-circus.md
next: pages/art/l/serious-sketch.md
---

pages/art/l/serious-sketch.md
---
name: Serious
path: "/assets/img/art/serious-sketch.jpg"
date: 2020-05-01
number: 30
previous: pages/art/l/sequential-symbols-faces.md
next: pages/art/l/smiley.md
---

pages/art/l/smiley.md
---
name: Bug
path: "/assets/img/art/smiley.jpg"
date: 2020-05-02
number: 31
previous: pages/art/l/serious-sketch.md
next: pages/art/l/smiling-red.md
---

pages/art/l/smiling-red.md
---
name: One-eyed Shooter
path: "/assets/img/art/smiling-red.jpg"
date: 2020-05-03
number: 32
previous: pages/art/l/smiley.md
next: pages/art/l/spaceman-etal.md
---

pages/art/l/spaceman-etal.md
---
name: Space Angel
path: "/assets/img/art/spaceman-etal.jpg"
date: 2020-05-04
number: 33
previous: pages/art/l/smiling-red.md
next: pages/art/l/stumbling-thunder.md
---

pages/art/l/stumbling-thunder.md
---
name: Stumbling Thunder
path: "/assets/img/art/stumbling-thunder.jpg"
date: 2020-05-05
number: 34
previous: pages/art/l/spaceman-etal.md
next: pages/art/l/totem-kingspook-gun-flower.md
---

pages/art/l/totem-kingspook-gun-flower.md
---
name: Kingspook Totem
path: "/assets/img/art/totem-kingspook-gun-flower.jpg"
date: 2020-05-06
number: 35
previous: pages/art/l/stumbling-thunder.md
next: pages/art/l/we-hates-the-badgers.md
---

pages/art/l/we-hates-the-badgers.md
---
name: We Hates The Badgers
path: "/assets/img/art/we-hates-the-badgers.jpg"
date: 2020-05-07
number: 36
previous: pages/art/l/totem-kingspook-gun-flower.md
next: pages/art/l/wrestle-with-fire.md
---

pages/art/l/wrestle-with-fire.md
---
name: Wrestle With Fire
path: "/assets/img/art/wrestle-with-fire.jpg"
date: 2020-05-08
number: 37
previous: pages/art/l/we-hates-the-badgers.md
next: pages/art/l/you-must-smoke-color.md
---

pages/art/l/you-must-smoke-color.md
---
name: You Must Smoke This
path: "/assets/img/art/you-must-smoke-color.jpg"
date: 2020-05-09
number: 38
previous: pages/art/l/wrestle-with-fire.md
next: pages/art/l/zaq-024.md
---

pages/art/l/zaq-024.md
---
name: Secret Circus 2
path: "/assets/img/art/zaq-024.jpg"
date: 2020-05-10
number: 39
previous: pages/art/l/you-must-smoke-color.md
next: pages/art/s/Accident-scene.md
---

pages/art/s/Accident-scene.md
---
name: Accident Scene
path: "/assets/img/art/Accident-scene.jpg"
date: 2020-05-11
number: 40
previous: pages/art/l/zaq-024.md
next: pages/art/s/Lucid-Awake.md
---

pages/art/s/Lucid-Awake.md
---
name: Lucid Awake
path: "/assets/img/art/Lucid-Awake.jpg"
date: 2020-05-12
number: 41
previous: pages/art/s/Accident-scene.md
next: pages/art/s/One-night-alive.md
---

pages/art/s/One-night-alive.md
---
name: One Night Alive
path: "/assets/img/art/One-night-alive.jpg"
date: 2020-05-13
number: 42
previous: pages/art/s/Lucid-Awake.md
next: pages/art/s/Record-Cover.md
---

pages/art/s/Record-Cover.md
---
name: Another Stupid Tiny Compilation
path: "/assets/img/art/Record-Cover.jpg"
date: 2020-05-14
number: 43
previous: pages/art/s/One-night-alive.md
next: pages/art/s/cut-a-bloody-swath-color.md
---

pages/art/s/cut-a-bloody-swath-color.md
---
name: Cut a Bloody Swath
path: "/assets/img/art/cut-a-bloody-swath-color.jpg"
date: 2020-05-15
number: 44
previous: pages/art/s/Record-Cover.md
next: pages/art/s/doubts-about-Jesus.md
---

pages/art/s/doubts-about-Jesus.md
---
name: Doubts About Jesus
path: "/assets/img/art/doubts-about-Jesus.jpg"
date: 2020-05-16
number: 45
previous: pages/art/s/cut-a-bloody-swath-color.md
next: pages/art/s/halo-man-color.md
---

pages/art/s/halo-man-color.md
---
name: Halo Head
path: "/assets/img/art/halo-man-color.jpg"
date: 2020-05-17
number: 46
previous: pages/art/s/doubts-about-Jesus.md

pages/art/l/Be-No-Peace.md
---
name: Be No Peace Until the Feast
path: "/assets/img/art/Be-No-Peace.jpg"
date: 2020-04-01
number: 0
previous: 
next: pages/art/l/Burn-ya-skin-off.md
---

pages/art/l/Burn-ya-skin-off.md
---
name: Burn Ya Skin Off!
path: "/assets/img/art/Burn-ya-skin-off.jpg"
date: 2020-04-02
number: 1
previous: pages/art/l/Be-No-Peace.md
next: pages/art/l/Hypnotic-Erotic.md
---

pages/art/l/Hypnotic-Erotic.md
---
name: Hypnotic Erotic
path: "/assets/img/art/Hypnotic-Erotic.jpg"
date: 2020-04-03
number: 2
previous: pages/art/l/Burn-ya-skin-off.md
next: pages/art/l/King-Spook-Totem3.md
---

pages/art/l/King-Spook-Totem3.md
---
name: Door No 1 or Door No 2?
path: "/assets/img/art/King-Spook-Totem3.jpg"
date: 2020-04-04
number: 3
previous: pages/art/l/Hypnotic-Erotic.md
next: pages/art/l/Mixed-Sketch.md
---

pages/art/l/Mixed-Sketch.md
---
name: Out/In
path: "/assets/img/art/Mixed-Sketch.jpg"
date: 2020-04-05
number: 4
previous: pages/art/l/King-Spook-Totem3.md
next: pages/art/l/Psychic-Panhandler.md
---

pages/art/l/Psychic-Panhandler.md
---
name: Psychic Panhandler
path: "/assets/img/art/Psychic-Panhandler.jpg"
date: 2020-04-06
number: 5
previous: pages/art/l/Mixed-Sketch.md
next: pages/art/l/Serious-Friend.md
---

pages/art/l/Serious-Friend.md
---
name: I'm not Serious
path: "/assets/img/art/Serious-Friend.jpg"
date: 2020-04-07
number: 6
previous: pages/art/l/Psychic-Panhandler.md
next: pages/art/l/To-moon.md
---

pages/art/l/To-moon.md
---
name: To Moon
path: "/assets/img/art/To-moon.jpg"
date: 2020-04-08
number: 7
previous: pages/art/l/Serious-Friend.md
next: pages/art/l/Totem-and-star.md
---

pages/art/l/Totem-and-star.md
---
name: Totem and Star
path: "/assets/img/art/Totem-and-star.jpg"
date: 2020-04-09
number: 8
previous: pages/art/l/To-moon.md
next: pages/art/l/angel-dragons-color.md
---

pages/art/l/angel-dragons-color.md
---
name: Angel
path: "/assets/img/art/angel-dragons-color.jpg"
date: 2020-04-10
number: 9
previous: pages/art/l/Totem-and-star.md
next: pages/art/l/arrows-complex.md
---

pages/art/l/arrows-complex.md
---
name: Arrows
path: "/assets/img/art/arrows-complex.jpg"
date: 2020-04-11
number: 10
previous: pages/art/l/angel-dragons-color.md
next: pages/art/l/babybomb-color.md
---

pages/art/l/babybomb-color.md
---
name: Canon Bomb
path: "/assets/img/art/babybomb-color.jpg"
date: 2020-04-12
number: 11
previous: pages/art/l/arrows-complex.md
next: pages/art/l/casual-space-shock.md
---

pages/art/l/casual-space-shock.md
---
name: Casual Space Shock
path: "/assets/img/art/casual-space-shock.jpg"
date: 2020-04-13
number: 12
previous: pages/art/l/babybomb-color.md
next: pages/art/l/constrained.md
---

pages/art/l/constrained.md
---
name: Constrained
path: "/assets/img/art/constrained.jpg"
date: 2020-04-14
number: 13
previous: pages/art/l/casual-space-shock.md
next: pages/art/l/dragon-moon-king-spook.md
---

pages/art/l/dragon-moon-king-spook.md
---
name: Dragon and Smoking Moon
path: "/assets/img/art/dragon-moon-king-spook.jpg"
date: 2020-04-15
number: 14
previous: pages/art/l/constrained.md
next: pages/art/l/eye-within-flower-drawing.md
---

pages/art/l/eye-within-flower-drawing.md
---
name: Flower Eye
path: "/assets/img/art/eye-within-flower-drawing.jpg"
date: 2020-04-16
number: 15
previous: pages/art/l/dragon-moon-king-spook.md
next: pages/art/l/faces-complex-drawing.md
---

pages/art/l/faces-complex-drawing.md
---
name: Faces
path: "/assets/img/art/faces-complex-drawing.jpg"
date: 2020-04-17
number: 16
previous: pages/art/l/eye-within-flower-drawing.md
next: pages/art/l/fire-and-skulls.md
---

pages/art/l/fire-and-skulls.md
---
name: Fox
path: "/assets/img/art/fire-and-skulls.jpg"
date: 2020-04-18
number: 17
previous: pages/art/l/faces-complex-drawing.md
next: pages/art/l/kingspook-color.md
---

pages/art/l/kingspook-color.md
---
name: Kingspook
path: "/assets/img/art/kingspook-color.jpg"
date: 2020-04-19
number: 18
previous: pages/art/l/fire-and-skulls.md
next: pages/art/l/kingspook-complex-drawing.md
---

pages/art/l/kingspook-complex-drawing.md
---
name: Kingspook Etc.
path: "/assets/img/art/kingspook-complex-drawing.jpg"
date: 2020-04-20
number: 19
previous: pages/art/l/kingspook-color.md
next: pages/art/l/lady-searches.md
---

pages/art/l/lady-searches.md
---
name: Lady Searches For a Lover
path: "/assets/img/art/lady-searches.jpg"
date: 2020-04-21
number: 20
previous: pages/art/l/kingspook-complex-drawing.md
next: pages/art/l/life-is-drawing.md
---

pages/art/l/life-is-drawing.md
---
name: This That Life Is
path: "/assets/img/art/life-is-drawing.jpg"
date: 2020-04-22
number: 21
previous: pages/art/l/lady-searches.md
next: pages/art/l/lizard-wizard.md
---

pages/art/l/lizard-wizard.md
---
name: The Lizard Wizard
path: "/assets/img/art/lizard-wizard.jpg"
date: 2020-04-23
number: 22
previous: pages/art/l/life-is-drawing.md
next: pages/art/l/looking-outward.md
---

pages/art/l/looking-outward.md
---
name: Looking Outwards
path: "/assets/img/art/looking-outward.jpg"
date: 2020-04-24
number: 23
previous: pages/art/l/lizard-wizard.md
next: pages/art/l/man-with-knife.md
---

pages/art/l/man-with-knife.md
---
name: Man With Knife
path: "/assets/img/art/man-with-knife.jpg"
date: 2020-04-25
number: 24
previous: pages/art/l/looking-outward.md
next: pages/art/l/misunderstand.md
---

pages/art/l/misunderstand.md
---
name: Misunderstand Me
path: "/assets/img/art/misunderstand.jpg"
date: 2020-04-26
number: 25
previous: pages/art/l/man-with-knife.md
next: pages/art/l/poem-with-kitty.md
---

pages/art/l/poem-with-kitty.md
---
name: Suitcase Beside the Door
path: "/assets/img/art/poem-with-kitty.jpg"
date: 2020-04-27
number: 26
previous: pages/art/l/misunderstand.md
next: pages/art/l/poster.md
---

pages/art/l/poster.md
---
name: Soapy Smith's July 29
path: "/assets/img/art/poster.jpg"
date: 2020-04-28
number: 27
previous: pages/art/l/poem-with-kitty.md
next: pages/art/l/secret-circus.md
---

pages/art/l/secret-circus.md
---
name: Secret Circus
path: "/assets/img/art/secret-circus.jpg"
date: 2020-04-29
number: 28
previous: pages/art/l/poster.md
next: pages/art/l/sequential-symbols-faces.md
---

pages/art/l/sequential-symbols-faces.md
---
name: Comic Frames
path: "/assets/img/art/sequential-symbols-faces.jpg"
date: 2020-04-30
number: 29
previous: pages/art/l/secret-circus.md
next: pages/art/l/serious-sketch.md
---

pages/art/l/serious-sketch.md
---
name: Serious
path: "/assets/img/art/serious-sketch.jpg"
date: 2020-05-01
number: 30
previous: pages/art/l/sequential-symbols-faces.md
next: pages/art/l/smiley.md
---

pages/art/l/smiley.md
---
name: Bug
path: "/assets/img/art/smiley.jpg"
date: 2020-05-02
number: 31
previous: pages/art/l/serious-sketch.md
next: pages/art/l/smiling-red.md
---

pages/art/l/smiling-red.md
---
name: One-eyed Shooter
path: "/assets/img/art/smiling-red.jpg"
date: 2020-05-03
number: 32
previous: pages/art/l/smiley.md
next: pages/art/l/spaceman-etal.md
---

pages/art/l/spaceman-etal.md
---
name: Space Angel
path: "/assets/img/art/spaceman-etal.jpg"
date: 2020-05-04
number: 33
previous: pages/art/l/smiling-red.md
next: pages/art/l/stumbling-thunder.md
---

pages/art/l/stumbling-thunder.md
---
name: Stumbling Thunder
path: "/assets/img/art/stumbling-thunder.jpg"
date: 2020-05-05
number: 34
previous: pages/art/l/spaceman-etal.md
next: pages/art/l/totem-kingspook-gun-flower.md
---

pages/art/l/totem-kingspook-gun-flower.md
---
name: Kingspook Totem
path: "/assets/img/art/totem-kingspook-gun-flower.jpg"
date: 2020-05-06
number: 35
previous: pages/art/l/stumbling-thunder.md
next: pages/art/l/we-hates-the-badgers.md
---

pages/art/l/we-hates-the-badgers.md
---
name: We Hates The Badgers
path: "/assets/img/art/we-hates-the-badgers.jpg"
date: 2020-05-07
number: 36
previous: pages/art/l/totem-kingspook-gun-flower.md
next: pages/art/l/wrestle-with-fire.md
---

pages/art/l/wrestle-with-fire.md
---
name: Wrestle With Fire
path: "/assets/img/art/wrestle-with-fire.jpg"
date: 2020-05-08
number: 37
previous: pages/art/l/we-hates-the-badgers.md
next: pages/art/l/you-must-smoke-color.md
---

pages/art/l/you-must-smoke-color.md
---
name: You Must Smoke This
path: "/assets/img/art/you-must-smoke-color.jpg"
date: 2020-05-09
number: 38
previous: pages/art/l/wrestle-with-fire.md
next: pages/art/l/zaq-024.md
---

pages/art/l/zaq-024.md
---
name: Secret Circus 2
path: "/assets/img/art/zaq-024.jpg"
date: 2020-05-10
number: 39
previous: pages/art/l/you-must-smoke-color.md
next: pages/art/s/Accident-scene.md
---

pages/art/s/Accident-scene.md
---
name: Accident Scene
path: "/assets/img/art/Accident-scene.jpg"
date: 2020-05-11
number: 40
previous: pages/art/l/zaq-024.md
next: pages/art/s/Lucid-Awake.md
---

pages/art/s/Lucid-Awake.md
---
name: Lucid Awake
path: "/assets/img/art/Lucid-Awake.jpg"
date: 2020-05-12
number: 41
previous: pages/art/s/Accident-scene.md
next: pages/art/s/One-night-alive.md
---

pages/art/s/One-night-alive.md
---
name: One Night Alive
path: "/assets/img/art/One-night-alive.jpg"
date: 2020-05-13
number: 42
previous: pages/art/s/Lucid-Awake.md
next: pages/art/s/Record-Cover.md
---

pages/art/s/Record-Cover.md
---
name: Another Stupid Tiny Compilation
path: "/assets/img/art/Record-Cover.jpg"
date: 2020-05-14
number: 43
previous: pages/art/s/One-night-alive.md
next: pages/art/s/cut-a-bloody-swath-color.md
---

pages/art/s/cut-a-bloody-swath-color.md
---
name: Cut a Bloody Swath
path: "/assets/img/art/cut-a-bloody-swath-color.jpg"
date: 2020-05-15
number: 44
previous: pages/art/s/Record-Cover.md
next: pages/art/s/doubts-about-Jesus.md
---

pages/art/s/doubts-about-Jesus.md
---
name: Doubts About Jesus
path: "/assets/img/art/doubts-about-Jesus.jpg"
date: 2020-05-16
number: 45
previous: pages/art/s/cut-a-bloody-swath-color.md
next: pages/art/s/halo-man-color.md
---

pages/art/s/halo-man-color.md
---
name: Halo Head
path: "/assets/img/art/halo-man-color.jpg"
date: 2020-05-17
number: 46
previous: pages/art/s/doubts-about-Jesus.md
next: pages/art/s/item-12-drawing.md
---

pages/art/s/item-12-drawing.md
---
name: Item 12
path: "/assets/img/art/item-12-drawing.jpg"
date: 2020-05-18
number: 47
previous: pages/art/s/halo-man-color.md

pages/art/l/Be-No-Peace.md
---
name: Be No Peace Until the Feast
path: "/assets/img/art/Be-No-Peace.jpg"
date: 2020-04-01
number: 0
previous: 
next: pages/art/l/Burn-ya-skin-off.md
---

pages/art/l/Burn-ya-skin-off.md
---
name: Burn Ya Skin Off!
path: "/assets/img/art/Burn-ya-skin-off.jpg"
date: 2020-04-02
number: 1
previous: pages/art/l/Be-No-Peace.md
next: pages/art/l/Hypnotic-Erotic.md
---

pages/art/l/Hypnotic-Erotic.md
---
name: Hypnotic Erotic
path: "/assets/img/art/Hypnotic-Erotic.jpg"
date: 2020-04-03
number: 2
previous: pages/art/l/Burn-ya-skin-off.md
next: pages/art/l/King-Spook-Totem3.md
---

pages/art/l/King-Spook-Totem3.md
---
name: Door No 1 or Door No 2?
path: "/assets/img/art/King-Spook-Totem3.jpg"
date: 2020-04-04
number: 3
previous: pages/art/l/Hypnotic-Erotic.md
next: pages/art/l/Mixed-Sketch.md
---

pages/art/l/Mixed-Sketch.md
---
name: Out/In
path: "/assets/img/art/Mixed-Sketch.jpg"
date: 2020-04-05
number: 4
previous: pages/art/l/King-Spook-Totem3.md
next: pages/art/l/Psychic-Panhandler.md
---

pages/art/l/Psychic-Panhandler.md
---
name: Psychic Panhandler
path: "/assets/img/art/Psychic-Panhandler.jpg"
date: 2020-04-06
number: 5
previous: pages/art/l/Mixed-Sketch.md
next: pages/art/l/Serious-Friend.md
---

pages/art/l/Serious-Friend.md
---
name: I'm not Serious
path: "/assets/img/art/Serious-Friend.jpg"
date: 2020-04-07
number: 6
previous: pages/art/l/Psychic-Panhandler.md
next: pages/art/l/To-moon.md
---

pages/art/l/To-moon.md
---
name: To Moon
path: "/assets/img/art/To-moon.jpg"
date: 2020-04-08
number: 7
previous: pages/art/l/Serious-Friend.md
next: pages/art/l/Totem-and-star.md
---

pages/art/l/Totem-and-star.md
---
name: Totem and Star
path: "/assets/img/art/Totem-and-star.jpg"
date: 2020-04-09
number: 8
previous: pages/art/l/To-moon.md
next: pages/art/l/angel-dragons-color.md
---

pages/art/l/angel-dragons-color.md
---
name: Angel
path: "/assets/img/art/angel-dragons-color.jpg"
date: 2020-04-10
number: 9
previous: pages/art/l/Totem-and-star.md
next: pages/art/l/arrows-complex.md
---

pages/art/l/arrows-complex.md
---
name: Arrows
path: "/assets/img/art/arrows-complex.jpg"
date: 2020-04-11
number: 10
previous: pages/art/l/angel-dragons-color.md
next: pages/art/l/babybomb-color.md
---

pages/art/l/babybomb-color.md
---
name: Canon Bomb
path: "/assets/img/art/babybomb-color.jpg"
date: 2020-04-12
number: 11
previous: pages/art/l/arrows-complex.md
next: pages/art/l/casual-space-shock.md
---

pages/art/l/casual-space-shock.md
---
name: Casual Space Shock
path: "/assets/img/art/casual-space-shock.jpg"
date: 2020-04-13
number: 12
previous: pages/art/l/babybomb-color.md
next: pages/art/l/constrained.md
---

pages/art/l/constrained.md
---
name: Constrained
path: "/assets/img/art/constrained.jpg"
date: 2020-04-14
number: 13
previous: pages/art/l/casual-space-shock.md
next: pages/art/l/dragon-moon-king-spook.md
---

pages/art/l/dragon-moon-king-spook.md
---
name: Dragon and Smoking Moon
path: "/assets/img/art/dragon-moon-king-spook.jpg"
date: 2020-04-15
number: 14
previous: pages/art/l/constrained.md
next: pages/art/l/eye-within-flower-drawing.md
---

pages/art/l/eye-within-flower-drawing.md
---
name: Flower Eye
path: "/assets/img/art/eye-within-flower-drawing.jpg"
date: 2020-04-16
number: 15
previous: pages/art/l/dragon-moon-king-spook.md
next: pages/art/l/faces-complex-drawing.md
---

pages/art/l/faces-complex-drawing.md
---
name: Faces
path: "/assets/img/art/faces-complex-drawing.jpg"
date: 2020-04-17
number: 16
previous: pages/art/l/eye-within-flower-drawing.md
next: pages/art/l/fire-and-skulls.md
---

pages/art/l/fire-and-skulls.md
---
name: Fox
path: "/assets/img/art/fire-and-skulls.jpg"
date: 2020-04-18
number: 17
previous: pages/art/l/faces-complex-drawing.md
next: pages/art/l/kingspook-color.md
---

pages/art/l/kingspook-color.md
---
name: Kingspook
path: "/assets/img/art/kingspook-color.jpg"
date: 2020-04-19
number: 18
previous: pages/art/l/fire-and-skulls.md
next: pages/art/l/kingspook-complex-drawing.md
---

pages/art/l/kingspook-complex-drawing.md
---
name: Kingspook Etc.
path: "/assets/img/art/kingspook-complex-drawing.jpg"
date: 2020-04-20
number: 19
previous: pages/art/l/kingspook-color.md
next: pages/art/l/lady-searches.md
---

pages/art/l/lady-searches.md
---
name: Lady Searches For a Lover
path: "/assets/img/art/lady-searches.jpg"
date: 2020-04-21
number: 20
previous: pages/art/l/kingspook-complex-drawing.md
next: pages/art/l/life-is-drawing.md
---

pages/art/l/life-is-drawing.md
---
name: This That Life Is
path: "/assets/img/art/life-is-drawing.jpg"
date: 2020-04-22
number: 21
previous: pages/art/l/lady-searches.md
next: pages/art/l/lizard-wizard.md
---

pages/art/l/lizard-wizard.md
---
name: The Lizard Wizard
path: "/assets/img/art/lizard-wizard.jpg"
date: 2020-04-23
number: 22
previous: pages/art/l/life-is-drawing.md
next: pages/art/l/looking-outward.md
---

pages/art/l/looking-outward.md
---
name: Looking Outwards
path: "/assets/img/art/looking-outward.jpg"
date: 2020-04-24
number: 23
previous: pages/art/l/lizard-wizard.md
next: pages/art/l/man-with-knife.md
---

pages/art/l/man-with-knife.md
---
name: Man With Knife
path: "/assets/img/art/man-with-knife.jpg"
date: 2020-04-25
number: 24
previous: pages/art/l/looking-outward.md
next: pages/art/l/misunderstand.md
---

pages/art/l/misunderstand.md
---
name: Misunderstand Me
path: "/assets/img/art/misunderstand.jpg"
date: 2020-04-26
number: 25
previous: pages/art/l/man-with-knife.md
next: pages/art/l/poem-with-kitty.md
---

pages/art/l/poem-with-kitty.md
---
name: Suitcase Beside the Door
path: "/assets/img/art/poem-with-kitty.jpg"
date: 2020-04-27
number: 26
previous: pages/art/l/misunderstand.md
next: pages/art/l/poster.md
---

pages/art/l/poster.md
---
name: Soapy Smith's July 29
path: "/assets/img/art/poster.jpg"
date: 2020-04-28
number: 27
previous: pages/art/l/poem-with-kitty.md
next: pages/art/l/secret-circus.md
---

pages/art/l/secret-circus.md
---
name: Secret Circus
path: "/assets/img/art/secret-circus.jpg"
date: 2020-04-29
number: 28
previous: pages/art/l/poster.md
next: pages/art/l/sequential-symbols-faces.md
---

pages/art/l/sequential-symbols-faces.md
---
name: Comic Frames
path: "/assets/img/art/sequential-symbols-faces.jpg"
date: 2020-04-30
number: 29
previous: pages/art/l/secret-circus.md
next: pages/art/l/serious-sketch.md
---

pages/art/l/serious-sketch.md
---
name: Serious
path: "/assets/img/art/serious-sketch.jpg"
date: 2020-05-01
number: 30
previous: pages/art/l/sequential-symbols-faces.md
next: pages/art/l/smiley.md
---

pages/art/l/smiley.md
---
name: Bug
path: "/assets/img/art/smiley.jpg"
date: 2020-05-02
number: 31
previous: pages/art/l/serious-sketch.md
next: pages/art/l/smiling-red.md
---

pages/art/l/smiling-red.md
---
name: One-eyed Shooter
path: "/assets/img/art/smiling-red.jpg"
date: 2020-05-03
number: 32
previous: pages/art/l/smiley.md
next: pages/art/l/spaceman-etal.md
---

pages/art/l/spaceman-etal.md
---
name: Space Angel
path: "/assets/img/art/spaceman-etal.jpg"
date: 2020-05-04
number: 33
previous: pages/art/l/smiling-red.md
next: pages/art/l/stumbling-thunder.md
---

pages/art/l/stumbling-thunder.md
---
name: Stumbling Thunder
path: "/assets/img/art/stumbling-thunder.jpg"
date: 2020-05-05
number: 34
previous: pages/art/l/spaceman-etal.md
next: pages/art/l/totem-kingspook-gun-flower.md
---

pages/art/l/totem-kingspook-gun-flower.md
---
name: Kingspook Totem
path: "/assets/img/art/totem-kingspook-gun-flower.jpg"
date: 2020-05-06
number: 35
previous: pages/art/l/stumbling-thunder.md
next: pages/art/l/we-hates-the-badgers.md
---

pages/art/l/we-hates-the-badgers.md
---
name: We Hates The Badgers
path: "/assets/img/art/we-hates-the-badgers.jpg"
date: 2020-05-07
number: 36
previous: pages/art/l/totem-kingspook-gun-flower.md
next: pages/art/l/wrestle-with-fire.md
---

pages/art/l/wrestle-with-fire.md
---
name: Wrestle With Fire
path: "/assets/img/art/wrestle-with-fire.jpg"
date: 2020-05-08
number: 37
previous: pages/art/l/we-hates-the-badgers.md
next: pages/art/l/you-must-smoke-color.md
---

pages/art/l/you-must-smoke-color.md
---
name: You Must Smoke This
path: "/assets/img/art/you-must-smoke-color.jpg"
date: 2020-05-09
number: 38
previous: pages/art/l/wrestle-with-fire.md
next: pages/art/l/zaq-024.md
---

pages/art/l/zaq-024.md
---
name: Secret Circus 2
path: "/assets/img/art/zaq-024.jpg"
date: 2020-05-10
number: 39
previous: pages/art/l/you-must-smoke-color.md
next: pages/art/s/Accident-scene.md
---

pages/art/s/Accident-scene.md
---
name: Accident Scene
path: "/assets/img/art/Accident-scene.jpg"
date: 2020-05-11
number: 40
previous: pages/art/l/zaq-024.md
next: pages/art/s/Lucid-Awake.md
---

pages/art/s/Lucid-Awake.md
---
name: Lucid Awake
path: "/assets/img/art/Lucid-Awake.jpg"
date: 2020-05-12
number: 41
previous: pages/art/s/Accident-scene.md
next: pages/art/s/One-night-alive.md
---

pages/art/s/One-night-alive.md
---
name: One Night Alive
path: "/assets/img/art/One-night-alive.jpg"
date: 2020-05-13
number: 42
previous: pages/art/s/Lucid-Awake.md
next: pages/art/s/Record-Cover.md
---

pages/art/s/Record-Cover.md
---
name: Another Stupid Tiny Compilation
path: "/assets/img/art/Record-Cover.jpg"
date: 2020-05-14
number: 43
previous: pages/art/s/One-night-alive.md
next: pages/art/s/cut-a-bloody-swath-color.md
---

pages/art/s/cut-a-bloody-swath-color.md
---
name: Cut a Bloody Swath
path: "/assets/img/art/cut-a-bloody-swath-color.jpg"
date: 2020-05-15
number: 44
previous: pages/art/s/Record-Cover.md
next: pages/art/s/doubts-about-Jesus.md
---

pages/art/s/doubts-about-Jesus.md
---
name: Doubts About Jesus
path: "/assets/img/art/doubts-about-Jesus.jpg"
date: 2020-05-16
number: 45
previous: pages/art/s/cut-a-bloody-swath-color.md
next: pages/art/s/halo-man-color.md
---

pages/art/s/halo-man-color.md
---
name: Halo Head
path: "/assets/img/art/halo-man-color.jpg"
date: 2020-05-17
number: 46
previous: pages/art/s/doubts-about-Jesus.md
next: pages/art/s/item-12-drawing.md
---

pages/art/s/item-12-drawing.md
---
name: Item 12
path: "/assets/img/art/item-12-drawing.jpg"
date: 2020-05-18
number: 47
previous: pages/art/s/halo-man-color.md
next: pages/art/s/orange-figure.md
---

pages/art/s/orange-figure.md
---
name: Orange Marker
path: "/assets/img/art/orange-figure.jpg"
date: 2020-05-19
number: 48
previous: pages/art/s/item-12-drawing.md

pages/art/l/Be-No-Peace.md
---
name: Be No Peace Until the Feast
path: "/assets/img/art/Be-No-Peace.jpg"
date: 2020-04-01
number: 0
previous: 
next: pages/art/l/Burn-ya-skin-off.md
---

pages/art/l/Burn-ya-skin-off.md
---
name: Burn Ya Skin Off!
path: "/assets/img/art/Burn-ya-skin-off.jpg"
date: 2020-04-02
number: 1
previous: pages/art/l/Be-No-Peace.md
next: pages/art/l/Hypnotic-Erotic.md
---

pages/art/l/Hypnotic-Erotic.md
---
name: Hypnotic Erotic
path: "/assets/img/art/Hypnotic-Erotic.jpg"
date: 2020-04-03
number: 2
previous: pages/art/l/Burn-ya-skin-off.md
next: pages/art/l/King-Spook-Totem3.md
---

pages/art/l/King-Spook-Totem3.md
---
name: Door No 1 or Door No 2?
path: "/assets/img/art/King-Spook-Totem3.jpg"
date: 2020-04-04
number: 3
previous: pages/art/l/Hypnotic-Erotic.md
next: pages/art/l/Mixed-Sketch.md
---

pages/art/l/Mixed-Sketch.md
---
name: Out/In
path: "/assets/img/art/Mixed-Sketch.jpg"
date: 2020-04-05
number: 4
previous: pages/art/l/King-Spook-Totem3.md
next: pages/art/l/Psychic-Panhandler.md
---

pages/art/l/Psychic-Panhandler.md
---
name: Psychic Panhandler
path: "/assets/img/art/Psychic-Panhandler.jpg"
date: 2020-04-06
number: 5
previous: pages/art/l/Mixed-Sketch.md
next: pages/art/l/Serious-Friend.md
---

pages/art/l/Serious-Friend.md
---
name: I'm not Serious
path: "/assets/img/art/Serious-Friend.jpg"
date: 2020-04-07
number: 6
previous: pages/art/l/Psychic-Panhandler.md
next: pages/art/l/To-moon.md
---

pages/art/l/To-moon.md
---
name: To Moon
path: "/assets/img/art/To-moon.jpg"
date: 2020-04-08
number: 7
previous: pages/art/l/Serious-Friend.md
next: pages/art/l/Totem-and-star.md
---

pages/art/l/Totem-and-star.md
---
name: Totem and Star
path: "/assets/img/art/Totem-and-star.jpg"
date: 2020-04-09
number: 8
previous: pages/art/l/To-moon.md
next: pages/art/l/angel-dragons-color.md
---

pages/art/l/angel-dragons-color.md
---
name: Angel
path: "/assets/img/art/angel-dragons-color.jpg"
date: 2020-04-10
number: 9
previous: pages/art/l/Totem-and-star.md
next: pages/art/l/arrows-complex.md
---

pages/art/l/arrows-complex.md
---
name: Arrows
path: "/assets/img/art/arrows-complex.jpg"
date: 2020-04-11
number: 10
previous: pages/art/l/angel-dragons-color.md
next: pages/art/l/babybomb-color.md
---

pages/art/l/babybomb-color.md
---
name: Canon Bomb
path: "/assets/img/art/babybomb-color.jpg"
date: 2020-04-12
number: 11
previous: pages/art/l/arrows-complex.md
next: pages/art/l/casual-space-shock.md
---

pages/art/l/casual-space-shock.md
---
name: Casual Space Shock
path: "/assets/img/art/casual-space-shock.jpg"
date: 2020-04-13
number: 12
previous: pages/art/l/babybomb-color.md
next: pages/art/l/constrained.md
---

pages/art/l/constrained.md
---
name: Constrained
path: "/assets/img/art/constrained.jpg"
date: 2020-04-14
number: 13
previous: pages/art/l/casual-space-shock.md
next: pages/art/l/dragon-moon-king-spook.md
---

pages/art/l/dragon-moon-king-spook.md
---
name: Dragon and Smoking Moon
path: "/assets/img/art/dragon-moon-king-spook.jpg"
date: 2020-04-15
number: 14
previous: pages/art/l/constrained.md
next: pages/art/l/eye-within-flower-drawing.md
---

pages/art/l/eye-within-flower-drawing.md
---
name: Flower Eye
path: "/assets/img/art/eye-within-flower-drawing.jpg"
date: 2020-04-16
number: 15
previous: pages/art/l/dragon-moon-king-spook.md
next: pages/art/l/faces-complex-drawing.md
---

pages/art/l/faces-complex-drawing.md
---
name: Faces
path: "/assets/img/art/faces-complex-drawing.jpg"
date: 2020-04-17
number: 16
previous: pages/art/l/eye-within-flower-drawing.md
next: pages/art/l/fire-and-skulls.md
---

pages/art/l/fire-and-skulls.md
---
name: Fox
path: "/assets/img/art/fire-and-skulls.jpg"
date: 2020-04-18
number: 17
previous: pages/art/l/faces-complex-drawing.md
next: pages/art/l/kingspook-color.md
---

pages/art/l/kingspook-color.md
---
name: Kingspook
path: "/assets/img/art/kingspook-color.jpg"
date: 2020-04-19
number: 18
previous: pages/art/l/fire-and-skulls.md
next: pages/art/l/kingspook-complex-drawing.md
---

pages/art/l/kingspook-complex-drawing.md
---
name: Kingspook Etc.
path: "/assets/img/art/kingspook-complex-drawing.jpg"
date: 2020-04-20
number: 19
previous: pages/art/l/kingspook-color.md
next: pages/art/l/lady-searches.md
---

pages/art/l/lady-searches.md
---
name: Lady Searches For a Lover
path: "/assets/img/art/lady-searches.jpg"
date: 2020-04-21
number: 20
previous: pages/art/l/kingspook-complex-drawing.md
next: pages/art/l/life-is-drawing.md
---

pages/art/l/life-is-drawing.md
---
name: This That Life Is
path: "/assets/img/art/life-is-drawing.jpg"
date: 2020-04-22
number: 21
previous: pages/art/l/lady-searches.md
next: pages/art/l/lizard-wizard.md
---

pages/art/l/lizard-wizard.md
---
name: The Lizard Wizard
path: "/assets/img/art/lizard-wizard.jpg"
date: 2020-04-23
number: 22
previous: pages/art/l/life-is-drawing.md
next: pages/art/l/looking-outward.md
---

pages/art/l/looking-outward.md
---
name: Looking Outwards
path: "/assets/img/art/looking-outward.jpg"
date: 2020-04-24
number: 23
previous: pages/art/l/lizard-wizard.md
next: pages/art/l/man-with-knife.md
---

pages/art/l/man-with-knife.md
---
name: Man With Knife
path: "/assets/img/art/man-with-knife.jpg"
date: 2020-04-25
number: 24
previous: pages/art/l/looking-outward.md
next: pages/art/l/misunderstand.md
---

pages/art/l/misunderstand.md
---
name: Misunderstand Me
path: "/assets/img/art/misunderstand.jpg"
date: 2020-04-26
number: 25
previous: pages/art/l/man-with-knife.md
next: pages/art/l/poem-with-kitty.md
---

pages/art/l/poem-with-kitty.md
---
name: Suitcase Beside the Door
path: "/assets/img/art/poem-with-kitty.jpg"
date: 2020-04-27
number: 26
previous: pages/art/l/misunderstand.md
next: pages/art/l/poster.md
---

pages/art/l/poster.md
---
name: Soapy Smith's July 29
path: "/assets/img/art/poster.jpg"
date: 2020-04-28
number: 27
previous: pages/art/l/poem-with-kitty.md
next: pages/art/l/secret-circus.md
---

pages/art/l/secret-circus.md
---
name: Secret Circus
path: "/assets/img/art/secret-circus.jpg"
date: 2020-04-29
number: 28
previous: pages/art/l/poster.md
next: pages/art/l/sequential-symbols-faces.md
---

pages/art/l/sequential-symbols-faces.md
---
name: Comic Frames
path: "/assets/img/art/sequential-symbols-faces.jpg"
date: 2020-04-30
number: 29
previous: pages/art/l/secret-circus.md
next: pages/art/l/serious-sketch.md
---

pages/art/l/serious-sketch.md
---
name: Serious
path: "/assets/img/art/serious-sketch.jpg"
date: 2020-05-01
number: 30
previous: pages/art/l/sequential-symbols-faces.md
next: pages/art/l/smiley.md
---

pages/art/l/smiley.md
---
name: Bug
path: "/assets/img/art/smiley.jpg"
date: 2020-05-02
number: 31
previous: pages/art/l/serious-sketch.md
next: pages/art/l/smiling-red.md
---

pages/art/l/smiling-red.md
---
name: One-eyed Shooter
path: "/assets/img/art/smiling-red.jpg"
date: 2020-05-03
number: 32
previous: pages/art/l/smiley.md
next: pages/art/l/spaceman-etal.md
---

pages/art/l/spaceman-etal.md
---
name: Space Angel
path: "/assets/img/art/spaceman-etal.jpg"
date: 2020-05-04
number: 33
previous: pages/art/l/smiling-red.md
next: pages/art/l/stumbling-thunder.md
---

pages/art/l/stumbling-thunder.md
---
name: Stumbling Thunder
path: "/assets/img/art/stumbling-thunder.jpg"
date: 2020-05-05
number: 34
previous: pages/art/l/spaceman-etal.md
next: pages/art/l/totem-kingspook-gun-flower.md
---

pages/art/l/totem-kingspook-gun-flower.md
---
name: Kingspook Totem
path: "/assets/img/art/totem-kingspook-gun-flower.jpg"
date: 2020-05-06
number: 35
previous: pages/art/l/stumbling-thunder.md
next: pages/art/l/we-hates-the-badgers.md
---

pages/art/l/we-hates-the-badgers.md
---
name: We Hates The Badgers
path: "/assets/img/art/we-hates-the-badgers.jpg"
date: 2020-05-07
number: 36
previous: pages/art/l/totem-kingspook-gun-flower.md
next: pages/art/l/wrestle-with-fire.md
---

pages/art/l/wrestle-with-fire.md
---
name: Wrestle With Fire
path: "/assets/img/art/wrestle-with-fire.jpg"
date: 2020-05-08
number: 37
previous: pages/art/l/we-hates-the-badgers.md
next: pages/art/l/you-must-smoke-color.md
---

pages/art/l/you-must-smoke-color.md
---
name: You Must Smoke This
path: "/assets/img/art/you-must-smoke-color.jpg"
date: 2020-05-09
number: 38
previous: pages/art/l/wrestle-with-fire.md
next: pages/art/l/zaq-024.md
---

pages/art/l/zaq-024.md
---
name: Secret Circus 2
path: "/assets/img/art/zaq-024.jpg"
date: 2020-05-10
number: 39
previous: pages/art/l/you-must-smoke-color.md
next: pages/art/s/Accident-scene.md
---

pages/art/s/Accident-scene.md
---
name: Accident Scene
path: "/assets/img/art/Accident-scene.jpg"
date: 2020-05-11
number: 40
previous: pages/art/l/zaq-024.md
next: pages/art/s/Lucid-Awake.md
---

pages/art/s/Lucid-Awake.md
---
name: Lucid Awake
path: "/assets/img/art/Lucid-Awake.jpg"
date: 2020-05-12
number: 41
previous: pages/art/s/Accident-scene.md
next: pages/art/s/One-night-alive.md
---

pages/art/s/One-night-alive.md
---
name: One Night Alive
path: "/assets/img/art/One-night-alive.jpg"
date: 2020-05-13
number: 42
previous: pages/art/s/Lucid-Awake.md
next: pages/art/s/Record-Cover.md
---

pages/art/s/Record-Cover.md
---
name: Another Stupid Tiny Compilation
path: "/assets/img/art/Record-Cover.jpg"
date: 2020-05-14
number: 43
previous: pages/art/s/One-night-alive.md
next: pages/art/s/cut-a-bloody-swath-color.md
---

pages/art/s/cut-a-bloody-swath-color.md
---
name: Cut a Bloody Swath
path: "/assets/img/art/cut-a-bloody-swath-color.jpg"
date: 2020-05-15
number: 44
previous: pages/art/s/Record-Cover.md
next: pages/art/s/doubts-about-Jesus.md
---

pages/art/s/doubts-about-Jesus.md
---
name: Doubts About Jesus
path: "/assets/img/art/doubts-about-Jesus.jpg"
date: 2020-05-16
number: 45
previous: pages/art/s/cut-a-bloody-swath-color.md
next: pages/art/s/halo-man-color.md
---

pages/art/s/halo-man-color.md
---
name: Halo Head
path: "/assets/img/art/halo-man-color.jpg"
date: 2020-05-17
number: 46
previous: pages/art/s/doubts-about-Jesus.md
next: pages/art/s/item-12-drawing.md
---

pages/art/s/item-12-drawing.md
---
name: Item 12
path: "/assets/img/art/item-12-drawing.jpg"
date: 2020-05-18
number: 47
previous: pages/art/s/halo-man-color.md
next: pages/art/s/orange-figure.md
---

pages/art/s/orange-figure.md
---
name: Orange Marker
path: "/assets/img/art/orange-figure.jpg"
date: 2020-05-19
number: 48
previous: pages/art/s/item-12-drawing.md
next: pages/art/s/oscar-imposter-with-totem.md
---

pages/art/s/oscar-imposter-with-totem.md
---
name: Black Ink Sketch
path: "/assets/img/art/oscar-imposter-with-totem.jpg"
date: 2020-05-20
number: 49
previous: pages/art/s/orange-figure.md

pages/art/l/Be-No-Peace.md
---
name: Be No Peace Until the Feast
path: "/assets/img/art/Be-No-Peace.jpg"
date: 2020-04-01
number: 0
previous: 
next: pages/art/l/Burn-ya-skin-off.md
---

pages/art/l/Burn-ya-skin-off.md
---
name: Burn Ya Skin Off!
path: "/assets/img/art/Burn-ya-skin-off.jpg"
date: 2020-04-02
number: 1
previous: pages/art/l/Be-No-Peace.md
next: pages/art/l/Hypnotic-Erotic.md
---

pages/art/l/Hypnotic-Erotic.md
---
name: Hypnotic Erotic
path: "/assets/img/art/Hypnotic-Erotic.jpg"
date: 2020-04-03
number: 2
previous: pages/art/l/Burn-ya-skin-off.md
next: pages/art/l/King-Spook-Totem3.md
---

pages/art/l/King-Spook-Totem3.md
---
name: Door No 1 or Door No 2?
path: "/assets/img/art/King-Spook-Totem3.jpg"
date: 2020-04-04
number: 3
previous: pages/art/l/Hypnotic-Erotic.md
next: pages/art/l/Mixed-Sketch.md
---

pages/art/l/Mixed-Sketch.md
---
name: Out/In
path: "/assets/img/art/Mixed-Sketch.jpg"
date: 2020-04-05
number: 4
previous: pages/art/l/King-Spook-Totem3.md
next: pages/art/l/Psychic-Panhandler.md
---

pages/art/l/Psychic-Panhandler.md
---
name: Psychic Panhandler
path: "/assets/img/art/Psychic-Panhandler.jpg"
date: 2020-04-06
number: 5
previous: pages/art/l/Mixed-Sketch.md
next: pages/art/l/Serious-Friend.md
---

pages/art/l/Serious-Friend.md
---
name: I'm not Serious
path: "/assets/img/art/Serious-Friend.jpg"
date: 2020-04-07
number: 6
previous: pages/art/l/Psychic-Panhandler.md
next: pages/art/l/To-moon.md
---

pages/art/l/To-moon.md
---
name: To Moon
path: "/assets/img/art/To-moon.jpg"
date: 2020-04-08
number: 7
previous: pages/art/l/Serious-Friend.md
next: pages/art/l/Totem-and-star.md
---

pages/art/l/Totem-and-star.md
---
name: Totem and Star
path: "/assets/img/art/Totem-and-star.jpg"
date: 2020-04-09
number: 8
previous: pages/art/l/To-moon.md
next: pages/art/l/angel-dragons-color.md
---

pages/art/l/angel-dragons-color.md
---
name: Angel
path: "/assets/img/art/angel-dragons-color.jpg"
date: 2020-04-10
number: 9
previous: pages/art/l/Totem-and-star.md
next: pages/art/l/arrows-complex.md
---

pages/art/l/arrows-complex.md
---
name: Arrows
path: "/assets/img/art/arrows-complex.jpg"
date: 2020-04-11
number: 10
previous: pages/art/l/angel-dragons-color.md
next: pages/art/l/babybomb-color.md
---

pages/art/l/babybomb-color.md
---
name: Canon Bomb
path: "/assets/img/art/babybomb-color.jpg"
date: 2020-04-12
number: 11
previous: pages/art/l/arrows-complex.md
next: pages/art/l/casual-space-shock.md
---

pages/art/l/casual-space-shock.md
---
name: Casual Space Shock
path: "/assets/img/art/casual-space-shock.jpg"
date: 2020-04-13
number: 12
previous: pages/art/l/babybomb-color.md
next: pages/art/l/constrained.md
---

pages/art/l/constrained.md
---
name: Constrained
path: "/assets/img/art/constrained.jpg"
date: 2020-04-14
number: 13
previous: pages/art/l/casual-space-shock.md
next: pages/art/l/dragon-moon-king-spook.md
---

pages/art/l/dragon-moon-king-spook.md
---
name: Dragon and Smoking Moon
path: "/assets/img/art/dragon-moon-king-spook.jpg"
date: 2020-04-15
number: 14
previous: pages/art/l/constrained.md
next: pages/art/l/eye-within-flower-drawing.md
---

pages/art/l/eye-within-flower-drawing.md
---
name: Flower Eye
path: "/assets/img/art/eye-within-flower-drawing.jpg"
date: 2020-04-16
number: 15
previous: pages/art/l/dragon-moon-king-spook.md
next: pages/art/l/faces-complex-drawing.md
---

pages/art/l/faces-complex-drawing.md
---
name: Faces
path: "/assets/img/art/faces-complex-drawing.jpg"
date: 2020-04-17
number: 16
previous: pages/art/l/eye-within-flower-drawing.md
next: pages/art/l/fire-and-skulls.md
---

pages/art/l/fire-and-skulls.md
---
name: Fox
path: "/assets/img/art/fire-and-skulls.jpg"
date: 2020-04-18
number: 17
previous: pages/art/l/faces-complex-drawing.md
next: pages/art/l/kingspook-color.md
---

pages/art/l/kingspook-color.md
---
name: Kingspook
path: "/assets/img/art/kingspook-color.jpg"
date: 2020-04-19
number: 18
previous: pages/art/l/fire-and-skulls.md
next: pages/art/l/kingspook-complex-drawing.md
---

pages/art/l/kingspook-complex-drawing.md
---
name: Kingspook Etc.
path: "/assets/img/art/kingspook-complex-drawing.jpg"
date: 2020-04-20
number: 19
previous: pages/art/l/kingspook-color.md
next: pages/art/l/lady-searches.md
---

pages/art/l/lady-searches.md
---
name: Lady Searches For a Lover
path: "/assets/img/art/lady-searches.jpg"
date: 2020-04-21
number: 20
previous: pages/art/l/kingspook-complex-drawing.md
next: pages/art/l/life-is-drawing.md
---

pages/art/l/life-is-drawing.md
---
name: This That Life Is
path: "/assets/img/art/life-is-drawing.jpg"
date: 2020-04-22
number: 21
previous: pages/art/l/lady-searches.md
next: pages/art/l/lizard-wizard.md
---

pages/art/l/lizard-wizard.md
---
name: The Lizard Wizard
path: "/assets/img/art/lizard-wizard.jpg"
date: 2020-04-23
number: 22
previous: pages/art/l/life-is-drawing.md
next: pages/art/l/looking-outward.md
---

pages/art/l/looking-outward.md
---
name: Looking Outwards
path: "/assets/img/art/looking-outward.jpg"
date: 2020-04-24
number: 23
previous: pages/art/l/lizard-wizard.md
next: pages/art/l/man-with-knife.md
---

pages/art/l/man-with-knife.md
---
name: Man With Knife
path: "/assets/img/art/man-with-knife.jpg"
date: 2020-04-25
number: 24
previous: pages/art/l/looking-outward.md
next: pages/art/l/misunderstand.md
---

pages/art/l/misunderstand.md
---
name: Misunderstand Me
path: "/assets/img/art/misunderstand.jpg"
date: 2020-04-26
number: 25
previous: pages/art/l/man-with-knife.md
next: pages/art/l/poem-with-kitty.md
---

pages/art/l/poem-with-kitty.md
---
name: Suitcase Beside the Door
path: "/assets/img/art/poem-with-kitty.jpg"
date: 2020-04-27
number: 26
previous: pages/art/l/misunderstand.md
next: pages/art/l/poster.md
---

pages/art/l/poster.md
---
name: Soapy Smith's July 29
path: "/assets/img/art/poster.jpg"
date: 2020-04-28
number: 27
previous: pages/art/l/poem-with-kitty.md
next: pages/art/l/secret-circus.md
---

pages/art/l/secret-circus.md
---
name: Secret Circus
path: "/assets/img/art/secret-circus.jpg"
date: 2020-04-29
number: 28
previous: pages/art/l/poster.md
next: pages/art/l/sequential-symbols-faces.md
---

pages/art/l/sequential-symbols-faces.md
---
name: Comic Frames
path: "/assets/img/art/sequential-symbols-faces.jpg"
date: 2020-04-30
number: 29
previous: pages/art/l/secret-circus.md
next: pages/art/l/serious-sketch.md
---

pages/art/l/serious-sketch.md
---
name: Serious
path: "/assets/img/art/serious-sketch.jpg"
date: 2020-05-01
number: 30
previous: pages/art/l/sequential-symbols-faces.md
next: pages/art/l/smiley.md
---

pages/art/l/smiley.md
---
name: Bug
path: "/assets/img/art/smiley.jpg"
date: 2020-05-02
number: 31
previous: pages/art/l/serious-sketch.md
next: pages/art/l/smiling-red.md
---

pages/art/l/smiling-red.md
---
name: One-eyed Shooter
path: "/assets/img/art/smiling-red.jpg"
date: 2020-05-03
number: 32
previous: pages/art/l/smiley.md
next: pages/art/l/spaceman-etal.md
---

pages/art/l/spaceman-etal.md
---
name: Space Angel
path: "/assets/img/art/spaceman-etal.jpg"
date: 2020-05-04
number: 33
previous: pages/art/l/smiling-red.md
next: pages/art/l/stumbling-thunder.md
---

pages/art/l/stumbling-thunder.md
---
name: Stumbling Thunder
path: "/assets/img/art/stumbling-thunder.jpg"
date: 2020-05-05
number: 34
previous: pages/art/l/spaceman-etal.md
next: pages/art/l/totem-kingspook-gun-flower.md
---

pages/art/l/totem-kingspook-gun-flower.md
---
name: Kingspook Totem
path: "/assets/img/art/totem-kingspook-gun-flower.jpg"
date: 2020-05-06
number: 35
previous: pages/art/l/stumbling-thunder.md
next: pages/art/l/we-hates-the-badgers.md
---

pages/art/l/we-hates-the-badgers.md
---
name: We Hates The Badgers
path: "/assets/img/art/we-hates-the-badgers.jpg"
date: 2020-05-07
number: 36
previous: pages/art/l/totem-kingspook-gun-flower.md
next: pages/art/l/wrestle-with-fire.md
---

pages/art/l/wrestle-with-fire.md
---
name: Wrestle With Fire
path: "/assets/img/art/wrestle-with-fire.jpg"
date: 2020-05-08
number: 37
previous: pages/art/l/we-hates-the-badgers.md
next: pages/art/l/you-must-smoke-color.md
---

pages/art/l/you-must-smoke-color.md
---
name: You Must Smoke This
path: "/assets/img/art/you-must-smoke-color.jpg"
date: 2020-05-09
number: 38
previous: pages/art/l/wrestle-with-fire.md
next: pages/art/l/zaq-024.md
---

pages/art/l/zaq-024.md
---
name: Secret Circus 2
path: "/assets/img/art/zaq-024.jpg"
date: 2020-05-10
number: 39
previous: pages/art/l/you-must-smoke-color.md
next: pages/art/s/Accident-scene.md
---

pages/art/s/Accident-scene.md
---
name: Accident Scene
path: "/assets/img/art/Accident-scene.jpg"
date: 2020-05-11
number: 40
previous: pages/art/l/zaq-024.md
next: pages/art/s/Lucid-Awake.md
---

pages/art/s/Lucid-Awake.md
---
name: Lucid Awake
path: "/assets/img/art/Lucid-Awake.jpg"
date: 2020-05-12
number: 41
previous: pages/art/s/Accident-scene.md
next: pages/art/s/One-night-alive.md
---

pages/art/s/One-night-alive.md
---
name: One Night Alive
path: "/assets/img/art/One-night-alive.jpg"
date: 2020-05-13
number: 42
previous: pages/art/s/Lucid-Awake.md
next: pages/art/s/Record-Cover.md
---

pages/art/s/Record-Cover.md
---
name: Another Stupid Tiny Compilation
path: "/assets/img/art/Record-Cover.jpg"
date: 2020-05-14
number: 43
previous: pages/art/s/One-night-alive.md
next: pages/art/s/cut-a-bloody-swath-color.md
---

pages/art/s/cut-a-bloody-swath-color.md
---
name: Cut a Bloody Swath
path: "/assets/img/art/cut-a-bloody-swath-color.jpg"
date: 2020-05-15
number: 44
previous: pages/art/s/Record-Cover.md
next: pages/art/s/doubts-about-Jesus.md
---

pages/art/s/doubts-about-Jesus.md
---
name: Doubts About Jesus
path: "/assets/img/art/doubts-about-Jesus.jpg"
date: 2020-05-16
number: 45
previous: pages/art/s/cut-a-bloody-swath-color.md
next: pages/art/s/halo-man-color.md
---

pages/art/s/halo-man-color.md
---
name: Halo Head
path: "/assets/img/art/halo-man-color.jpg"
date: 2020-05-17
number: 46
previous: pages/art/s/doubts-about-Jesus.md
next: pages/art/s/item-12-drawing.md
---

pages/art/s/item-12-drawing.md
---
name: Item 12
path: "/assets/img/art/item-12-drawing.jpg"
date: 2020-05-18
number: 47
previous: pages/art/s/halo-man-color.md
next: pages/art/s/orange-figure.md
---

pages/art/s/orange-figure.md
---
name: Orange Marker
path: "/assets/img/art/orange-figure.jpg"
date: 2020-05-19
number: 48
previous: pages/art/s/item-12-drawing.md
next: pages/art/s/oscar-imposter-with-totem.md
---

pages/art/s/oscar-imposter-with-totem.md
---
name: Black Ink Sketch
path: "/assets/img/art/oscar-imposter-with-totem.jpg"
date: 2020-05-20
number: 49
previous: pages/art/s/orange-figure.md
next: pages/art/s/rise-up-drawing.md
---

pages/art/s/rise-up-drawing.md
---
name: Rise Up
path: "/assets/img/art/rise-up-drawing.jpg"
date: 2020-05-21
number: 50
previous: pages/art/s/oscar-imposter-with-totem.md

pages/art/l/Be-No-Peace.md
---
name: Be No Peace Until the Feast
path: "/assets/img/art/Be-No-Peace.jpg"
date: 2020-04-01
number: 0
previous: 
next: pages/art/l/Burn-ya-skin-off.md
---

pages/art/l/Burn-ya-skin-off.md
---
name: Burn Ya Skin Off!
path: "/assets/img/art/Burn-ya-skin-off.jpg"
date: 2020-04-02
number: 1
previous: pages/art/l/Be-No-Peace.md
next: pages/art/l/Hypnotic-Erotic.md
---

pages/art/l/Hypnotic-Erotic.md
---
name: Hypnotic Erotic
path: "/assets/img/art/Hypnotic-Erotic.jpg"
date: 2020-04-03
number: 2
previous: pages/art/l/Burn-ya-skin-off.md
next: pages/art/l/King-Spook-Totem3.md
---

pages/art/l/King-Spook-Totem3.md
---
name: Door No 1 or Door No 2?
path: "/assets/img/art/King-Spook-Totem3.jpg"
date: 2020-04-04
number: 3
previous: pages/art/l/Hypnotic-Erotic.md
next: pages/art/l/Mixed-Sketch.md
---

pages/art/l/Mixed-Sketch.md
---
name: Out/In
path: "/assets/img/art/Mixed-Sketch.jpg"
date: 2020-04-05
number: 4
previous: pages/art/l/King-Spook-Totem3.md
next: pages/art/l/Psychic-Panhandler.md
---

pages/art/l/Psychic-Panhandler.md
---
name: Psychic Panhandler
path: "/assets/img/art/Psychic-Panhandler.jpg"
date: 2020-04-06
number: 5
previous: pages/art/l/Mixed-Sketch.md
next: pages/art/l/Serious-Friend.md
---

pages/art/l/Serious-Friend.md
---
name: I'm not Serious
path: "/assets/img/art/Serious-Friend.jpg"
date: 2020-04-07
number: 6
previous: pages/art/l/Psychic-Panhandler.md
next: pages/art/l/To-moon.md
---

pages/art/l/To-moon.md
---
name: To Moon
path: "/assets/img/art/To-moon.jpg"
date: 2020-04-08
number: 7
previous: pages/art/l/Serious-Friend.md
next: pages/art/l/Totem-and-star.md
---

pages/art/l/Totem-and-star.md
---
name: Totem and Star
path: "/assets/img/art/Totem-and-star.jpg"
date: 2020-04-09
number: 8
previous: pages/art/l/To-moon.md
next: pages/art/l/angel-dragons-color.md
---

pages/art/l/angel-dragons-color.md
---
name: Angel
path: "/assets/img/art/angel-dragons-color.jpg"
date: 2020-04-10
number: 9
previous: pages/art/l/Totem-and-star.md
next: pages/art/l/arrows-complex.md
---

pages/art/l/arrows-complex.md
---
name: Arrows
path: "/assets/img/art/arrows-complex.jpg"
date: 2020-04-11
number: 10
previous: pages/art/l/angel-dragons-color.md
next: pages/art/l/babybomb-color.md
---

pages/art/l/babybomb-color.md
---
name: Canon Bomb
path: "/assets/img/art/babybomb-color.jpg"
date: 2020-04-12
number: 11
previous: pages/art/l/arrows-complex.md
next: pages/art/l/casual-space-shock.md
---

pages/art/l/casual-space-shock.md
---
name: Casual Space Shock
path: "/assets/img/art/casual-space-shock.jpg"
date: 2020-04-13
number: 12
previous: pages/art/l/babybomb-color.md
next: pages/art/l/constrained.md
---

pages/art/l/constrained.md
---
name: Constrained
path: "/assets/img/art/constrained.jpg"
date: 2020-04-14
number: 13
previous: pages/art/l/casual-space-shock.md
next: pages/art/l/dragon-moon-king-spook.md
---

pages/art/l/dragon-moon-king-spook.md
---
name: Dragon and Smoking Moon
path: "/assets/img/art/dragon-moon-king-spook.jpg"
date: 2020-04-15
number: 14
previous: pages/art/l/constrained.md
next: pages/art/l/eye-within-flower-drawing.md
---

pages/art/l/eye-within-flower-drawing.md
---
name: Flower Eye
path: "/assets/img/art/eye-within-flower-drawing.jpg"
date: 2020-04-16
number: 15
previous: pages/art/l/dragon-moon-king-spook.md
next: pages/art/l/faces-complex-drawing.md
---

pages/art/l/faces-complex-drawing.md
---
name: Faces
path: "/assets/img/art/faces-complex-drawing.jpg"
date: 2020-04-17
number: 16
previous: pages/art/l/eye-within-flower-drawing.md
next: pages/art/l/fire-and-skulls.md
---

pages/art/l/fire-and-skulls.md
---
name: Fox
path: "/assets/img/art/fire-and-skulls.jpg"
date: 2020-04-18
number: 17
previous: pages/art/l/faces-complex-drawing.md
next: pages/art/l/kingspook-color.md
---

pages/art/l/kingspook-color.md
---
name: Kingspook
path: "/assets/img/art/kingspook-color.jpg"
date: 2020-04-19
number: 18
previous: pages/art/l/fire-and-skulls.md
next: pages/art/l/kingspook-complex-drawing.md
---

pages/art/l/kingspook-complex-drawing.md
---
name: Kingspook Etc.
path: "/assets/img/art/kingspook-complex-drawing.jpg"
date: 2020-04-20
number: 19
previous: pages/art/l/kingspook-color.md
next: pages/art/l/lady-searches.md
---

pages/art/l/lady-searches.md
---
name: Lady Searches For a Lover
path: "/assets/img/art/lady-searches.jpg"
date: 2020-04-21
number: 20
previous: pages/art/l/kingspook-complex-drawing.md
next: pages/art/l/life-is-drawing.md
---

pages/art/l/life-is-drawing.md
---
name: This That Life Is
path: "/assets/img/art/life-is-drawing.jpg"
date: 2020-04-22
number: 21
previous: pages/art/l/lady-searches.md
next: pages/art/l/lizard-wizard.md
---

pages/art/l/lizard-wizard.md
---
name: The Lizard Wizard
path: "/assets/img/art/lizard-wizard.jpg"
date: 2020-04-23
number: 22
previous: pages/art/l/life-is-drawing.md
next: pages/art/l/looking-outward.md
---

pages/art/l/looking-outward.md
---
name: Looking Outwards
path: "/assets/img/art/looking-outward.jpg"
date: 2020-04-24
number: 23
previous: pages/art/l/lizard-wizard.md
next: pages/art/l/man-with-knife.md
---

pages/art/l/man-with-knife.md
---
name: Man With Knife
path: "/assets/img/art/man-with-knife.jpg"
date: 2020-04-25
number: 24
previous: pages/art/l/looking-outward.md
next: pages/art/l/misunderstand.md
---

pages/art/l/misunderstand.md
---
name: Misunderstand Me
path: "/assets/img/art/misunderstand.jpg"
date: 2020-04-26
number: 25
previous: pages/art/l/man-with-knife.md
next: pages/art/l/poem-with-kitty.md
---

pages/art/l/poem-with-kitty.md
---
name: Suitcase Beside the Door
path: "/assets/img/art/poem-with-kitty.jpg"
date: 2020-04-27
number: 26
previous: pages/art/l/misunderstand.md
next: pages/art/l/poster.md
---

pages/art/l/poster.md
---
name: Soapy Smith's July 29
path: "/assets/img/art/poster.jpg"
date: 2020-04-28
number: 27
previous: pages/art/l/poem-with-kitty.md
next: pages/art/l/secret-circus.md
---

pages/art/l/secret-circus.md
---
name: Secret Circus
path: "/assets/img/art/secret-circus.jpg"
date: 2020-04-29
number: 28
previous: pages/art/l/poster.md
next: pages/art/l/sequential-symbols-faces.md
---

pages/art/l/sequential-symbols-faces.md
---
name: Comic Frames
path: "/assets/img/art/sequential-symbols-faces.jpg"
date: 2020-04-30
number: 29
previous: pages/art/l/secret-circus.md
next: pages/art/l/serious-sketch.md
---

pages/art/l/serious-sketch.md
---
name: Serious
path: "/assets/img/art/serious-sketch.jpg"
date: 2020-05-01
number: 30
previous: pages/art/l/sequential-symbols-faces.md
next: pages/art/l/smiley.md
---

pages/art/l/smiley.md
---
name: Bug
path: "/assets/img/art/smiley.jpg"
date: 2020-05-02
number: 31
previous: pages/art/l/serious-sketch.md
next: pages/art/l/smiling-red.md
---

pages/art/l/smiling-red.md
---
name: One-eyed Shooter
path: "/assets/img/art/smiling-red.jpg"
date: 2020-05-03
number: 32
previous: pages/art/l/smiley.md
next: pages/art/l/spaceman-etal.md
---

pages/art/l/spaceman-etal.md
---
name: Space Angel
path: "/assets/img/art/spaceman-etal.jpg"
date: 2020-05-04
number: 33
previous: pages/art/l/smiling-red.md
next: pages/art/l/stumbling-thunder.md
---

pages/art/l/stumbling-thunder.md
---
name: Stumbling Thunder
path: "/assets/img/art/stumbling-thunder.jpg"
date: 2020-05-05
number: 34
previous: pages/art/l/spaceman-etal.md
next: pages/art/l/totem-kingspook-gun-flower.md
---

pages/art/l/totem-kingspook-gun-flower.md
---
name: Kingspook Totem
path: "/assets/img/art/totem-kingspook-gun-flower.jpg"
date: 2020-05-06
number: 35
previous: pages/art/l/stumbling-thunder.md
next: pages/art/l/we-hates-the-badgers.md
---

pages/art/l/we-hates-the-badgers.md
---
name: We Hates The Badgers
path: "/assets/img/art/we-hates-the-badgers.jpg"
date: 2020-05-07
number: 36
previous: pages/art/l/totem-kingspook-gun-flower.md
next: pages/art/l/wrestle-with-fire.md
---

pages/art/l/wrestle-with-fire.md
---
name: Wrestle With Fire
path: "/assets/img/art/wrestle-with-fire.jpg"
date: 2020-05-08
number: 37
previous: pages/art/l/we-hates-the-badgers.md
next: pages/art/l/you-must-smoke-color.md
---

pages/art/l/you-must-smoke-color.md
---
name: You Must Smoke This
path: "/assets/img/art/you-must-smoke-color.jpg"
date: 2020-05-09
number: 38
previous: pages/art/l/wrestle-with-fire.md
next: pages/art/l/zaq-024.md
---

pages/art/l/zaq-024.md
---
name: Secret Circus 2
path: "/assets/img/art/zaq-024.jpg"
date: 2020-05-10
number: 39
previous: pages/art/l/you-must-smoke-color.md
next: pages/art/s/Accident-scene.md
---

pages/art/s/Accident-scene.md
---
name: Accident Scene
path: "/assets/img/art/Accident-scene.jpg"
date: 2020-05-11
number: 40
previous: pages/art/l/zaq-024.md
next: pages/art/s/Lucid-Awake.md
---

pages/art/s/Lucid-Awake.md
---
name: Lucid Awake
path: "/assets/img/art/Lucid-Awake.jpg"
date: 2020-05-12
number: 41
previous: pages/art/s/Accident-scene.md
next: pages/art/s/One-night-alive.md
---

pages/art/s/One-night-alive.md
---
name: One Night Alive
path: "/assets/img/art/One-night-alive.jpg"
date: 2020-05-13
number: 42
previous: pages/art/s/Lucid-Awake.md
next: pages/art/s/Record-Cover.md
---

pages/art/s/Record-Cover.md
---
name: Another Stupid Tiny Compilation
path: "/assets/img/art/Record-Cover.jpg"
date: 2020-05-14
number: 43
previous: pages/art/s/One-night-alive.md
next: pages/art/s/cut-a-bloody-swath-color.md
---

pages/art/s/cut-a-bloody-swath-color.md
---
name: Cut a Bloody Swath
path: "/assets/img/art/cut-a-bloody-swath-color.jpg"
date: 2020-05-15
number: 44
previous: pages/art/s/Record-Cover.md
next: pages/art/s/doubts-about-Jesus.md
---

pages/art/s/doubts-about-Jesus.md
---
name: Doubts About Jesus
path: "/assets/img/art/doubts-about-Jesus.jpg"
date: 2020-05-16
number: 45
previous: pages/art/s/cut-a-bloody-swath-color.md
next: pages/art/s/halo-man-color.md
---

pages/art/s/halo-man-color.md
---
name: Halo Head
path: "/assets/img/art/halo-man-color.jpg"
date: 2020-05-17
number: 46
previous: pages/art/s/doubts-about-Jesus.md
next: pages/art/s/item-12-drawing.md
---

pages/art/s/item-12-drawing.md
---
name: Item 12
path: "/assets/img/art/item-12-drawing.jpg"
date: 2020-05-18
number: 47
previous: pages/art/s/halo-man-color.md
next: pages/art/s/orange-figure.md
---

pages/art/s/orange-figure.md
---
name: Orange Marker
path: "/assets/img/art/orange-figure.jpg"
date: 2020-05-19
number: 48
previous: pages/art/s/item-12-drawing.md
next: pages/art/s/oscar-imposter-with-totem.md
---

pages/art/s/oscar-imposter-with-totem.md
---
name: Black Ink Sketch
path: "/assets/img/art/oscar-imposter-with-totem.jpg"
date: 2020-05-20
number: 49
previous: pages/art/s/orange-figure.md
next: pages/art/s/rise-up-drawing.md
---

pages/art/s/rise-up-drawing.md
---
name: Rise Up
path: "/assets/img/art/rise-up-drawing.jpg"
date: 2020-05-21
number: 50
previous: pages/art/s/oscar-imposter-with-totem.md

pages/art/l/Be-No-Peace.md
---
name: Be No Peace Until the Feast
path: "/assets/img/art/Be-No-Peace.jpg"
date: 2020-04-01
number: 0
previous: 
next: pages/art/l/Burn-ya-skin-off.md
---

pages/art/l/Burn-ya-skin-off.md
---
name: Burn Ya Skin Off!
path: "/assets/img/art/Burn-ya-skin-off.jpg"
date: 2020-04-02
number: 1
previous: pages/art/l/Be-No-Peace.md
next: pages/art/l/Hypnotic-Erotic.md
---

pages/art/l/Hypnotic-Erotic.md
---
name: Hypnotic Erotic
path: "/assets/img/art/Hypnotic-Erotic.jpg"
date: 2020-04-03
number: 2
previous: pages/art/l/Burn-ya-skin-off.md
next: pages/art/l/King-Spook-Totem3.md
---

pages/art/l/King-Spook-Totem3.md
---
name: Door No 1 or Door No 2?
path: "/assets/img/art/King-Spook-Totem3.jpg"
date: 2020-04-04
number: 3
previous: pages/art/l/Hypnotic-Erotic.md
next: pages/art/l/Mixed-Sketch.md
---

pages/art/l/Mixed-Sketch.md
---
name: Out/In
path: "/assets/img/art/Mixed-Sketch.jpg"
date: 2020-04-05
number: 4
previous: pages/art/l/King-Spook-Totem3.md
next: pages/art/l/Psychic-Panhandler.md
---

pages/art/l/Psychic-Panhandler.md
---
name: Psychic Panhandler
path: "/assets/img/art/Psychic-Panhandler.jpg"
date: 2020-04-06
number: 5
previous: pages/art/l/Mixed-Sketch.md
next: pages/art/l/Serious-Friend.md
---

pages/art/l/Serious-Friend.md
---
name: I'm not Serious
path: "/assets/img/art/Serious-Friend.jpg"
date: 2020-04-07
number: 6
previous: pages/art/l/Psychic-Panhandler.md
next: pages/art/l/To-moon.md
---

pages/art/l/To-moon.md
---
name: To Moon
path: "/assets/img/art/To-moon.jpg"
date: 2020-04-08
number: 7
previous: pages/art/l/Serious-Friend.md
next: pages/art/l/Totem-and-star.md
---

pages/art/l/Totem-and-star.md
---
name: Totem and Star
path: "/assets/img/art/Totem-and-star.jpg"
date: 2020-04-09
number: 8
previous: pages/art/l/To-moon.md
next: pages/art/l/angel-dragons-color.md
---

pages/art/l/angel-dragons-color.md
---
name: Angel
path: "/assets/img/art/angel-dragons-color.jpg"
date: 2020-04-10
number: 9
previous: pages/art/l/Totem-and-star.md
next: pages/art/l/arrows-complex.md
---

pages/art/l/arrows-complex.md
---
name: Arrows
path: "/assets/img/art/arrows-complex.jpg"
date: 2020-04-11
number: 10
previous: pages/art/l/angel-dragons-color.md
next: pages/art/l/babybomb-color.md
---

pages/art/l/babybomb-color.md
---
name: Canon Bomb
path: "/assets/img/art/babybomb-color.jpg"
date: 2020-04-12
number: 11
previous: pages/art/l/arrows-complex.md
next: pages/art/l/casual-space-shock.md
---

pages/art/l/casual-space-shock.md
---
name: Casual Space Shock
path: "/assets/img/art/casual-space-shock.jpg"
date: 2020-04-13
number: 12
previous: pages/art/l/babybomb-color.md
next: pages/art/l/constrained.md
---

pages/art/l/constrained.md
---
name: Constrained
path: "/assets/img/art/constrained.jpg"
date: 2020-04-14
number: 13
previous: pages/art/l/casual-space-shock.md
next: pages/art/l/dragon-moon-king-spook.md
---

pages/art/l/dragon-moon-king-spook.md
---
name: Dragon and Smoking Moon
path: "/assets/img/art/dragon-moon-king-spook.jpg"
date: 2020-04-15
number: 14
previous: pages/art/l/constrained.md
next: pages/art/l/eye-within-flower-drawing.md
---

pages/art/l/eye-within-flower-drawing.md
---
name: Flower Eye
path: "/assets/img/art/eye-within-flower-drawing.jpg"
date: 2020-04-16
number: 15
previous: pages/art/l/dragon-moon-king-spook.md
next: pages/art/l/faces-complex-drawing.md
---

pages/art/l/faces-complex-drawing.md
---
name: Faces
path: "/assets/img/art/faces-complex-drawing.jpg"
date: 2020-04-17
number: 16
previous: pages/art/l/eye-within-flower-drawing.md
next: pages/art/l/fire-and-skulls.md
---

pages/art/l/fire-and-skulls.md
---
name: Fox
path: "/assets/img/art/fire-and-skulls.jpg"
date: 2020-04-18
number: 17
previous: pages/art/l/faces-complex-drawing.md
next: pages/art/l/kingspook-color.md
---

pages/art/l/kingspook-color.md
---
name: Kingspook
path: "/assets/img/art/kingspook-color.jpg"
date: 2020-04-19
number: 18
previous: pages/art/l/fire-and-skulls.md
next: pages/art/l/kingspook-complex-drawing.md
---

pages/art/l/kingspook-complex-drawing.md
---
name: Kingspook Etc.
path: "/assets/img/art/kingspook-complex-drawing.jpg"
date: 2020-04-20
number: 19
previous: pages/art/l/kingspook-color.md
next: pages/art/l/lady-searches.md
---

pages/art/l/lady-searches.md
---
name: Lady Searches For a Lover
path: "/assets/img/art/lady-searches.jpg"
date: 2020-04-21
number: 20
previous: pages/art/l/kingspook-complex-drawing.md
next: pages/art/l/life-is-drawing.md
---

pages/art/l/life-is-drawing.md
---
name: This That Life Is
path: "/assets/img/art/life-is-drawing.jpg"
date: 2020-04-22
number: 21
previous: pages/art/l/lady-searches.md
next: pages/art/l/lizard-wizard.md
---

pages/art/l/lizard-wizard.md
---
name: The Lizard Wizard
path: "/assets/img/art/lizard-wizard.jpg"
date: 2020-04-23
number: 22
previous: pages/art/l/life-is-drawing.md
next: pages/art/l/looking-outward.md
---

pages/art/l/looking-outward.md
---
name: Looking Outwards
path: "/assets/img/art/looking-outward.jpg"
date: 2020-04-24
number: 23
previous: pages/art/l/lizard-wizard.md
next: pages/art/l/man-with-knife.md
---

pages/art/l/man-with-knife.md
---
name: Man With Knife
path: "/assets/img/art/man-with-knife.jpg"
date: 2020-04-25
number: 24
previous: pages/art/l/looking-outward.md
next: pages/art/l/misunderstand.md
---

pages/art/l/misunderstand.md
---
name: Misunderstand Me
path: "/assets/img/art/misunderstand.jpg"
date: 2020-04-26
number: 25
previous: pages/art/l/man-with-knife.md
next: pages/art/l/poem-with-kitty.md
---

pages/art/l/poem-with-kitty.md
---
name: Suitcase Beside the Door
path: "/assets/img/art/poem-with-kitty.jpg"
date: 2020-04-27
number: 26
previous: pages/art/l/misunderstand.md
next: pages/art/l/poster.md
---

pages/art/l/poster.md
---
name: Soapy Smith's July 29
path: "/assets/img/art/poster.jpg"
date: 2020-04-28
number: 27
previous: pages/art/l/poem-with-kitty.md
next: pages/art/l/secret-circus.md
---

pages/art/l/secret-circus.md
---
name: Secret Circus
path: "/assets/img/art/secret-circus.jpg"
date: 2020-04-29
number: 28
previous: pages/art/l/poster.md
next: pages/art/l/sequential-symbols-faces.md
---

pages/art/l/sequential-symbols-faces.md
---
name: Comic Frames
path: "/assets/img/art/sequential-symbols-faces.jpg"
date: 2020-04-30
number: 29
previous: pages/art/l/secret-circus.md
next: pages/art/l/serious-sketch.md
---

pages/art/l/serious-sketch.md
---
name: Serious
path: "/assets/img/art/serious-sketch.jpg"
date: 2020-05-01
number: 30
previous: pages/art/l/sequential-symbols-faces.md
next: pages/art/l/smiley.md
---

pages/art/l/smiley.md
---
name: Bug
path: "/assets/img/art/smiley.jpg"
date: 2020-05-02
number: 31
previous: pages/art/l/serious-sketch.md
next: pages/art/l/smiling-red.md
---

pages/art/l/smiling-red.md
---
name: One-eyed Shooter
path: "/assets/img/art/smiling-red.jpg"
date: 2020-05-03
number: 32
previous: pages/art/l/smiley.md
next: pages/art/l/spaceman-etal.md
---

pages/art/l/spaceman-etal.md
---
name: Space Angel
path: "/assets/img/art/spaceman-etal.jpg"
date: 2020-05-04
number: 33
previous: pages/art/l/smiling-red.md
next: pages/art/l/stumbling-thunder.md
---

pages/art/l/stumbling-thunder.md
---
name: Stumbling Thunder
path: "/assets/img/art/stumbling-thunder.jpg"
date: 2020-05-05
number: 34
previous: pages/art/l/spaceman-etal.md
next: pages/art/l/totem-kingspook-gun-flower.md
---

pages/art/l/totem-kingspook-gun-flower.md
---
name: Kingspook Totem
path: "/assets/img/art/totem-kingspook-gun-flower.jpg"
date: 2020-05-06
number: 35
previous: pages/art/l/stumbling-thunder.md
next: pages/art/l/we-hates-the-badgers.md
---

pages/art/l/we-hates-the-badgers.md
---
name: We Hates The Badgers
path: "/assets/img/art/we-hates-the-badgers.jpg"
date: 2020-05-07
number: 36
previous: pages/art/l/totem-kingspook-gun-flower.md
next: pages/art/l/wrestle-with-fire.md
---

pages/art/l/wrestle-with-fire.md
---
name: Wrestle With Fire
path: "/assets/img/art/wrestle-with-fire.jpg"
date: 2020-05-08
number: 37
previous: pages/art/l/we-hates-the-badgers.md
next: pages/art/l/you-must-smoke-color.md
---

pages/art/l/you-must-smoke-color.md
---
name: You Must Smoke This
path: "/assets/img/art/you-must-smoke-color.jpg"
date: 2020-05-09
number: 38
previous: pages/art/l/wrestle-with-fire.md
next: pages/art/l/zaq-024.md
---

pages/art/l/zaq-024.md
---
name: Secret Circus 2
path: "/assets/img/art/zaq-024.jpg"
date: 2020-05-10
number: 39
previous: pages/art/l/you-must-smoke-color.md
next: pages/art/s/Accident-scene.md
---

pages/art/s/Accident-scene.md
---
name: Accident Scene
path: "/assets/img/art/Accident-scene.jpg"
date: 2020-05-11
number: 40
previous: pages/art/l/zaq-024.md
next: pages/art/s/Lucid-Awake.md
---

pages/art/s/Lucid-Awake.md
---
name: Lucid Awake
path: "/assets/img/art/Lucid-Awake.jpg"
date: 2020-05-12
number: 41
previous: pages/art/s/Accident-scene.md
next: pages/art/s/One-night-alive.md
---

pages/art/s/One-night-alive.md
---
name: One Night Alive
path: "/assets/img/art/One-night-alive.jpg"
date: 2020-05-13
number: 42
previous: pages/art/s/Lucid-Awake.md
next: pages/art/s/Record-Cover.md
---

pages/art/s/Record-Cover.md
---
name: Another Stupid Tiny Compilation
path: "/assets/img/art/Record-Cover.jpg"
date: 2020-05-14
number: 43
previous: pages/art/s/One-night-alive.md
next: pages/art/s/cut-a-bloody-swath-color.md
---

pages/art/s/cut-a-bloody-swath-color.md
---
name: Cut a Bloody Swath
path: "/assets/img/art/cut-a-bloody-swath-color.jpg"
date: 2020-05-15
number: 44
previous: pages/art/s/Record-Cover.md
next: pages/art/s/doubts-about-Jesus.md
---

pages/art/s/doubts-about-Jesus.md
---
name: Doubts About Jesus
path: "/assets/img/art/doubts-about-Jesus.jpg"
date: 2020-05-16
number: 45
previous: pages/art/s/cut-a-bloody-swath-color.md
next: pages/art/s/halo-man-color.md
---

pages/art/s/halo-man-color.md
---
name: Halo Head
path: "/assets/img/art/halo-man-color.jpg"
date: 2020-05-17
number: 46
previous: pages/art/s/doubts-about-Jesus.md
next: pages/art/s/item-12-drawing.md
---

pages/art/s/item-12-drawing.md
---
name: Item 12
path: "/assets/img/art/item-12-drawing.jpg"
date: 2020-05-18
number: 47
previous: pages/art/s/halo-man-color.md
next: pages/art/s/orange-figure.md
---

pages/art/s/orange-figure.md
---
name: Orange Marker
path: "/assets/img/art/orange-figure.jpg"
date: 2020-05-19
number: 48
previous: pages/art/s/item-12-drawing.md
next: pages/art/s/oscar-imposter-with-totem.md
---

pages/art/s/oscar-imposter-with-totem.md
---
name: Black Ink Sketch
path: "/assets/img/art/oscar-imposter-with-totem.jpg"
date: 2020-05-20
number: 49
previous: pages/art/s/orange-figure.md
next: pages/art/s/rise-up-drawing.md
---

pages/art/s/rise-up-drawing.md
---
name: Rise Up
path: "/assets/img/art/rise-up-drawing.jpg"
date: 2020-05-21
number: 50
previous: pages/art/s/oscar-imposter-with-totem.md
next: pages/art/s/sequential-people-kitty.md
---

pages/art/s/sequential-people-kitty.md
---
name: More Comic Panels
path: "/assets/img/art/sequential-people-kitty.jpg"
date: 2020-05-22
number: 51
previous: pages/art/s/rise-up-drawing.md

pages/art/l/Be-No-Peace.md
---
name: Be No Peace Until the Feast
path: "/assets/img/art/Be-No-Peace.jpg"
date: 2020-04-01
number: 0
previous: 
next: pages/art/l/Burn-ya-skin-off.md
---

pages/art/l/Burn-ya-skin-off.md
---
name: Burn Ya Skin Off!
path: "/assets/img/art/Burn-ya-skin-off.jpg"
date: 2020-04-02
number: 1
previous: pages/art/l/Be-No-Peace.md
next: pages/art/l/Hypnotic-Erotic.md
---

pages/art/l/Hypnotic-Erotic.md
---
name: Hypnotic Erotic
path: "/assets/img/art/Hypnotic-Erotic.jpg"
date: 2020-04-03
number: 2
previous: pages/art/l/Burn-ya-skin-off.md
next: pages/art/l/King-Spook-Totem3.md
---

pages/art/l/King-Spook-Totem3.md
---
name: Door No 1 or Door No 2?
path: "/assets/img/art/King-Spook-Totem3.jpg"
date: 2020-04-04
number: 3
previous: pages/art/l/Hypnotic-Erotic.md
next: pages/art/l/Mixed-Sketch.md
---

pages/art/l/Mixed-Sketch.md
---
name: Out/In
path: "/assets/img/art/Mixed-Sketch.jpg"
date: 2020-04-05
number: 4
previous: pages/art/l/King-Spook-Totem3.md
next: pages/art/l/Psychic-Panhandler.md
---

pages/art/l/Psychic-Panhandler.md
---
name: Psychic Panhandler
path: "/assets/img/art/Psychic-Panhandler.jpg"
date: 2020-04-06
number: 5
previous: pages/art/l/Mixed-Sketch.md
next: pages/art/l/Serious-Friend.md
---

pages/art/l/Serious-Friend.md
---
name: I'm not Serious
path: "/assets/img/art/Serious-Friend.jpg"
date: 2020-04-07
number: 6
previous: pages/art/l/Psychic-Panhandler.md
next: pages/art/l/To-moon.md
---

pages/art/l/To-moon.md
---
name: To Moon
path: "/assets/img/art/To-moon.jpg"
date: 2020-04-08
number: 7
previous: pages/art/l/Serious-Friend.md
next: pages/art/l/Totem-and-star.md
---

pages/art/l/Totem-and-star.md
---
name: Totem and Star
path: "/assets/img/art/Totem-and-star.jpg"
date: 2020-04-09
number: 8
previous: pages/art/l/To-moon.md
next: pages/art/l/angel-dragons-color.md
---

pages/art/l/angel-dragons-color.md
---
name: Angel
path: "/assets/img/art/angel-dragons-color.jpg"
date: 2020-04-10
number: 9
previous: pages/art/l/Totem-and-star.md
next: pages/art/l/arrows-complex.md
---

pages/art/l/arrows-complex.md
---
name: Arrows
path: "/assets/img/art/arrows-complex.jpg"
date: 2020-04-11
number: 10
previous: pages/art/l/angel-dragons-color.md
next: pages/art/l/babybomb-color.md
---

pages/art/l/babybomb-color.md
---
name: Canon Bomb
path: "/assets/img/art/babybomb-color.jpg"
date: 2020-04-12
number: 11
previous: pages/art/l/arrows-complex.md
next: pages/art/l/casual-space-shock.md
---

pages/art/l/casual-space-shock.md
---
name: Casual Space Shock
path: "/assets/img/art/casual-space-shock.jpg"
date: 2020-04-13
number: 12
previous: pages/art/l/babybomb-color.md
next: pages/art/l/constrained.md
---

pages/art/l/constrained.md
---
name: Constrained
path: "/assets/img/art/constrained.jpg"
date: 2020-04-14
number: 13
previous: pages/art/l/casual-space-shock.md
next: pages/art/l/dragon-moon-king-spook.md
---

pages/art/l/dragon-moon-king-spook.md
---
name: Dragon and Smoking Moon
path: "/assets/img/art/dragon-moon-king-spook.jpg"
date: 2020-04-15
number: 14
previous: pages/art/l/constrained.md
next: pages/art/l/eye-within-flower-drawing.md
---

pages/art/l/eye-within-flower-drawing.md
---
name: Flower Eye
path: "/assets/img/art/eye-within-flower-drawing.jpg"
date: 2020-04-16
number: 15
previous: pages/art/l/dragon-moon-king-spook.md
next: pages/art/l/faces-complex-drawing.md
---

pages/art/l/faces-complex-drawing.md
---
name: Faces
path: "/assets/img/art/faces-complex-drawing.jpg"
date: 2020-04-17
number: 16
previous: pages/art/l/eye-within-flower-drawing.md
next: pages/art/l/fire-and-skulls.md
---

pages/art/l/fire-and-skulls.md
---
name: Fox
path: "/assets/img/art/fire-and-skulls.jpg"
date: 2020-04-18
number: 17
previous: pages/art/l/faces-complex-drawing.md
next: pages/art/l/kingspook-color.md
---

pages/art/l/kingspook-color.md
---
name: Kingspook
path: "/assets/img/art/kingspook-color.jpg"
date: 2020-04-19
number: 18
previous: pages/art/l/fire-and-skulls.md
next: pages/art/l/kingspook-complex-drawing.md
---

pages/art/l/kingspook-complex-drawing.md
---
name: Kingspook Etc.
path: "/assets/img/art/kingspook-complex-drawing.jpg"
date: 2020-04-20
number: 19
previous: pages/art/l/kingspook-color.md
next: pages/art/l/lady-searches.md
---

pages/art/l/lady-searches.md
---
name: Lady Searches For a Lover
path: "/assets/img/art/lady-searches.jpg"
date: 2020-04-21
number: 20
previous: pages/art/l/kingspook-complex-drawing.md
next: pages/art/l/life-is-drawing.md
---

pages/art/l/life-is-drawing.md
---
name: This That Life Is
path: "/assets/img/art/life-is-drawing.jpg"
date: 2020-04-22
number: 21
previous: pages/art/l/lady-searches.md
next: pages/art/l/lizard-wizard.md
---

pages/art/l/lizard-wizard.md
---
name: The Lizard Wizard
path: "/assets/img/art/lizard-wizard.jpg"
date: 2020-04-23
number: 22
previous: pages/art/l/life-is-drawing.md
next: pages/art/l/looking-outward.md
---

pages/art/l/looking-outward.md
---
name: Looking Outwards
path: "/assets/img/art/looking-outward.jpg"
date: 2020-04-24
number: 23
previous: pages/art/l/lizard-wizard.md
next: pages/art/l/man-with-knife.md
---

pages/art/l/man-with-knife.md
---
name: Man With Knife
path: "/assets/img/art/man-with-knife.jpg"
date: 2020-04-25
number: 24
previous: pages/art/l/looking-outward.md
next: pages/art/l/misunderstand.md
---

pages/art/l/misunderstand.md
---
name: Misunderstand Me
path: "/assets/img/art/misunderstand.jpg"
date: 2020-04-26
number: 25
previous: pages/art/l/man-with-knife.md
next: pages/art/l/poem-with-kitty.md
---

pages/art/l/poem-with-kitty.md
---
name: Suitcase Beside the Door
path: "/assets/img/art/poem-with-kitty.jpg"
date: 2020-04-27
number: 26
previous: pages/art/l/misunderstand.md
next: pages/art/l/poster.md
---

pages/art/l/poster.md
---
name: Soapy Smith's July 29
path: "/assets/img/art/poster.jpg"
date: 2020-04-28
number: 27
previous: pages/art/l/poem-with-kitty.md
next: pages/art/l/secret-circus.md
---

pages/art/l/secret-circus.md
---
name: Secret Circus
path: "/assets/img/art/secret-circus.jpg"
date: 2020-04-29
number: 28
previous: pages/art/l/poster.md
next: pages/art/l/sequential-symbols-faces.md
---

pages/art/l/sequential-symbols-faces.md
---
name: Comic Frames
path: "/assets/img/art/sequential-symbols-faces.jpg"
date: 2020-04-30
number: 29
previous: pages/art/l/secret-circus.md
next: pages/art/l/serious-sketch.md
---

pages/art/l/serious-sketch.md
---
name: Serious
path: "/assets/img/art/serious-sketch.jpg"
date: 2020-05-01
number: 30
previous: pages/art/l/sequential-symbols-faces.md
next: pages/art/l/smiley.md
---

pages/art/l/smiley.md
---
name: Bug
path: "/assets/img/art/smiley.jpg"
date: 2020-05-02
number: 31
previous: pages/art/l/serious-sketch.md
next: pages/art/l/smiling-red.md
---

pages/art/l/smiling-red.md
---
name: One-eyed Shooter
path: "/assets/img/art/smiling-red.jpg"
date: 2020-05-03
number: 32
previous: pages/art/l/smiley.md
next: pages/art/l/spaceman-etal.md
---

pages/art/l/spaceman-etal.md
---
name: Space Angel
path: "/assets/img/art/spaceman-etal.jpg"
date: 2020-05-04
number: 33
previous: pages/art/l/smiling-red.md
next: pages/art/l/stumbling-thunder.md
---

pages/art/l/stumbling-thunder.md
---
name: Stumbling Thunder
path: "/assets/img/art/stumbling-thunder.jpg"
date: 2020-05-05
number: 34
previous: pages/art/l/spaceman-etal.md
next: pages/art/l/totem-kingspook-gun-flower.md
---

pages/art/l/totem-kingspook-gun-flower.md
---
name: Kingspook Totem
path: "/assets/img/art/totem-kingspook-gun-flower.jpg"
date: 2020-05-06
number: 35
previous: pages/art/l/stumbling-thunder.md
next: pages/art/l/we-hates-the-badgers.md
---

pages/art/l/we-hates-the-badgers.md
---
name: We Hates The Badgers
path: "/assets/img/art/we-hates-the-badgers.jpg"
date: 2020-05-07
number: 36
previous: pages/art/l/totem-kingspook-gun-flower.md
next: pages/art/l/wrestle-with-fire.md
---

pages/art/l/wrestle-with-fire.md
---
name: Wrestle With Fire
path: "/assets/img/art/wrestle-with-fire.jpg"
date: 2020-05-08
number: 37
previous: pages/art/l/we-hates-the-badgers.md
next: pages/art/l/you-must-smoke-color.md
---

pages/art/l/you-must-smoke-color.md
---
name: You Must Smoke This
path: "/assets/img/art/you-must-smoke-color.jpg"
date: 2020-05-09
number: 38
previous: pages/art/l/wrestle-with-fire.md
next: pages/art/l/zaq-024.md
---

pages/art/l/zaq-024.md
---
name: Secret Circus 2
path: "/assets/img/art/zaq-024.jpg"
date: 2020-05-10
number: 39
previous: pages/art/l/you-must-smoke-color.md
next: pages/art/s/Accident-scene.md
---

pages/art/s/Accident-scene.md
---
name: Accident Scene
path: "/assets/img/art/Accident-scene.jpg"
date: 2020-05-11
number: 40
previous: pages/art/l/zaq-024.md
next: pages/art/s/Lucid-Awake.md
---

pages/art/s/Lucid-Awake.md
---
name: Lucid Awake
path: "/assets/img/art/Lucid-Awake.jpg"
date: 2020-05-12
number: 41
previous: pages/art/s/Accident-scene.md
next: pages/art/s/One-night-alive.md
---

pages/art/s/One-night-alive.md
---
name: One Night Alive
path: "/assets/img/art/One-night-alive.jpg"
date: 2020-05-13
number: 42
previous: pages/art/s/Lucid-Awake.md
next: pages/art/s/Record-Cover.md
---

pages/art/s/Record-Cover.md
---
name: Another Stupid Tiny Compilation
path: "/assets/img/art/Record-Cover.jpg"
date: 2020-05-14
number: 43
previous: pages/art/s/One-night-alive.md
next: pages/art/s/cut-a-bloody-swath-color.md
---

pages/art/s/cut-a-bloody-swath-color.md
---
name: Cut a Bloody Swath
path: "/assets/img/art/cut-a-bloody-swath-color.jpg"
date: 2020-05-15
number: 44
previous: pages/art/s/Record-Cover.md
next: pages/art/s/doubts-about-Jesus.md
---

pages/art/s/doubts-about-Jesus.md
---
name: Doubts About Jesus
path: "/assets/img/art/doubts-about-Jesus.jpg"
date: 2020-05-16
number: 45
previous: pages/art/s/cut-a-bloody-swath-color.md
next: pages/art/s/halo-man-color.md
---

pages/art/s/halo-man-color.md
---
name: Halo Head
path: "/assets/img/art/halo-man-color.jpg"
date: 2020-05-17
number: 46
previous: pages/art/s/doubts-about-Jesus.md
next: pages/art/s/item-12-drawing.md
---

pages/art/s/item-12-drawing.md
---
name: Item 12
path: "/assets/img/art/item-12-drawing.jpg"
date: 2020-05-18
number: 47
previous: pages/art/s/halo-man-color.md
next: pages/art/s/orange-figure.md
---

pages/art/s/orange-figure.md
---
name: Orange Marker
path: "/assets/img/art/orange-figure.jpg"
date: 2020-05-19
number: 48
previous: pages/art/s/item-12-drawing.md
next: pages/art/s/oscar-imposter-with-totem.md
---

pages/art/s/oscar-imposter-with-totem.md
---
name: Black Ink Sketch
path: "/assets/img/art/oscar-imposter-with-totem.jpg"
date: 2020-05-20
number: 49
previous: pages/art/s/orange-figure.md
next: pages/art/s/rise-up-drawing.md
---

pages/art/s/rise-up-drawing.md
---
name: Rise Up
path: "/assets/img/art/rise-up-drawing.jpg"
date: 2020-05-21
number: 50
previous: pages/art/s/oscar-imposter-with-totem.md
next: pages/art/s/sequential-people-kitty.md
---

pages/art/s/sequential-people-kitty.md
---
name: More Comic Panels
path: "/assets/img/art/sequential-people-kitty.jpg"
date: 2020-05-22
number: 51
previous: pages/art/s/rise-up-drawing.md
next: pages/art/s/sequential-people-panel.md
---

pages/art/s/sequential-people-panel.md
---
name: 4 Comic Panels
path: "/assets/img/art/sequential-people-panel.jpg"
date: 2020-05-23
number: 52
previous: pages/art/s/sequential-people-kitty.md

pages/art/l/Be-No-Peace.md
---
name: Be No Peace Until the Feast
path: "/assets/img/art/Be-No-Peace.jpg"
date: 2020-04-01
number: 0
previous: 
next: pages/art/l/Burn-ya-skin-off.md
---

pages/art/l/Burn-ya-skin-off.md
---
name: Burn Ya Skin Off!
path: "/assets/img/art/Burn-ya-skin-off.jpg"
date: 2020-04-02
number: 1
previous: pages/art/l/Be-No-Peace.md
next: pages/art/l/Hypnotic-Erotic.md
---

pages/art/l/Hypnotic-Erotic.md
---
name: Hypnotic Erotic
path: "/assets/img/art/Hypnotic-Erotic.jpg"
date: 2020-04-03
number: 2
previous: pages/art/l/Burn-ya-skin-off.md
next: pages/art/l/King-Spook-Totem3.md
---

pages/art/l/King-Spook-Totem3.md
---
name: Door No 1 or Door No 2?
path: "/assets/img/art/King-Spook-Totem3.jpg"
date: 2020-04-04
number: 3
previous: pages/art/l/Hypnotic-Erotic.md
next: pages/art/l/Mixed-Sketch.md
---

pages/art/l/Mixed-Sketch.md
---
name: Out/In
path: "/assets/img/art/Mixed-Sketch.jpg"
date: 2020-04-05
number: 4
previous: pages/art/l/King-Spook-Totem3.md
next: pages/art/l/Psychic-Panhandler.md
---

pages/art/l/Psychic-Panhandler.md
---
name: Psychic Panhandler
path: "/assets/img/art/Psychic-Panhandler.jpg"
date: 2020-04-06
number: 5
previous: pages/art/l/Mixed-Sketch.md
next: pages/art/l/Serious-Friend.md
---

pages/art/l/Serious-Friend.md
---
name: I'm not Serious
path: "/assets/img/art/Serious-Friend.jpg"
date: 2020-04-07
number: 6
previous: pages/art/l/Psychic-Panhandler.md
next: pages/art/l/To-moon.md
---

pages/art/l/To-moon.md
---
name: To Moon
path: "/assets/img/art/To-moon.jpg"
date: 2020-04-08
number: 7
previous: pages/art/l/Serious-Friend.md
next: pages/art/l/Totem-and-star.md
---

pages/art/l/Totem-and-star.md
---
name: Totem and Star
path: "/assets/img/art/Totem-and-star.jpg"
date: 2020-04-09
number: 8
previous: pages/art/l/To-moon.md
next: pages/art/l/angel-dragons-color.md
---

pages/art/l/angel-dragons-color.md
---
name: Angel
path: "/assets/img/art/angel-dragons-color.jpg"
date: 2020-04-10
number: 9
previous: pages/art/l/Totem-and-star.md
next: pages/art/l/arrows-complex.md
---

pages/art/l/arrows-complex.md
---
name: Arrows
path: "/assets/img/art/arrows-complex.jpg"
date: 2020-04-11
number: 10
previous: pages/art/l/angel-dragons-color.md
next: pages/art/l/babybomb-color.md
---

pages/art/l/babybomb-color.md
---
name: Canon Bomb
path: "/assets/img/art/babybomb-color.jpg"
date: 2020-04-12
number: 11
previous: pages/art/l/arrows-complex.md
next: pages/art/l/casual-space-shock.md
---

pages/art/l/casual-space-shock.md
---
name: Casual Space Shock
path: "/assets/img/art/casual-space-shock.jpg"
date: 2020-04-13
number: 12
previous: pages/art/l/babybomb-color.md
next: pages/art/l/constrained.md
---

pages/art/l/constrained.md
---
name: Constrained
path: "/assets/img/art/constrained.jpg"
date: 2020-04-14
number: 13
previous: pages/art/l/casual-space-shock.md
next: pages/art/l/dragon-moon-king-spook.md
---

pages/art/l/dragon-moon-king-spook.md
---
name: Dragon and Smoking Moon
path: "/assets/img/art/dragon-moon-king-spook.jpg"
date: 2020-04-15
number: 14
previous: pages/art/l/constrained.md
next: pages/art/l/eye-within-flower-drawing.md
---

pages/art/l/eye-within-flower-drawing.md
---
name: Flower Eye
path: "/assets/img/art/eye-within-flower-drawing.jpg"
date: 2020-04-16
number: 15
previous: pages/art/l/dragon-moon-king-spook.md
next: pages/art/l/faces-complex-drawing.md
---

pages/art/l/faces-complex-drawing.md
---
name: Faces
path: "/assets/img/art/faces-complex-drawing.jpg"
date: 2020-04-17
number: 16
previous: pages/art/l/eye-within-flower-drawing.md
next: pages/art/l/fire-and-skulls.md
---

pages/art/l/fire-and-skulls.md
---
name: Fox
path: "/assets/img/art/fire-and-skulls.jpg"
date: 2020-04-18
number: 17
previous: pages/art/l/faces-complex-drawing.md
next: pages/art/l/kingspook-color.md
---

pages/art/l/kingspook-color.md
---
name: Kingspook
path: "/assets/img/art/kingspook-color.jpg"
date: 2020-04-19
number: 18
previous: pages/art/l/fire-and-skulls.md
next: pages/art/l/kingspook-complex-drawing.md
---

pages/art/l/kingspook-complex-drawing.md
---
name: Kingspook Etc.
path: "/assets/img/art/kingspook-complex-drawing.jpg"
date: 2020-04-20
number: 19
previous: pages/art/l/kingspook-color.md
next: pages/art/l/lady-searches.md
---

pages/art/l/lady-searches.md
---
name: Lady Searches For a Lover
path: "/assets/img/art/lady-searches.jpg"
date: 2020-04-21
number: 20
previous: pages/art/l/kingspook-complex-drawing.md
next: pages/art/l/life-is-drawing.md
---

pages/art/l/life-is-drawing.md
---
name: This That Life Is
path: "/assets/img/art/life-is-drawing.jpg"
date: 2020-04-22
number: 21
previous: pages/art/l/lady-searches.md
next: pages/art/l/lizard-wizard.md
---

pages/art/l/lizard-wizard.md
---
name: The Lizard Wizard
path: "/assets/img/art/lizard-wizard.jpg"
date: 2020-04-23
number: 22
previous: pages/art/l/life-is-drawing.md
next: pages/art/l/looking-outward.md
---

pages/art/l/looking-outward.md
---
name: Looking Outwards
path: "/assets/img/art/looking-outward.jpg"
date: 2020-04-24
number: 23
previous: pages/art/l/lizard-wizard.md
next: pages/art/l/man-with-knife.md
---

pages/art/l/man-with-knife.md
---
name: Man With Knife
path: "/assets/img/art/man-with-knife.jpg"
date: 2020-04-25
number: 24
previous: pages/art/l/looking-outward.md
next: pages/art/l/misunderstand.md
---

pages/art/l/misunderstand.md
---
name: Misunderstand Me
path: "/assets/img/art/misunderstand.jpg"
date: 2020-04-26
number: 25
previous: pages/art/l/man-with-knife.md
next: pages/art/l/poem-with-kitty.md
---

pages/art/l/poem-with-kitty.md
---
name: Suitcase Beside the Door
path: "/assets/img/art/poem-with-kitty.jpg"
date: 2020-04-27
number: 26
previous: pages/art/l/misunderstand.md
next: pages/art/l/poster.md
---

pages/art/l/poster.md
---
name: Soapy Smith's July 29
path: "/assets/img/art/poster.jpg"
date: 2020-04-28
number: 27
previous: pages/art/l/poem-with-kitty.md
next: pages/art/l/secret-circus.md
---

pages/art/l/secret-circus.md
---
name: Secret Circus
path: "/assets/img/art/secret-circus.jpg"
date: 2020-04-29
number: 28
previous: pages/art/l/poster.md
next: pages/art/l/sequential-symbols-faces.md
---

pages/art/l/sequential-symbols-faces.md
---
name: Comic Frames
path: "/assets/img/art/sequential-symbols-faces.jpg"
date: 2020-04-30
number: 29
previous: pages/art/l/secret-circus.md
next: pages/art/l/serious-sketch.md
---

pages/art/l/serious-sketch.md
---
name: Serious
path: "/assets/img/art/serious-sketch.jpg"
date: 2020-05-01
number: 30
previous: pages/art/l/sequential-symbols-faces.md
next: pages/art/l/smiley.md
---

pages/art/l/smiley.md
---
name: Bug
path: "/assets/img/art/smiley.jpg"
date: 2020-05-02
number: 31
previous: pages/art/l/serious-sketch.md
next: pages/art/l/smiling-red.md
---

pages/art/l/smiling-red.md
---
name: One-eyed Shooter
path: "/assets/img/art/smiling-red.jpg"
date: 2020-05-03
number: 32
previous: pages/art/l/smiley.md
next: pages/art/l/spaceman-etal.md
---

pages/art/l/spaceman-etal.md
---
name: Space Angel
path: "/assets/img/art/spaceman-etal.jpg"
date: 2020-05-04
number: 33
previous: pages/art/l/smiling-red.md
next: pages/art/l/stumbling-thunder.md
---

pages/art/l/stumbling-thunder.md
---
name: Stumbling Thunder
path: "/assets/img/art/stumbling-thunder.jpg"
date: 2020-05-05
number: 34
previous: pages/art/l/spaceman-etal.md
next: pages/art/l/totem-kingspook-gun-flower.md
---

pages/art/l/totem-kingspook-gun-flower.md
---
name: Kingspook Totem
path: "/assets/img/art/totem-kingspook-gun-flower.jpg"
date: 2020-05-06
number: 35
previous: pages/art/l/stumbling-thunder.md
next: pages/art/l/we-hates-the-badgers.md
---

pages/art/l/we-hates-the-badgers.md
---
name: We Hates The Badgers
path: "/assets/img/art/we-hates-the-badgers.jpg"
date: 2020-05-07
number: 36
previous: pages/art/l/totem-kingspook-gun-flower.md
next: pages/art/l/wrestle-with-fire.md
---

pages/art/l/wrestle-with-fire.md
---
name: Wrestle With Fire
path: "/assets/img/art/wrestle-with-fire.jpg"
date: 2020-05-08
number: 37
previous: pages/art/l/we-hates-the-badgers.md
next: pages/art/l/you-must-smoke-color.md
---

pages/art/l/you-must-smoke-color.md
---
name: You Must Smoke This
path: "/assets/img/art/you-must-smoke-color.jpg"
date: 2020-05-09
number: 38
previous: pages/art/l/wrestle-with-fire.md
next: pages/art/l/zaq-024.md
---

pages/art/l/zaq-024.md
---
name: Secret Circus 2
path: "/assets/img/art/zaq-024.jpg"
date: 2020-05-10
number: 39
previous: pages/art/l/you-must-smoke-color.md
next: pages/art/s/Accident-scene.md
---

pages/art/s/Accident-scene.md
---
name: Accident Scene
path: "/assets/img/art/Accident-scene.jpg"
date: 2020-05-11
number: 40
previous: pages/art/l/zaq-024.md
next: pages/art/s/Lucid-Awake.md
---

pages/art/s/Lucid-Awake.md
---
name: Lucid Awake
path: "/assets/img/art/Lucid-Awake.jpg"
date: 2020-05-12
number: 41
previous: pages/art/s/Accident-scene.md
next: pages/art/s/One-night-alive.md
---

pages/art/s/One-night-alive.md
---
name: One Night Alive
path: "/assets/img/art/One-night-alive.jpg"
date: 2020-05-13
number: 42
previous: pages/art/s/Lucid-Awake.md
next: pages/art/s/Record-Cover.md
---

pages/art/s/Record-Cover.md
---
name: Another Stupid Tiny Compilation
path: "/assets/img/art/Record-Cover.jpg"
date: 2020-05-14
number: 43
previous: pages/art/s/One-night-alive.md
next: pages/art/s/cut-a-bloody-swath-color.md
---

pages/art/s/cut-a-bloody-swath-color.md
---
name: Cut a Bloody Swath
path: "/assets/img/art/cut-a-bloody-swath-color.jpg"
date: 2020-05-15
number: 44
previous: pages/art/s/Record-Cover.md
next: pages/art/s/doubts-about-Jesus.md
---

pages/art/s/doubts-about-Jesus.md
---
name: Doubts About Jesus
path: "/assets/img/art/doubts-about-Jesus.jpg"
date: 2020-05-16
number: 45
previous: pages/art/s/cut-a-bloody-swath-color.md
next: pages/art/s/halo-man-color.md
---

pages/art/s/halo-man-color.md
---
name: Halo Head
path: "/assets/img/art/halo-man-color.jpg"
date: 2020-05-17
number: 46
previous: pages/art/s/doubts-about-Jesus.md
next: pages/art/s/item-12-drawing.md
---

pages/art/s/item-12-drawing.md
---
name: Item 12
path: "/assets/img/art/item-12-drawing.jpg"
date: 2020-05-18
number: 47
previous: pages/art/s/halo-man-color.md
next: pages/art/s/orange-figure.md
---

pages/art/s/orange-figure.md
---
name: Orange Marker
path: "/assets/img/art/orange-figure.jpg"
date: 2020-05-19
number: 48
previous: pages/art/s/item-12-drawing.md
next: pages/art/s/oscar-imposter-with-totem.md
---

pages/art/s/oscar-imposter-with-totem.md
---
name: Black Ink Sketch
path: "/assets/img/art/oscar-imposter-with-totem.jpg"
date: 2020-05-20
number: 49
previous: pages/art/s/orange-figure.md
next: pages/art/s/rise-up-drawing.md
---

pages/art/s/rise-up-drawing.md
---
name: Rise Up
path: "/assets/img/art/rise-up-drawing.jpg"
date: 2020-05-21
number: 50
previous: pages/art/s/oscar-imposter-with-totem.md
next: pages/art/s/sequential-people-kitty.md
---

pages/art/s/sequential-people-kitty.md
---
name: More Comic Panels
path: "/assets/img/art/sequential-people-kitty.jpg"
date: 2020-05-22
number: 51
previous: pages/art/s/rise-up-drawing.md
next: pages/art/s/sequential-people-panel.md
---

pages/art/s/sequential-people-panel.md
---
name: 4 Comic Panels
path: "/assets/img/art/sequential-people-panel.jpg"
date: 2020-05-23
number: 52
previous: pages/art/s/sequential-people-kitty.md
next: pages/art/s/smiling-moon-complex.md
---

pages/art/s/smiling-moon-complex.md
---
name: Smiling Moon
path: "/assets/img/art/smiling-moon-complex.jpg"
date: 2020-05-24
number: 53
previous: pages/art/s/sequential-people-panel.md

pages/art/l/Be-No-Peace.md
---
name: Be No Peace Until the Feast
path: "/assets/img/art/Be-No-Peace.jpg"
date: 2020-04-01
number: 0
previous: 
next: pages/art/l/Burn-ya-skin-off.md
---

pages/art/l/Burn-ya-skin-off.md
---
name: Burn Ya Skin Off!
path: "/assets/img/art/Burn-ya-skin-off.jpg"
date: 2020-04-02
number: 1
previous: pages/art/l/Be-No-Peace.md
next: pages/art/l/Hypnotic-Erotic.md
---

pages/art/l/Hypnotic-Erotic.md
---
name: Hypnotic Erotic
path: "/assets/img/art/Hypnotic-Erotic.jpg"
date: 2020-04-03
number: 2
previous: pages/art/l/Burn-ya-skin-off.md
next: pages/art/l/King-Spook-Totem3.md
---

pages/art/l/King-Spook-Totem3.md
---
name: Door No 1 or Door No 2?
path: "/assets/img/art/King-Spook-Totem3.jpg"
date: 2020-04-04
number: 3
previous: pages/art/l/Hypnotic-Erotic.md
next: pages/art/l/Mixed-Sketch.md
---

pages/art/l/Mixed-Sketch.md
---
name: Out/In
path: "/assets/img/art/Mixed-Sketch.jpg"
date: 2020-04-05
number: 4
previous: pages/art/l/King-Spook-Totem3.md
next: pages/art/l/Psychic-Panhandler.md
---

pages/art/l/Psychic-Panhandler.md
---
name: Psychic Panhandler
path: "/assets/img/art/Psychic-Panhandler.jpg"
date: 2020-04-06
number: 5
previous: pages/art/l/Mixed-Sketch.md
next: pages/art/l/Serious-Friend.md
---

pages/art/l/Serious-Friend.md
---
name: I'm not Serious
path: "/assets/img/art/Serious-Friend.jpg"
date: 2020-04-07
number: 6
previous: pages/art/l/Psychic-Panhandler.md
next: pages/art/l/To-moon.md
---

pages/art/l/To-moon.md
---
name: To Moon
path: "/assets/img/art/To-moon.jpg"
date: 2020-04-08
number: 7
previous: pages/art/l/Serious-Friend.md
next: pages/art/l/Totem-and-star.md
---

pages/art/l/Totem-and-star.md
---
name: Totem and Star
path: "/assets/img/art/Totem-and-star.jpg"
date: 2020-04-09
number: 8
previous: pages/art/l/To-moon.md
next: pages/art/l/angel-dragons-color.md
---

pages/art/l/angel-dragons-color.md
---
name: Angel
path: "/assets/img/art/angel-dragons-color.jpg"
date: 2020-04-10
number: 9
previous: pages/art/l/Totem-and-star.md
next: pages/art/l/arrows-complex.md
---

pages/art/l/arrows-complex.md
---
name: Arrows
path: "/assets/img/art/arrows-complex.jpg"
date: 2020-04-11
number: 10
previous: pages/art/l/angel-dragons-color.md
next: pages/art/l/babybomb-color.md
---

pages/art/l/babybomb-color.md
---
name: Canon Bomb
path: "/assets/img/art/babybomb-color.jpg"
date: 2020-04-12
number: 11
previous: pages/art/l/arrows-complex.md
next: pages/art/l/casual-space-shock.md
---

pages/art/l/casual-space-shock.md
---
name: Casual Space Shock
path: "/assets/img/art/casual-space-shock.jpg"
date: 2020-04-13
number: 12
previous: pages/art/l/babybomb-color.md
next: pages/art/l/constrained.md
---

pages/art/l/constrained.md
---
name: Constrained
path: "/assets/img/art/constrained.jpg"
date: 2020-04-14
number: 13
previous: pages/art/l/casual-space-shock.md
next: pages/art/l/dragon-moon-king-spook.md
---

pages/art/l/dragon-moon-king-spook.md
---
name: Dragon and Smoking Moon
path: "/assets/img/art/dragon-moon-king-spook.jpg"
date: 2020-04-15
number: 14
previous: pages/art/l/constrained.md
next: pages/art/l/eye-within-flower-drawing.md
---

pages/art/l/eye-within-flower-drawing.md
---
name: Flower Eye
path: "/assets/img/art/eye-within-flower-drawing.jpg"
date: 2020-04-16
number: 15
previous: pages/art/l/dragon-moon-king-spook.md
next: pages/art/l/faces-complex-drawing.md
---

pages/art/l/faces-complex-drawing.md
---
name: Faces
path: "/assets/img/art/faces-complex-drawing.jpg"
date: 2020-04-17
number: 16
previous: pages/art/l/eye-within-flower-drawing.md
next: pages/art/l/fire-and-skulls.md
---

pages/art/l/fire-and-skulls.md
---
name: Fox
path: "/assets/img/art/fire-and-skulls.jpg"
date: 2020-04-18
number: 17
previous: pages/art/l/faces-complex-drawing.md
next: pages/art/l/kingspook-color.md
---

pages/art/l/kingspook-color.md
---
name: Kingspook
path: "/assets/img/art/kingspook-color.jpg"
date: 2020-04-19
number: 18
previous: pages/art/l/fire-and-skulls.md
next: pages/art/l/kingspook-complex-drawing.md
---

pages/art/l/kingspook-complex-drawing.md
---
name: Kingspook Etc.
path: "/assets/img/art/kingspook-complex-drawing.jpg"
date: 2020-04-20
number: 19
previous: pages/art/l/kingspook-color.md
next: pages/art/l/lady-searches.md
---

pages/art/l/lady-searches.md
---
name: Lady Searches For a Lover
path: "/assets/img/art/lady-searches.jpg"
date: 2020-04-21
number: 20
previous: pages/art/l/kingspook-complex-drawing.md
next: pages/art/l/life-is-drawing.md
---

pages/art/l/life-is-drawing.md
---
name: This That Life Is
path: "/assets/img/art/life-is-drawing.jpg"
date: 2020-04-22
number: 21
previous: pages/art/l/lady-searches.md
next: pages/art/l/lizard-wizard.md
---

pages/art/l/lizard-wizard.md
---
name: The Lizard Wizard
path: "/assets/img/art/lizard-wizard.jpg"
date: 2020-04-23
number: 22
previous: pages/art/l/life-is-drawing.md
next: pages/art/l/looking-outward.md
---

pages/art/l/looking-outward.md
---
name: Looking Outwards
path: "/assets/img/art/looking-outward.jpg"
date: 2020-04-24
number: 23
previous: pages/art/l/lizard-wizard.md
next: pages/art/l/man-with-knife.md
---

pages/art/l/man-with-knife.md
---
name: Man With Knife
path: "/assets/img/art/man-with-knife.jpg"
date: 2020-04-25
number: 24
previous: pages/art/l/looking-outward.md
next: pages/art/l/misunderstand.md
---

pages/art/l/misunderstand.md
---
name: Misunderstand Me
path: "/assets/img/art/misunderstand.jpg"
date: 2020-04-26
number: 25
previous: pages/art/l/man-with-knife.md
next: pages/art/l/poem-with-kitty.md
---

pages/art/l/poem-with-kitty.md
---
name: Suitcase Beside the Door
path: "/assets/img/art/poem-with-kitty.jpg"
date: 2020-04-27
number: 26
previous: pages/art/l/misunderstand.md
next: pages/art/l/poster.md
---

pages/art/l/poster.md
---
name: Soapy Smith's July 29
path: "/assets/img/art/poster.jpg"
date: 2020-04-28
number: 27
previous: pages/art/l/poem-with-kitty.md
next: pages/art/l/secret-circus.md
---

pages/art/l/secret-circus.md
---
name: Secret Circus
path: "/assets/img/art/secret-circus.jpg"
date: 2020-04-29
number: 28
previous: pages/art/l/poster.md
next: pages/art/l/sequential-symbols-faces.md
---

pages/art/l/sequential-symbols-faces.md
---
name: Comic Frames
path: "/assets/img/art/sequential-symbols-faces.jpg"
date: 2020-04-30
number: 29
previous: pages/art/l/secret-circus.md
next: pages/art/l/serious-sketch.md
---

pages/art/l/serious-sketch.md
---
name: Serious
path: "/assets/img/art/serious-sketch.jpg"
date: 2020-05-01
number: 30
previous: pages/art/l/sequential-symbols-faces.md
next: pages/art/l/smiley.md
---

pages/art/l/smiley.md
---
name: Bug
path: "/assets/img/art/smiley.jpg"
date: 2020-05-02
number: 31
previous: pages/art/l/serious-sketch.md
next: pages/art/l/smiling-red.md
---

pages/art/l/smiling-red.md
---
name: One-eyed Shooter
path: "/assets/img/art/smiling-red.jpg"
date: 2020-05-03
number: 32
previous: pages/art/l/smiley.md
next: pages/art/l/spaceman-etal.md
---

pages/art/l/spaceman-etal.md
---
name: Space Angel
path: "/assets/img/art/spaceman-etal.jpg"
date: 2020-05-04
number: 33
previous: pages/art/l/smiling-red.md
next: pages/art/l/stumbling-thunder.md
---

pages/art/l/stumbling-thunder.md
---
name: Stumbling Thunder
path: "/assets/img/art/stumbling-thunder.jpg"
date: 2020-05-05
number: 34
previous: pages/art/l/spaceman-etal.md
next: pages/art/l/totem-kingspook-gun-flower.md
---

pages/art/l/totem-kingspook-gun-flower.md
---
name: Kingspook Totem
path: "/assets/img/art/totem-kingspook-gun-flower.jpg"
date: 2020-05-06
number: 35
previous: pages/art/l/stumbling-thunder.md
next: pages/art/l/we-hates-the-badgers.md
---

pages/art/l/we-hates-the-badgers.md
---
name: We Hates The Badgers
path: "/assets/img/art/we-hates-the-badgers.jpg"
date: 2020-05-07
number: 36
previous: pages/art/l/totem-kingspook-gun-flower.md
next: pages/art/l/wrestle-with-fire.md
---

pages/art/l/wrestle-with-fire.md
---
name: Wrestle With Fire
path: "/assets/img/art/wrestle-with-fire.jpg"
date: 2020-05-08
number: 37
previous: pages/art/l/we-hates-the-badgers.md
next: pages/art/l/you-must-smoke-color.md
---

pages/art/l/you-must-smoke-color.md
---
name: You Must Smoke This
path: "/assets/img/art/you-must-smoke-color.jpg"
date: 2020-05-09
number: 38
previous: pages/art/l/wrestle-with-fire.md
next: pages/art/l/zaq-024.md
---

pages/art/l/zaq-024.md
---
name: Secret Circus 2
path: "/assets/img/art/zaq-024.jpg"
date: 2020-05-10
number: 39
previous: pages/art/l/you-must-smoke-color.md
next: pages/art/s/Accident-scene.md
---

pages/art/s/Accident-scene.md
---
name: Accident Scene
path: "/assets/img/art/Accident-scene.jpg"
date: 2020-05-11
number: 40
previous: pages/art/l/zaq-024.md
next: pages/art/s/Lucid-Awake.md
---

pages/art/s/Lucid-Awake.md
---
name: Lucid Awake
path: "/assets/img/art/Lucid-Awake.jpg"
date: 2020-05-12
number: 41
previous: pages/art/s/Accident-scene.md
next: pages/art/s/One-night-alive.md
---

pages/art/s/One-night-alive.md
---
name: One Night Alive
path: "/assets/img/art/One-night-alive.jpg"
date: 2020-05-13
number: 42
previous: pages/art/s/Lucid-Awake.md
next: pages/art/s/Record-Cover.md
---

pages/art/s/Record-Cover.md
---
name: Another Stupid Tiny Compilation
path: "/assets/img/art/Record-Cover.jpg"
date: 2020-05-14
number: 43
previous: pages/art/s/One-night-alive.md
next: pages/art/s/cut-a-bloody-swath-color.md
---

pages/art/s/cut-a-bloody-swath-color.md
---
name: Cut a Bloody Swath
path: "/assets/img/art/cut-a-bloody-swath-color.jpg"
date: 2020-05-15
number: 44
previous: pages/art/s/Record-Cover.md
next: pages/art/s/doubts-about-Jesus.md
---

pages/art/s/doubts-about-Jesus.md
---
name: Doubts About Jesus
path: "/assets/img/art/doubts-about-Jesus.jpg"
date: 2020-05-16
number: 45
previous: pages/art/s/cut-a-bloody-swath-color.md
next: pages/art/s/halo-man-color.md
---

pages/art/s/halo-man-color.md
---
name: Halo Head
path: "/assets/img/art/halo-man-color.jpg"
date: 2020-05-17
number: 46
previous: pages/art/s/doubts-about-Jesus.md
next: pages/art/s/item-12-drawing.md
---

pages/art/s/item-12-drawing.md
---
name: Item 12
path: "/assets/img/art/item-12-drawing.jpg"
date: 2020-05-18
number: 47
previous: pages/art/s/halo-man-color.md
next: pages/art/s/orange-figure.md
---

pages/art/s/orange-figure.md
---
name: Orange Marker
path: "/assets/img/art/orange-figure.jpg"
date: 2020-05-19
number: 48
previous: pages/art/s/item-12-drawing.md
next: pages/art/s/oscar-imposter-with-totem.md
---

pages/art/s/oscar-imposter-with-totem.md
---
name: Black Ink Sketch
path: "/assets/img/art/oscar-imposter-with-totem.jpg"
date: 2020-05-20
number: 49
previous: pages/art/s/orange-figure.md
next: pages/art/s/rise-up-drawing.md
---

pages/art/s/rise-up-drawing.md
---
name: Rise Up
path: "/assets/img/art/rise-up-drawing.jpg"
date: 2020-05-21
number: 50
previous: pages/art/s/oscar-imposter-with-totem.md
next: pages/art/s/sequential-people-kitty.md
---

pages/art/s/sequential-people-kitty.md
---
name: More Comic Panels
path: "/assets/img/art/sequential-people-kitty.jpg"
date: 2020-05-22
number: 51
previous: pages/art/s/rise-up-drawing.md
next: pages/art/s/sequential-people-panel.md
---

pages/art/s/sequential-people-panel.md
---
name: 4 Comic Panels
path: "/assets/img/art/sequential-people-panel.jpg"
date: 2020-05-23
number: 52
previous: pages/art/s/sequential-people-kitty.md
next: pages/art/s/smiling-moon-complex.md
---

pages/art/s/smiling-moon-complex.md
---
name: Smiling Moon
path: "/assets/img/art/smiling-moon-complex.jpg"
date: 2020-05-24
number: 53
previous: pages/art/s/sequential-people-panel.md
next: pages/art/s/two-panels.md
---

pages/art/s/two-panels.md
---
name: Two Panels
path: "/assets/img/art/two-panels.jpg"
date: 2020-05-25
number: 54
previous: pages/art/s/smiling-moon-complex.md

pages/art/l/Be-No-Peace.md
---
name: Be No Peace Until the Feast
path: "/assets/img/art/Be-No-Peace.jpg"
date: 2020-04-01
number: 0
previous: 
next: pages/art/l/Burn-ya-skin-off.md
---

pages/art/l/Burn-ya-skin-off.md
---
name: Burn Ya Skin Off!
path: "/assets/img/art/Burn-ya-skin-off.jpg"
date: 2020-04-02
number: 1
previous: pages/art/l/Be-No-Peace.md
next: pages/art/l/Hypnotic-Erotic.md
---

pages/art/l/Hypnotic-Erotic.md
---
name: Hypnotic Erotic
path: "/assets/img/art/Hypnotic-Erotic.jpg"
date: 2020-04-03
number: 2
previous: pages/art/l/Burn-ya-skin-off.md
next: pages/art/l/King-Spook-Totem3.md
---

pages/art/l/King-Spook-Totem3.md
---
name: Door No 1 or Door No 2?
path: "/assets/img/art/King-Spook-Totem3.jpg"
date: 2020-04-04
number: 3
previous: pages/art/l/Hypnotic-Erotic.md
next: pages/art/l/Mixed-Sketch.md
---

pages/art/l/Mixed-Sketch.md
---
name: Out/In
path: "/assets/img/art/Mixed-Sketch.jpg"
date: 2020-04-05
number: 4
previous: pages/art/l/King-Spook-Totem3.md
next: pages/art/l/Psychic-Panhandler.md
---

pages/art/l/Psychic-Panhandler.md
---
name: Psychic Panhandler
path: "/assets/img/art/Psychic-Panhandler.jpg"
date: 2020-04-06
number: 5
previous: pages/art/l/Mixed-Sketch.md
next: pages/art/l/Serious-Friend.md
---

pages/art/l/Serious-Friend.md
---
name: I'm not Serious
path: "/assets/img/art/Serious-Friend.jpg"
date: 2020-04-07
number: 6
previous: pages/art/l/Psychic-Panhandler.md
next: pages/art/l/To-moon.md
---

pages/art/l/To-moon.md
---
name: To Moon
path: "/assets/img/art/To-moon.jpg"
date: 2020-04-08
number: 7
previous: pages/art/l/Serious-Friend.md
next: pages/art/l/Totem-and-star.md
---

pages/art/l/Totem-and-star.md
---
name: Totem and Star
path: "/assets/img/art/Totem-and-star.jpg"
date: 2020-04-09
number: 8
previous: pages/art/l/To-moon.md
next: pages/art/l/angel-dragons-color.md
---

pages/art/l/angel-dragons-color.md
---
name: Angel
path: "/assets/img/art/angel-dragons-color.jpg"
date: 2020-04-10
number: 9
previous: pages/art/l/Totem-and-star.md
next: pages/art/l/arrows-complex.md
---

pages/art/l/arrows-complex.md
---
name: Arrows
path: "/assets/img/art/arrows-complex.jpg"
date: 2020-04-11
number: 10
previous: pages/art/l/angel-dragons-color.md
next: pages/art/l/babybomb-color.md
---

pages/art/l/babybomb-color.md
---
name: Canon Bomb
path: "/assets/img/art/babybomb-color.jpg"
date: 2020-04-12
number: 11
previous: pages/art/l/arrows-complex.md
next: pages/art/l/casual-space-shock.md
---

pages/art/l/casual-space-shock.md
---
name: Casual Space Shock
path: "/assets/img/art/casual-space-shock.jpg"
date: 2020-04-13
number: 12
previous: pages/art/l/babybomb-color.md
next: pages/art/l/constrained.md
---

pages/art/l/constrained.md
---
name: Constrained
path: "/assets/img/art/constrained.jpg"
date: 2020-04-14
number: 13
previous: pages/art/l/casual-space-shock.md
next: pages/art/l/dragon-moon-king-spook.md
---

pages/art/l/dragon-moon-king-spook.md
---
name: Dragon and Smoking Moon
path: "/assets/img/art/dragon-moon-king-spook.jpg"
date: 2020-04-15
number: 14
previous: pages/art/l/constrained.md
next: pages/art/l/eye-within-flower-drawing.md
---

pages/art/l/eye-within-flower-drawing.md
---
name: Flower Eye
path: "/assets/img/art/eye-within-flower-drawing.jpg"
date: 2020-04-16
number: 15
previous: pages/art/l/dragon-moon-king-spook.md
next: pages/art/l/faces-complex-drawing.md
---

pages/art/l/faces-complex-drawing.md
---
name: Faces
path: "/assets/img/art/faces-complex-drawing.jpg"
date: 2020-04-17
number: 16
previous: pages/art/l/eye-within-flower-drawing.md
next: pages/art/l/fire-and-skulls.md
---

pages/art/l/fire-and-skulls.md
---
name: Fox
path: "/assets/img/art/fire-and-skulls.jpg"
date: 2020-04-18
number: 17
previous: pages/art/l/faces-complex-drawing.md
next: pages/art/l/kingspook-color.md
---

pages/art/l/kingspook-color.md
---
name: Kingspook
path: "/assets/img/art/kingspook-color.jpg"
date: 2020-04-19
number: 18
previous: pages/art/l/fire-and-skulls.md
next: pages/art/l/kingspook-complex-drawing.md
---

pages/art/l/kingspook-complex-drawing.md
---
name: Kingspook Etc.
path: "/assets/img/art/kingspook-complex-drawing.jpg"
date: 2020-04-20
number: 19
previous: pages/art/l/kingspook-color.md
next: pages/art/l/lady-searches.md
---

pages/art/l/lady-searches.md
---
name: Lady Searches For a Lover
path: "/assets/img/art/lady-searches.jpg"
date: 2020-04-21
number: 20
previous: pages/art/l/kingspook-complex-drawing.md
next: pages/art/l/life-is-drawing.md
---

pages/art/l/life-is-drawing.md
---
name: This That Life Is
path: "/assets/img/art/life-is-drawing.jpg"
date: 2020-04-22
number: 21
previous: pages/art/l/lady-searches.md
next: pages/art/l/lizard-wizard.md
---

pages/art/l/lizard-wizard.md
---
name: The Lizard Wizard
path: "/assets/img/art/lizard-wizard.jpg"
date: 2020-04-23
number: 22
previous: pages/art/l/life-is-drawing.md
next: pages/art/l/looking-outward.md
---

pages/art/l/looking-outward.md
---
name: Looking Outwards
path: "/assets/img/art/looking-outward.jpg"
date: 2020-04-24
number: 23
previous: pages/art/l/lizard-wizard.md
next: pages/art/l/man-with-knife.md
---

pages/art/l/man-with-knife.md
---
name: Man With Knife
path: "/assets/img/art/man-with-knife.jpg"
date: 2020-04-25
number: 24
previous: pages/art/l/looking-outward.md
next: pages/art/l/misunderstand.md
---

pages/art/l/misunderstand.md
---
name: Misunderstand Me
path: "/assets/img/art/misunderstand.jpg"
date: 2020-04-26
number: 25
previous: pages/art/l/man-with-knife.md
next: pages/art/l/poem-with-kitty.md
---

pages/art/l/poem-with-kitty.md
---
name: Suitcase Beside the Door
path: "/assets/img/art/poem-with-kitty.jpg"
date: 2020-04-27
number: 26
previous: pages/art/l/misunderstand.md
next: pages/art/l/poster.md
---

pages/art/l/poster.md
---
name: Soapy Smith's July 29
path: "/assets/img/art/poster.jpg"
date: 2020-04-28
number: 27
previous: pages/art/l/poem-with-kitty.md
next: pages/art/l/secret-circus.md
---

pages/art/l/secret-circus.md
---
name: Secret Circus
path: "/assets/img/art/secret-circus.jpg"
date: 2020-04-29
number: 28
previous: pages/art/l/poster.md
next: pages/art/l/sequential-symbols-faces.md
---

pages/art/l/sequential-symbols-faces.md
---
name: Comic Frames
path: "/assets/img/art/sequential-symbols-faces.jpg"
date: 2020-04-30
number: 29
previous: pages/art/l/secret-circus.md
next: pages/art/l/serious-sketch.md
---

pages/art/l/serious-sketch.md
---
name: Serious
path: "/assets/img/art/serious-sketch.jpg"
date: 2020-05-01
number: 30
previous: pages/art/l/sequential-symbols-faces.md
next: pages/art/l/smiley.md
---

pages/art/l/smiley.md
---
name: Bug
path: "/assets/img/art/smiley.jpg"
date: 2020-05-02
number: 31
previous: pages/art/l/serious-sketch.md
next: pages/art/l/smiling-red.md
---

pages/art/l/smiling-red.md
---
name: One-eyed Shooter
path: "/assets/img/art/smiling-red.jpg"
date: 2020-05-03
number: 32
previous: pages/art/l/smiley.md
next: pages/art/l/spaceman-etal.md
---

pages/art/l/spaceman-etal.md
---
name: Space Angel
path: "/assets/img/art/spaceman-etal.jpg"
date: 2020-05-04
number: 33
previous: pages/art/l/smiling-red.md
next: pages/art/l/stumbling-thunder.md
---

pages/art/l/stumbling-thunder.md
---
name: Stumbling Thunder
path: "/assets/img/art/stumbling-thunder.jpg"
date: 2020-05-05
number: 34
previous: pages/art/l/spaceman-etal.md
next: pages/art/l/totem-kingspook-gun-flower.md
---

pages/art/l/totem-kingspook-gun-flower.md
---
name: Kingspook Totem
path: "/assets/img/art/totem-kingspook-gun-flower.jpg"
date: 2020-05-06
number: 35
previous: pages/art/l/stumbling-thunder.md
next: pages/art/l/we-hates-the-badgers.md
---

pages/art/l/we-hates-the-badgers.md
---
name: We Hates The Badgers
path: "/assets/img/art/we-hates-the-badgers.jpg"
date: 2020-05-07
number: 36
previous: pages/art/l/totem-kingspook-gun-flower.md
next: pages/art/l/wrestle-with-fire.md
---

pages/art/l/wrestle-with-fire.md
---
name: Wrestle With Fire
path: "/assets/img/art/wrestle-with-fire.jpg"
date: 2020-05-08
number: 37
previous: pages/art/l/we-hates-the-badgers.md
next: pages/art/l/you-must-smoke-color.md
---

pages/art/l/you-must-smoke-color.md
---
name: You Must Smoke This
path: "/assets/img/art/you-must-smoke-color.jpg"
date: 2020-05-09
number: 38
previous: pages/art/l/wrestle-with-fire.md
next: pages/art/l/zaq-024.md
---

pages/art/l/zaq-024.md
---
name: Secret Circus 2
path: "/assets/img/art/zaq-024.jpg"
date: 2020-05-10
number: 39
previous: pages/art/l/you-must-smoke-color.md
next: pages/art/s/Accident-scene.md
---

pages/art/s/Accident-scene.md
---
name: Accident Scene
path: "/assets/img/art/Accident-scene.jpg"
date: 2020-05-11
number: 40
previous: pages/art/l/zaq-024.md
next: pages/art/s/Lucid-Awake.md
---

pages/art/s/Lucid-Awake.md
---
name: Lucid Awake
path: "/assets/img/art/Lucid-Awake.jpg"
date: 2020-05-12
number: 41
previous: pages/art/s/Accident-scene.md
next: pages/art/s/One-night-alive.md
---

pages/art/s/One-night-alive.md
---
name: One Night Alive
path: "/assets/img/art/One-night-alive.jpg"
date: 2020-05-13
number: 42
previous: pages/art/s/Lucid-Awake.md
next: pages/art/s/Record-Cover.md
---

pages/art/s/Record-Cover.md
---
name: Another Stupid Tiny Compilation
path: "/assets/img/art/Record-Cover.jpg"
date: 2020-05-14
number: 43
previous: pages/art/s/One-night-alive.md
next: pages/art/s/cut-a-bloody-swath-color.md
---

pages/art/s/cut-a-bloody-swath-color.md
---
name: Cut a Bloody Swath
path: "/assets/img/art/cut-a-bloody-swath-color.jpg"
date: 2020-05-15
number: 44
previous: pages/art/s/Record-Cover.md
next: pages/art/s/doubts-about-Jesus.md
---

pages/art/s/doubts-about-Jesus.md
---
name: Doubts About Jesus
path: "/assets/img/art/doubts-about-Jesus.jpg"
date: 2020-05-16
number: 45
previous: pages/art/s/cut-a-bloody-swath-color.md
next: pages/art/s/halo-man-color.md
---

pages/art/s/halo-man-color.md
---
name: Halo Head
path: "/assets/img/art/halo-man-color.jpg"
date: 2020-05-17
number: 46
previous: pages/art/s/doubts-about-Jesus.md
next: pages/art/s/item-12-drawing.md
---

pages/art/s/item-12-drawing.md
---
name: Item 12
path: "/assets/img/art/item-12-drawing.jpg"
date: 2020-05-18
number: 47
previous: pages/art/s/halo-man-color.md
next: pages/art/s/orange-figure.md
---

pages/art/s/orange-figure.md
---
name: Orange Marker
path: "/assets/img/art/orange-figure.jpg"
date: 2020-05-19
number: 48
previous: pages/art/s/item-12-drawing.md
next: pages/art/s/oscar-imposter-with-totem.md
---

pages/art/s/oscar-imposter-with-totem.md
---
name: Black Ink Sketch
path: "/assets/img/art/oscar-imposter-with-totem.jpg"
date: 2020-05-20
number: 49
previous: pages/art/s/orange-figure.md
next: pages/art/s/rise-up-drawing.md
---

pages/art/s/rise-up-drawing.md
---
name: Rise Up
path: "/assets/img/art/rise-up-drawing.jpg"
date: 2020-05-21
number: 50
previous: pages/art/s/oscar-imposter-with-totem.md
next: pages/art/s/sequential-people-kitty.md
---

pages/art/s/sequential-people-kitty.md
---
name: More Comic Panels
path: "/assets/img/art/sequential-people-kitty.jpg"
date: 2020-05-22
number: 51
previous: pages/art/s/rise-up-drawing.md
next: pages/art/s/sequential-people-panel.md
---

pages/art/s/sequential-people-panel.md
---
name: 4 Comic Panels
path: "/assets/img/art/sequential-people-panel.jpg"
date: 2020-05-23
number: 52
previous: pages/art/s/sequential-people-kitty.md
next: pages/art/s/smiling-moon-complex.md
---

pages/art/s/smiling-moon-complex.md
---
name: Smiling Moon
path: "/assets/img/art/smiling-moon-complex.jpg"
date: 2020-05-24
number: 53
previous: pages/art/s/sequential-people-panel.md
next: pages/art/s/two-panels.md
---

pages/art/s/two-panels.md
---
name: Two Panels
path: "/assets/img/art/two-panels.jpg"
date: 2020-05-25
number: 54
previous: pages/art/s/smiling-moon-complex.md
next: pages/art/s/winged-human.md
---

pages/art/s/winged-human.md
---
name: Winged Man Cut-out
path: "/assets/img/art/winged-human.jpg"
date: 2020-05-26
number: 55
previous: pages/art/s/two-panels.md
next: 
---

